08-03 23:32:57.883 D/WhizNavHost(31142):   previousFromAssistant: false
08-03 23:32:57.883 D/WhizNavHost(31142):   currentFromAssistant: false
08-03 23:32:57.883 D/WhizNavHost(31142):   final fromAssistant: true
08-03 23:32:58.066 D/WhizNavHost(31142): 🔐 Current route: login, fromAssistant: true
08-03 23:32:58.068 I/ActivityTaskManager( 1947): Displayed com.example.whiz.debug/com.example.whiz.MainActivity for user 0: +737ms
08-03 23:32:58.081 D/MainActivity(31142): 🔍 handleIntentNavigation called - using getIntent(): Intent { flg=0x10000000 xflg=0x5 cmp=com.example.whiz.debug/com.example.whiz.MainActivity (has extras) }
08-03 23:32:58.081 D/MainActivity(31142): 🔍 DEBUG: CREATE_NEW_CHAT_ON_START flag at start of handleIntentNavigation: true
08-03 23:32:58.081 D/MainActivity(31142): 🔍 handleIntentNavigation called from: access$handleIntentNavigation
08-03 23:32:58.081 D/MainActivity(31142): 🚨 CREATE_NEW_CHAT_ON_START flag detected, navigating to new chat screen
08-03 23:32:58.081 D/MainActivity(31142): 🚨 Voice launch navigation needed - navigating from login to assistant_chat
08-03 23:32:58.081 D/MainActivity(31142): 🚨 Note: Not pre-creating optimistic chat - ChatViewModel will create it when message is sent
08-03 23:32:58.081 D/MainActivity(31142): 🚨 About to call navigateWhenReady for assistant_chat
08-03 23:32:58.083 D/MainActivity(31142): 🚨 NAVIGATE: About to navigate to assistant_chat (clearBackStack: false)
08-03 23:32:58.083 D/MainActivity(31142): 🚨 NAVIGATE: Current destination before nav: login
08-03 23:32:58.088 D/MainActivity(31142): 🚨 NAVIGATE: Navigation completed, current destination: assistant_chat
08-03 23:32:58.088 D/MainActivity(31142): 🚨 Inside navigateWhenReady callback - navigation should be complete
08-03 23:32:58.088 D/MainActivity(31142): Setting ENABLE_VOICE_MODE to true in savedStateHandle
08-03 23:32:58.088 D/MainActivity(31142): 🧹 CLEARING intent extras after new chat navigation
08-03 23:32:58.088 D/MainActivity(31142): 🧹 Intent extras cleared - future resume should not create new chat
08-03 23:32:58.115 D/CoreBackPreview( 1947): Window{1c85baa u0 com.example.whiz.debug/com.example.whiz.MainActivity}: Setting back callback OnBackInvokedCallbackInfo{mCallback=android.window.IOnBackInvokedCallback$Stub$Proxy@794c872, mPriority=0, mIsAnimationCallback=true, mOverrideBehavior=0}
08-03 23:32:59.495 W/ActivityTaskManager( 1947): Force removing ActivityRecord{215105331 u0 com.example.whiz.debug/com.example.whiz.MainActivity t42775 f}}: app died, no saved state
08-03 23:32:59.507 V/WindowManagerShell( 3337): Transition requested (#5435): android.os.BinderProxy@f747f28 TransitionRequestInfo { type = CLOSE, triggerTask = TaskInfo{userId=0 taskId=42775 effectiveUid=13030 displayId=0 isRunning=false baseIntent=Intent { flg=0x10000000 cmp=com.example.whiz.debug/com.example.whiz.MainActivity } baseActivity=null topActivity=null origActivity=null realActivity=ComponentInfo{com.example.whiz.debug/com.example.whiz.MainActivity} numActivities=0 lastActiveTime=369576058 supportsMultiWindow=true resizeMode=1 isResizeable=true minWidth=-1 minHeight=-1 defaultMinSize=220 token=WCT{android.window.IWindowContainerToken$Stub$Proxy@4488441} topActivityType=1 pictureInPictureParams=null shouldDockBigOverlays=false launchIntoPipHostTaskId=-1 lastParentTaskIdBeforePip=-1 displayCutoutSafeInsets=Rect(0, 0 - 0, 0) topActivityInfo=null launchCookies=[] positionInParent=Point(0, 0) parentTaskId=-1 isFocused=true isVisible=true isVisibleRequested=true isTopActivityNoDisplay=false isSleeping=false locusId=null displayAreaFeatureId=1 isTopActivityTransparent=false isActivityStackTransparent=true lastNonFullscreenBounds=Rect(276, 694 - 804, 1774) capturedLink=null capturedLinkTimestamp=0 requestedVisibleTypes=-9 topActivityRequestOpenInBrowserEducationTimestamp=0 appCompatTaskInfo=AppCompatTaskInfo { topActivityInSizeCompat=false eligibleForLetterboxEducation= false isLetterboxEducationEnabled= false isLetterboxDoubleTapEnabled= false eligibleForUserAspectRatioButton= false topActivityBoundsLetterboxed= false isFromLetterboxDoubleTap= false topActivityLetterboxVerticalPosition= -1 topActivityLetterboxHorizontalPosition= -1 topActivityLetterboxWidth=-1 topActivityLetterboxHeight=-1 topActivityAppBounds=Rect(0, 0 - 0, 0) isUserFullscreenOverrideEnabled=false isSystemFullscreenOverrideEnabled=false hasMinAspectRatioOverride=false topActivityLetterboxBounds=null cameraCompatTaskInfo=CameraCompatTaskInfo { freeformCameraCompatMode=undefined}} topActivityMainWindowFrame=null}, pipChange = null, remoteTransition = null, displayChange = null, flags = 0, debugId = 5435 }
08-03 23:32:59.552 V/WindowManager( 1947): Sent Transition (#5435) createdAt=08-03 23:32:59.495 via request=TransitionRequestInfo { type = CLOSE, triggerTask = TaskInfo{userId=0 taskId=42775 effectiveUid=13030 displayId=0 isRunning=false baseIntent=Intent { flg=0x10000000 cmp=com.example.whiz.debug/com.example.whiz.MainActivity } baseActivity=null topActivity=null origActivity=null realActivity=ComponentInfo{com.example.whiz.debug/com.example.whiz.MainActivity} numActivities=0 lastActiveTime=369576058 supportsMultiWindow=true resizeMode=1 isResizeable=true minWidth=-1 minHeight=-1 defaultMinSize=220 token=WCT{RemoteToken{4594bc Task{129ba7c #42775 type=standard A=13030:com.example.whiz.debug}}} topActivityType=1 pictureInPictureParams=null shouldDockBigOverlays=false launchIntoPipHostTaskId=-1 lastParentTaskIdBeforePip=-1 displayCutoutSafeInsets=Rect(0, 0 - 0, 0) topActivityInfo=null launchCookies=[] positionInParent=Point(0, 0) parentTaskId=-1 isFocused=true isVisible=true isVisibleRequested=true isTopActivityNoDisplay=false isSleeping=false locusId=null displayAreaFeatureId=1 isTopActivityTransparent=false isActivityStackTransparent=true lastNonFullscreenBounds=Rect(276, 694 - 804, 1774) capturedLink=null capturedLinkTimestamp=0 requestedVisibleTypes=-9 topActivityRequestOpenInBrowserEducationTimestamp=0 appCompatTaskInfo=AppCompatTaskInfo { topActivityInSizeCompat=false eligibleForLetterboxEducation= false isLetterboxEducationEnabled= false isLetterboxDoubleTapEnabled= false eligibleForUserAspectRatioButton= false topActivityBoundsLetterboxed= false isFromLetterboxDoubleTap= false topActivityLetterboxVerticalPosition= -1 topActivityLetterboxHorizontalPosition= -1 topActivityLetterboxWidth=-1 topActivityLetterboxHeight=-1 topActivityAppBounds=Rect(0, 0 - 0, 0) isUserFullscreenOverrideEnabled=false isSystemFullscreenOverrideEnabled=false hasMinAspectRatioOverride=false topActivityLetterboxBounds=null cameraCompatTaskInfo=CameraCompatTaskInfo { freeformCameraCompatMode=undefined}} topActivityMainWindowFrame=null}, pipChange = null, remoteTransition = null, displayChange = null, flags = 0, debugId = 5435 }
08-03 23:32:59.557 I/WindowManager( 1947): WIN DEATH: Window{1c85baa u0 com.example.whiz.debug/com.example.whiz.MainActivity}
08-03 23:32:59.935 W/WindowManager( 1947): Exception thrown during dispatchAppVisibility Window{1c85baa u0 com.example.whiz.debug/com.example.whiz.MainActivity EXITING}
08-03 23:33:58.523 I/outlook.platformSDK(31339): IsFeatureEnabled Partner[SchedulingAssistant] Requirements[intentDrivenSchedulingV2(false)] IsOn[false]
08-03 23:33:58.523 I/outlook.platformSDK(31339): Skipping loading [SchedulingAssistant] since requirements not fulfilled.
08-03 23:33:59.323 I/outlook.platformSDK(31339): Skipping loading [SchedulingAssistant] since requirements not fulfilled.
08-03 23:41:13.815 I/AssistantDictationServiceImpl( 8559): AssistantDictationServiceImpl.keyboardActiveSession():100 #keyboardActiveSession [SD]
08-03 23:41:13.849 I/NgaStateManager( 8559): NgaStateManager.setAssistantDictationEligibility():183 AssistantDictationEligibility = 1 [SDG]
08-03 23:41:13.849 I/NgaStateManager( 8559): NgaStateManager.setAssistantDictationEligibility():195 AssistantDictationEligibility(config, en-US) = 1 [SDG]
08-03 23:41:13.849 I/NgaStateManager( 8559): NgaStateManager.setAssistantDictationEligibility():195 AssistantDictationEligibility(config, zh-CN) = 28 [SDG]
08-03 23:41:13.849 I/NgaStateManager( 8559): NgaStateManager.setAssistantDictationEligibility():202 AssistantDictationEligibility(inputField) = 1 [SDG]
08-03 23:41:13.855 I/NgaStateManager( 8559): NgaStateManager.setAssistantDictationEligibility():183 AssistantDictationEligibility = 1 [SDG]
08-03 23:41:13.855 I/NgaStateManager( 8559): NgaStateManager.setAssistantDictationEligibility():195 AssistantDictationEligibility(config, en-US) = 1 [SDG]
08-03 23:41:13.855 I/NgaStateManager( 8559): NgaStateManager.setAssistantDictationEligibility():195 AssistantDictationEligibility(config, zh-CN) = 28 [SDG]
08-03 23:41:13.855 I/NgaStateManager( 8559): NgaStateManager.setAssistantDictationEligibility():202 AssistantDictationEligibility(inputField) = 1 [SDG]
08-03 23:41:13.861 I/NgaStateManager( 8559): NgaStateManager.setAssistantDictationEligibility():183 AssistantDictationEligibility = 1 [SDG]
08-03 23:41:13.861 I/NgaStateManager( 8559): NgaStateManager.setAssistantDictationEligibility():195 AssistantDictationEligibility(config, en-US) = 1 [SDG]
08-03 23:41:13.861 I/NgaStateManager( 8559): NgaStateManager.setAssistantDictationEligibility():195 AssistantDictationEligibility(config, zh-CN) = 28 [SDG]
08-03 23:41:13.861 I/NgaStateManager( 8559): NgaStateManager.setAssistantDictationEligibility():202 AssistantDictationEligibility(inputField) = 1 [SDG]
08-03 23:41:13.864 I/NgaStateManager( 8559): NgaStateManager.setAssistantDictationEligibility():183 AssistantDictationEligibility = 1 [SDG]
08-03 23:41:13.864 I/NgaStateManager( 8559): NgaStateManager.setAssistantDictationEligibility():195 AssistantDictationEligibility(config, en-US) = 1 [SDG]
08-03 23:41:13.864 I/NgaStateManager( 8559): NgaStateManager.setAssistantDictationEligibility():195 AssistantDictationEligibility(config, zh-CN) = 28 [SDG]
08-03 23:41:13.864 I/NgaStateManager( 8559): NgaStateManager.setAssistantDictationEligibility():202 AssistantDictationEligibility(inputField) = 1 [SDG]
08-03 23:41:29.030 I/NgaStateManager( 8559): NgaStateManager.setAssistantDictationEligibility():183 AssistantDictationEligibility = 1 [SDG]
08-03 23:41:29.030 I/NgaStateManager( 8559): NgaStateManager.setAssistantDictationEligibility():195 AssistantDictationEligibility(config, en-US) = 1 [SDG]
08-03 23:41:29.030 I/NgaStateManager( 8559): NgaStateManager.setAssistantDictationEligibility():195 AssistantDictationEligibility(config, zh-CN) = 28 [SDG]
08-03 23:41:29.030 I/NgaStateManager( 8559): NgaStateManager.setAssistantDictationEligibility():202 AssistantDictationEligibility(inputField) = 1 [SDG]
08-03 23:41:29.039 I/NgaStateManager( 8559): NgaStateManager.setAssistantDictationEligibility():183 AssistantDictationEligibility = 1 [SDG]
08-03 23:41:29.039 I/NgaStateManager( 8559): NgaStateManager.setAssistantDictationEligibility():195 AssistantDictationEligibility(config, en-US) = 1 [SDG]
08-03 23:41:29.039 I/NgaStateManager( 8559): NgaStateManager.setAssistantDictationEligibility():195 AssistantDictationEligibility(config, zh-CN) = 28 [SDG]
08-03 23:41:29.039 I/NgaStateManager( 8559): NgaStateManager.setAssistantDictationEligibility():202 AssistantDictationEligibility(inputField) = 1 [SDG]
08-03 23:41:30.031 I/KeyboardActiveSessionStreamManager( 8559): KeyboardActiveSessionStreamManager$AssistantEventObserver.onCompleted():256 Assistant event stream completed. [SDG]
08-03 23:42:10.040 W/ActivityTaskManager( 1947): startActivity called from non-Activity context; forcing Intent.FLAG_ACTIVITY_NEW_TASK for: Intent { act=android.intent.action.VIEW dat=https://www.reddit.com/... flg=0x800000 xflg=0x4 pkg=com.android.chrome cmp=com.android.chrome/com.google.android.apps.chrome.IntentDispatcher (has extras) }
08-03 23:42:11.952 D/AlphabeticIndexCompat( 3678): computeSectionName: cs: Gemini sectionName: G
08-03 23:42:11.968 D/AlphabeticalAppsList( 3678): addAppsWithSections: adding sectionName: G with appInfoTitle: Gemini
08-03 23:42:11.969 D/AlphabeticalAppsList( 3678): addAppsWithSections: adding sectionName: G with appInfoTitle: Gemini
08-03 23:42:12.788 D/AlphabeticIndexCompat( 3678): computeSectionName: cs: Gemini sectionName: G
08-03 23:42:12.806 D/AlphabeticalAppsList( 3678): addAppsWithSections: adding sectionName: G with appInfoTitle: Gemini
08-03 23:42:12.816 D/AlphabeticalAppsList( 3678): addAppsWithSections: adding sectionName: G with appInfoTitle: Gemini
08-03 23:42:13.570 D/AlphabeticIndexCompat( 3678): computeSectionName: cs: Gemini sectionName: G
08-03 23:42:14.250 D/AlphabeticIndexCompat( 3678): computeSectionName: cs: Gemini sectionName: G
08-03 23:42:14.269 D/AlphabeticalAppsList( 3678): addAppsWithSections: adding sectionName: G with appInfoTitle: Gemini
08-03 23:42:14.273 D/AlphabeticalAppsList( 3678): addAppsWithSections: adding sectionName: G with appInfoTitle: Gemini
08-03 23:42:14.274 D/AlphabeticalAppsList( 3678): addAppsWithSections: adding sectionName: G with appInfoTitle: Gemini
08-03 23:42:14.275 D/AlphabeticalAppsList( 3678): addAppsWithSections: adding sectionName: G with appInfoTitle: Gemini
08-03 23:47:01.239 D/AlphabeticIndexCompat( 3678): computeSectionName: cs: Gemini sectionName: G
08-03 23:47:01.257 D/AlphabeticalAppsList( 3678): addAppsWithSections: adding sectionName: G with appInfoTitle: Gemini
08-03 23:47:01.259 D/AlphabeticalAppsList( 3678): addAppsWithSections: adding sectionName: G with appInfoTitle: Gemini
08-03 23:47:02.002 D/AlphabeticIndexCompat( 3678): computeSectionName: cs: Gemini sectionName: G
08-03 23:47:02.733 D/AlphabeticIndexCompat( 3678): computeSectionName: cs: Gemini sectionName: G
08-03 23:47:02.756 D/AlphabeticalAppsList( 3678): addAppsWithSections: adding sectionName: G with appInfoTitle: Gemini
08-03 23:47:02.760 D/AlphabeticalAppsList( 3678): addAppsWithSections: adding sectionName: G with appInfoTitle: Gemini
08-03 23:47:02.763 D/AlphabeticalAppsList( 3678): addAppsWithSections: adding sectionName: G with appInfoTitle: Gemini
08-03 23:47:02.763 D/AlphabeticalAppsList( 3678): addAppsWithSections: adding sectionName: G with appInfoTitle: Gemini
08-03 23:48:01.399 D/AlphabeticIndexCompat( 3678): computeSectionName: cs: Gemini sectionName: G
08-03 23:48:01.428 D/AlphabeticalAppsList( 3678): addAppsWithSections: adding sectionName: G with appInfoTitle: Gemini
08-03 23:48:01.432 D/AlphabeticalAppsList( 3678): addAppsWithSections: adding sectionName: G with appInfoTitle: Gemini
08-03 23:48:02.399 D/AlphabeticIndexCompat( 3678): computeSectionName: cs: Gemini sectionName: G
08-03 23:48:03.334 D/AlphabeticIndexCompat( 3678): computeSectionName: cs: Gemini sectionName: G
08-03 23:48:03.356 D/AlphabeticalAppsList( 3678): addAppsWithSections: adding sectionName: G with appInfoTitle: Gemini
08-03 23:48:03.361 D/AlphabeticalAppsList( 3678): addAppsWithSections: adding sectionName: G with appInfoTitle: Gemini
08-03 23:48:04.126 D/AlphabeticIndexCompat( 3678): computeSectionName: cs: Gemini sectionName: G
08-03 23:48:04.155 D/AlphabeticalAppsList( 3678): addAppsWithSections: adding sectionName: G with appInfoTitle: Gemini
08-03 23:48:04.155 D/AlphabeticalAppsList( 3678): addAppsWithSections: adding sectionName: G with appInfoTitle: Gemini
08-03 23:48:04.156 D/AlphabeticalAppsList( 3678): addAppsWithSections: adding sectionName: G with appInfoTitle: Gemini
08-03 23:48:04.157 D/AlphabeticalAppsList( 3678): addAppsWithSections: adding sectionName: G with appInfoTitle: Gemini
08-03 23:49:40.868 I/outlook.platformSDK(31339): Skipping loading [SchedulingAssistant] since requirements not fulfilled.
08-03 23:49:40.881 I/outlook.platformSDK(31339): Skipping loading [SchedulingAssistant] since requirements not fulfilled.
08-03 23:49:40.927 I/outlook.platformSDK(31339): Skipping loading [SchedulingAssistant] since requirements not fulfilled.
08-03 23:57:43.792 D/AlphabeticalAppsList( 3678): addAppsWithSections: adding sectionName: G with appInfoTitle: Gemini
08-03 23:57:43.795 D/AlphabeticalAppsList( 3678): addAppsWithSections: adding sectionName: G with appInfoTitle: Gemini
08-03 23:57:55.191 W/ActivityTaskManager( 1947): startActivity called from non-Activity context; forcing Intent.FLAG_ACTIVITY_NEW_TASK for: Intent { act=android.intent.action.VIEW dat=https://www.reddit.com/... flg=0x800000 xflg=0x4 pkg=com.android.chrome cmp=com.android.chrome/com.google.android.apps.chrome.IntentDispatcher (has extras) }
08-03 23:57:56.836 D/AlphabeticIndexCompat( 3678): computeSectionName: cs: Gemini sectionName: G
08-03 23:57:56.855 D/AlphabeticalAppsList( 3678): addAppsWithSections: adding sectionName: G with appInfoTitle: Gemini
08-03 23:57:56.861 D/AlphabeticalAppsList( 3678): addAppsWithSections: adding sectionName: G with appInfoTitle: Gemini
08-03 23:57:57.484 D/AlphabeticIndexCompat( 3678): computeSectionName: cs: Gemini sectionName: G
08-03 23:57:58.178 D/AlphabeticIndexCompat( 3678): computeSectionName: cs: Gemini sectionName: G
08-03 23:57:58.861 D/AlphabeticIndexCompat( 3678): computeSectionName: cs: Gemini sectionName: G
08-03 23:57:58.876 D/AlphabeticalAppsList( 3678): addAppsWithSections: adding sectionName: G with appInfoTitle: Gemini
08-03 23:57:58.877 D/AlphabeticalAppsList( 3678): addAppsWithSections: adding sectionName: G with appInfoTitle: Gemini
08-03 23:57:58.878 D/AlphabeticalAppsList( 3678): addAppsWithSections: adding sectionName: G with appInfoTitle: Gemini
08-03 23:57:58.879 D/AlphabeticalAppsList( 3678): addAppsWithSections: adding sectionName: G with appInfoTitle: Gemini
08-03 23:57:58.879 D/AlphabeticalAppsList( 3678): addAppsWithSections: adding sectionName: G with appInfoTitle: Gemini
08-03 23:57:58.880 D/AlphabeticalAppsList( 3678): addAppsWithSections: adding sectionName: G with appInfoTitle: Gemini
08-04 00:00:00.193 D/AlphabeticalAppsList( 3678): addAppsWithSections: adding sectionName: G with appInfoTitle: Gemini
08-04 00:00:00.193 D/AlphabeticalAppsList( 3678): addAppsWithSections: adding sectionName: G with appInfoTitle: Gemini
08-04 00:00:00.512 D/AlphabeticalAppsList( 3678): addAppsWithSections: adding sectionName: G with appInfoTitle: Gemini
08-04 00:00:00.513 D/AlphabeticalAppsList( 3678): addAppsWithSections: adding sectionName: G with appInfoTitle: Gemini
08-04 00:00:00.571 D/AlphabeticalAppsList( 3678): addAppsWithSections: adding sectionName: G with appInfoTitle: Gemini
08-04 00:00:00.572 D/AlphabeticalAppsList( 3678): addAppsWithSections: adding sectionName: G with appInfoTitle: Gemini
08-04 00:00:01.059 D/AlphabeticIndexCompat( 3678): computeSectionName: cs: Gemini sectionName: G
08-04 00:00:01.516 D/AlphabeticIndexCompat( 3678): computeSectionName: cs: Gemini sectionName: G
08-04 00:00:01.881 D/AlphabeticIndexCompat( 3678): computeSectionName: cs: Gemini sectionName: G
08-04 00:00:01.895 D/AlphabeticalAppsList( 3678): addAppsWithSections: adding sectionName: G with appInfoTitle: Gemini
08-04 00:00:01.899 D/AlphabeticalAppsList( 3678): addAppsWithSections: adding sectionName: G with appInfoTitle: Gemini
08-04 00:02:01.093 D/AlphabeticalAppsList( 3678): addAppsWithSections: adding sectionName: G with appInfoTitle: Gemini
08-04 00:02:01.094 D/AlphabeticalAppsList( 3678): addAppsWithSections: adding sectionName: G with appInfoTitle: Gemini
08-04 00:02:01.538 D/AlphabeticIndexCompat( 3678): computeSectionName: cs: Gemini sectionName: G
08-04 00:03:01.545 D/AlphabeticIndexCompat( 3678): computeSectionName: cs: Gemini sectionName: G
08-04 00:03:01.553 D/AlphabeticalAppsList( 3678): addAppsWithSections: adding sectionName: G with appInfoTitle: Gemini
08-04 00:03:01.554 D/AlphabeticalAppsList( 3678): addAppsWithSections: adding sectionName: G with appInfoTitle: Gemini
08-04 00:03:01.943 D/AlphabeticIndexCompat( 3678): computeSectionName: cs: Gemini sectionName: G
08-04 00:03:01.957 D/AlphabeticalAppsList( 3678): addAppsWithSections: adding sectionName: G with appInfoTitle: Gemini
08-04 00:03:01.961 D/AlphabeticalAppsList( 3678): addAppsWithSections: adding sectionName: G with appInfoTitle: Gemini
08-04 00:06:36.679 I/ajao    (11517): #isGeminiDefaultSystemFeatureEnabled: false
08-04 00:06:36.693 I/diiz    (11517): (REDACTED) isAppDefaultAssistant setting: %s
08-04 00:06:36.693 I/diiz    (11517): (REDACTED) isAppDefaultAssistant defaultComponentName: %s
08-04 00:06:36.694 I/diiz    (11517): (REDACTED) isAppDefaultAssistant setting: %s
08-04 00:06:36.694 I/diiz    (11517): (REDACTED) isAppDefaultAssistant defaultComponentName: %s
08-04 00:06:36.694 I/diiz    (11517): (REDACTED) isAppDefaultAssistant setting: %s
08-04 00:06:36.694 I/diiz    (11517): (REDACTED) isAppDefaultAssistant defaultComponentName: %s
08-04 00:06:36.695 I/diiz    (11517): (REDACTED) isAppDefaultAssistant setting: %s
08-04 00:06:36.695 I/diiz    (11517): (REDACTED) isAppDefaultAssistant defaultComponentName: %s
08-04 00:06:36.702 I/ajao    (11517): #isGeminiDefaultSystemFeatureEnabled: false
08-04 00:06:36.745 I/avpj    (23350): (REDACTED) #shouldLaunchGeminiLiveOnXR entryPoint:(%s/%s), isXR:%s flags(pui:%s, launcher:%s, xrHeyg:%s)
08-04 00:06:36.749 I/aqjy    (23350): #shouldTriggerSafeguardsForAssistantDisabled passed
08-04 00:06:36.754 I/ajao    (23350): #isGeminiDefaultSystemFeatureEnabled: false
08-04 00:06:36.754 I/ahkv    (23350): default device upsell: not a Gemini default device.
08-04 00:06:36.755 I/ajao    (23350): #isGeminiDefaultSystemFeatureEnabled: false
08-04 00:06:36.760 I/ajao    (23350): #isGeminiDefaultSystemFeatureEnabled: false
08-04 00:06:36.761 I/ajao    (23350): #isGeminiDefaultSystemFeatureEnabled: false
08-04 00:06:36.859 I/diiz    (23350): (REDACTED) isAppDefaultAssistant setting: %s
08-04 00:06:36.859 I/diiz    (23350): (REDACTED) isAppDefaultAssistant defaultComponentName: %s
08-04 00:06:36.863 I/diiz    (23350): (REDACTED) isAppDefaultAssistant setting: %s
08-04 00:06:36.863 I/diiz    (23350): (REDACTED) isAppDefaultAssistant defaultComponentName: %s
08-04 00:06:36.865 I/diiz    (23350): (REDACTED) isAppDefaultAssistant setting: %s
08-04 00:06:36.865 I/diiz    (23350): (REDACTED) isAppDefaultAssistant defaultComponentName: %s
08-04 00:06:36.866 I/diiz    (23350): (REDACTED) isAppDefaultAssistant setting: %s
08-04 00:06:36.866 I/diiz    (23350): (REDACTED) isAppDefaultAssistant defaultComponentName: %s
08-04 00:06:36.870 I/diiz    (23350): (REDACTED) isAppDefaultAssistant setting: %s
08-04 00:06:36.870 I/diiz    (23350): (REDACTED) isAppDefaultAssistant defaultComponentName: %s
08-04 00:06:36.882 I/ajao    (23350): #isGeminiDefaultSystemFeatureEnabled: false
08-04 00:06:36.891 I/arlv    (23350): Gemini Live not triggered in background mode: flag not setted
08-04 00:06:36.891 I/avpj    (23350): (REDACTED) #shouldLaunchGeminiLiveOnXR entryPoint:(%s/%s), isXR:%s flags(pui:%s, launcher:%s, xrHeyg:%s)
08-04 00:06:36.891 I/diiz    (23350): (REDACTED) isAppDefaultAssistant setting: %s
08-04 00:06:36.891 I/diiz    (23350): (REDACTED) isAppDefaultAssistant defaultComponentName: %s
08-04 00:06:36.903 I/avpj    (23350): (REDACTED) #shouldLaunchGeminiLiveOnXR entryPoint:(%s/%s), isXR:%s flags(pui:%s, launcher:%s, xrHeyg:%s)
08-04 00:06:36.906 I/aqjy    (23350): #shouldTriggerSafeguardsForAssistantDisabled passed
08-04 00:06:36.910 I/aqjy    (23350): #shouldTriggerSafeguardsForAssistantDisabled passed
08-04 00:06:36.937 I/avpj    (23350): (REDACTED) #shouldLaunchGeminiLiveOnXR entryPoint:(%s/%s), isXR:%s flags(pui:%s, launcher:%s, xrHeyg:%s)
08-04 00:06:36.937 I/diiz    (23350): (REDACTED) isAppDefaultAssistant setting: %s
08-04 00:06:36.937 I/diiz    (23350): (REDACTED) isAppDefaultAssistant defaultComponentName: %s
08-04 00:06:36.954 I/dryr    (23350): On Assistant state listening
08-04 00:06:36.956 I/ahjy    (23350): (REDACTED) AssistantState received=%s
08-04 00:06:37.003 I/dryr    (23350): On Assistant state listening
08-04 00:06:37.003 I/ahjy    (23350): (REDACTED) AssistantState received=%s
08-04 00:06:37.007 I/diiz    (23350): (REDACTED) isAppDefaultAssistant setting: %s
08-04 00:06:37.007 I/diiz    (23350): (REDACTED) isAppDefaultAssistant defaultComponentName: %s
08-04 00:06:37.012 I/ajao    (23350): #isGeminiDefaultSystemFeatureEnabled: false
08-04 00:06:37.013 I/ajao    (23350): #isGeminiDefaultSystemFeatureEnabled: false
08-04 00:06:37.023 I/aisp    (23350): (REDACTED) #FCF: Assistant primary locale : %s
08-04 00:06:37.023 I/aisp    (23350): (REDACTED) #FCF: Assistant Primary locale check status : %s
08-04 00:06:37.054 I/xbn     (23350): TNG:MA eligibility is used in AssistantEligibilityCheckerTNGImpl.
08-04 00:06:37.055 I/xca     (23350): (REDACTED) LocaleAssistantEligibilityCheckerImpl#isLocationAssistantEligible completed in %s millis
08-04 00:06:37.055 I/xcf     (23350): (REDACTED) locationAssistantEligible: %s
08-04 00:06:37.057 I/xbn     (23350): TNG:MA eligibility is used in AssistantEligibilityCheckerTNGImpl.
08-04 00:06:37.059 I/xca     (23350): (REDACTED) LocaleAssistantEligibilityCheckerImpl#isLocationAssistantEligible completed in %s millis
08-04 00:06:37.059 I/xcf     (23350): (REDACTED) locationAssistantEligible: %s
08-04 00:06:37.071 I/aohp    (23350): (REDACTED) #maybeUpdateGeminiOnLockscreenSetting fallback to v0, persist=%s
08-04 00:06:37.071 I/agvm    (23350): (REDACTED) GeminiOnLockscreen: %s
08-04 00:06:37.071 I/aisp    (23350): (REDACTED) #FCF: Assistant primary locale : %s
08-04 00:06:37.072 I/aisp    (23350): (REDACTED) #FCF: Assistant Primary locale check status : %s
08-04 00:06:37.075 I/agvm    (23350): (REDACTED) AssistantOnLockscreen: %s
08-04 00:06:37.077 I/ajao    (23350): #isGeminiDefaultSystemFeatureEnabled: false
08-04 00:06:37.078 I/ajao    (23350): #isGeminiDefaultSystemFeatureEnabled: false
08-04 00:06:37.132 I/diiz    (23350): (REDACTED) isAppDefaultAssistant setting: %s
08-04 00:06:37.132 I/diiz    (23350): (REDACTED) isAppDefaultAssistant defaultComponentName: %s
08-04 00:06:37.134 I/diiz    (23350): (REDACTED) isAppDefaultAssistant setting: %s
08-04 00:06:37.135 I/diiz    (23350): (REDACTED) isAppDefaultAssistant defaultComponentName: %s
08-04 00:06:37.137 I/diiz    (23350): (REDACTED) isAppDefaultAssistant setting: %s
08-04 00:06:37.137 I/diiz    (23350): (REDACTED) isAppDefaultAssistant defaultComponentName: %s
08-04 00:06:37.142 I/diiz    (23350): (REDACTED) isAppDefaultAssistant setting: %s
08-04 00:06:37.142 I/diiz    (23350): (REDACTED) isAppDefaultAssistant defaultComponentName: %s
08-04 00:06:37.146 I/diiz    (23350): (REDACTED) isAppDefaultAssistant setting: %s
08-04 00:06:37.146 I/diiz    (23350): (REDACTED) isAppDefaultAssistant defaultComponentName: %s
08-04 00:06:37.151 I/ajao    (23350): #isGeminiDefaultSystemFeatureEnabled: false
08-04 00:06:37.152 I/ajao    (23350): #isGeminiDefaultSystemFeatureEnabled: false
08-04 00:06:37.165 I/diiz    (23350): (REDACTED) isAppDefaultAssistant setting: %s
08-04 00:06:37.165 I/diiz    (23350): (REDACTED) isAppDefaultAssistant defaultComponentName: %s
08-04 00:06:37.168 I/diiz    (23350): (REDACTED) isAppDefaultAssistant setting: %s
08-04 00:06:37.168 I/diiz    (23350): (REDACTED) isAppDefaultAssistant defaultComponentName: %s
08-04 00:06:37.168 I/diiz    (23350): (REDACTED) isAppDefaultAssistant setting: %s
08-04 00:06:37.168 I/diiz    (23350): (REDACTED) isAppDefaultAssistant defaultComponentName: %s
08-04 00:06:37.169 I/diiz    (23350): (REDACTED) isAppDefaultAssistant setting: %s
08-04 00:06:37.169 I/diiz    (23350): (REDACTED) isAppDefaultAssistant defaultComponentName: %s
08-04 00:06:37.170 I/diiz    (23350): (REDACTED) isAppDefaultAssistant setting: %s
08-04 00:06:37.170 I/diiz    (23350): (REDACTED) isAppDefaultAssistant defaultComponentName: %s
08-04 00:06:37.170 I/diiz    (23350): (REDACTED) isAppDefaultAssistant setting: %s
08-04 00:06:37.170 I/diiz    (23350): (REDACTED) isAppDefaultAssistant defaultComponentName: %s
08-04 00:06:37.170 I/diiz    (23350): (REDACTED) isAppDefaultAssistant setting: %s
08-04 00:06:37.170 I/diiz    (23350): (REDACTED) isAppDefaultAssistant defaultComponentName: %s
08-04 00:06:37.171 I/diiz    (23350): (REDACTED) isAppDefaultAssistant setting: %s
08-04 00:06:37.171 I/diiz    (23350): (REDACTED) isAppDefaultAssistant defaultComponentName: %s
08-04 00:06:37.171 I/diiz    (23350): (REDACTED) isAppDefaultAssistant setting: %s
08-04 00:06:37.171 I/diiz    (23350): (REDACTED) isAppDefaultAssistant defaultComponentName: %s
08-04 00:06:37.171 I/diiz    (23350): (REDACTED) isAppDefaultAssistant setting: %s
08-04 00:06:37.171 I/diiz    (23350): (REDACTED) isAppDefaultAssistant defaultComponentName: %s
08-04 00:06:37.176 I/ajao    (23350): #isGeminiDefaultSystemFeatureEnabled: false
08-04 00:06:37.181 I/diiz    (23350): (REDACTED) isAppDefaultAssistant setting: %s
08-04 00:06:37.181 I/diiz    (23350): (REDACTED) isAppDefaultAssistant defaultComponentName: %s
08-04 00:06:37.184 I/ajao    (23350): #isGeminiDefaultSystemFeatureEnabled: false
08-04 00:06:37.185 I/ajao    (23350): #isGeminiDefaultSystemFeatureEnabled: false
08-04 00:06:37.224 I/diiz    (23350): (REDACTED) isAppDefaultAssistant setting: %s
08-04 00:06:37.224 I/diiz    (23350): (REDACTED) isAppDefaultAssistant defaultComponentName: %s
08-04 00:06:37.225 I/diiz    (23350): (REDACTED) isAppDefaultAssistant setting: %s
08-04 00:06:37.225 I/diiz    (23350): (REDACTED) isAppDefaultAssistant defaultComponentName: %s
08-04 00:06:37.226 I/diiz    (23350): (REDACTED) isAppDefaultAssistant setting: %s
08-04 00:06:37.226 I/diiz    (23350): (REDACTED) isAppDefaultAssistant defaultComponentName: %s
08-04 00:06:37.226 I/diiz    (23350): (REDACTED) isAppDefaultAssistant setting: %s
08-04 00:06:37.226 I/diiz    (23350): (REDACTED) isAppDefaultAssistant defaultComponentName: %s
08-04 00:06:37.227 I/diiz    (23350): (REDACTED) isAppDefaultAssistant setting: %s
08-04 00:06:37.227 I/diiz    (23350): (REDACTED) isAppDefaultAssistant defaultComponentName: %s
08-04 00:06:37.238 I/diiz    (23350): (REDACTED) isAppDefaultAssistant setting: %s
08-04 00:06:37.238 I/diiz    (23350): (REDACTED) isAppDefaultAssistant defaultComponentName: %s
08-04 00:06:37.248 I/aohp    (23350): (REDACTED) #maybeUpdateGeminiOnLockscreenSetting fallback to v0, persist=%s
08-04 00:06:37.249 I/aohp    (23350): (REDACTED) #maybeUpdateGeminiOnLockscreenSetting fallback to v0, persist=%s
08-04 00:06:37.249 I/aohp    (23350): (REDACTED) #maybeUpdateGeminiOnLockscreenSetting fallback to v0, persist=%s
08-04 00:06:37.249 I/aohp    (23350): (REDACTED) #maybeUpdateGeminiOnLockscreenSetting fallback to v0, persist=%s
08-04 00:06:37.253 I/ajao    (23350): #isGeminiDefaultSystemFeatureEnabled: false
08-04 00:06:37.257 I/ajao    (23350): #isGeminiDefaultSystemFeatureEnabled: false
08-04 00:06:37.262 I/aufe    (23350): Setting Gemini spark to idle default
08-04 00:06:37.272 I/diiz    (23350): (REDACTED) isAppDefaultAssistant setting: %s
08-04 00:06:37.272 I/diiz    (23350): (REDACTED) isAppDefaultAssistant defaultComponentName: %s
08-04 00:06:37.274 I/diiz    (23350): (REDACTED) isAppDefaultAssistant setting: %s
08-04 00:06:37.274 I/diiz    (23350): (REDACTED) isAppDefaultAssistant defaultComponentName: %s
08-04 00:06:37.279 I/diiz    (23350): (REDACTED) isAppDefaultAssistant setting: %s
08-04 00:06:37.279 I/diiz    (23350): (REDACTED) isAppDefaultAssistant defaultComponentName: %s
08-04 00:06:37.279 I/diiz    (23350): (REDACTED) isAppDefaultAssistant setting: %s
08-04 00:06:37.279 I/diiz    (23350): (REDACTED) isAppDefaultAssistant defaultComponentName: %s
08-04 00:06:37.280 I/diiz    (23350): (REDACTED) isAppDefaultAssistant setting: %s
08-04 00:06:37.280 I/diiz    (23350): (REDACTED) isAppDefaultAssistant defaultComponentName: %s
08-04 00:06:37.558 I/ajao    (23350): #isGeminiDefaultSystemFeatureEnabled: false
08-04 00:06:37.558 I/ajao    (23350): #isGeminiDefaultSystemFeatureEnabled: false
08-04 00:06:37.580 I/diiz    (23350): (REDACTED) isAppDefaultAssistant setting: %s
08-04 00:06:37.580 I/diiz    (23350): (REDACTED) isAppDefaultAssistant defaultComponentName: %s
08-04 00:06:37.581 I/diiz    (23350): (REDACTED) isAppDefaultAssistant setting: %s
08-04 00:06:37.581 I/diiz    (23350): (REDACTED) isAppDefaultAssistant defaultComponentName: %s
08-04 00:06:37.583 I/diiz    (23350): (REDACTED) isAppDefaultAssistant setting: %s
08-04 00:06:37.583 I/diiz    (23350): (REDACTED) isAppDefaultAssistant defaultComponentName: %s
08-04 00:06:37.584 I/diiz    (23350): (REDACTED) isAppDefaultAssistant setting: %s
08-04 00:06:37.584 I/diiz    (23350): (REDACTED) isAppDefaultAssistant defaultComponentName: %s
08-04 00:06:37.585 I/diiz    (23350): (REDACTED) isAppDefaultAssistant setting: %s
08-04 00:06:37.585 I/diiz    (23350): (REDACTED) isAppDefaultAssistant defaultComponentName: %s
08-04 00:06:37.653 I/aohp    (23350): (REDACTED) #maybeUpdateGeminiOnLockscreenSetting fallback to v0, persist=%s
08-04 00:06:38.036 I/dryr    (23350): On Assistant state listening
08-04 00:06:38.036 I/ahjy    (23350): (REDACTED) AssistantState received=%s
08-04 00:06:39.421 I/dryr    (23350): On Assistant state thinking
08-04 00:06:39.423 I/ahjy    (23350): (REDACTED) AssistantState received=%s
08-04 00:06:39.462 I/dryr    (23350): On Assistant state executing
08-04 00:06:39.463 I/ahjy    (23350): (REDACTED) AssistantState received=%s
08-04 00:06:39.473 I/aufe    (23350): Setting Gemini spark to loading default
08-04 00:06:40.731 I/uvv     (23350): (REDACTED) #handleAssistantResponse(%s)
08-04 00:06:40.743 I/ajao    (11517): #isGeminiDefaultSystemFeatureEnabled: false
08-04 00:06:40.748 I/diiz    (11517): (REDACTED) isAppDefaultAssistant setting: %s
08-04 00:06:40.749 I/diiz    (11517): (REDACTED) isAppDefaultAssistant defaultComponentName: %s
08-04 00:06:40.751 I/aohp    (23350): (REDACTED) #maybeUpdateGeminiOnLockscreenSetting fallback to v0, persist=%s
08-04 00:06:40.751 I/aohp    (23350): (REDACTED) #maybeUpdateGeminiOnLockscreenSetting fallback to v0, persist=%s
08-04 00:06:40.751 I/aohp    (23350): (REDACTED) #maybeUpdateGeminiOnLockscreenSetting fallback to v0, persist=%s
08-04 00:06:40.751 I/aohp    (23350): (REDACTED) #maybeUpdateGeminiOnLockscreenSetting fallback to v0, persist=%s
08-04 00:06:40.752 I/aigc    (11517): (REDACTED) #initialConfig Assistant is currently enabled: %s
08-04 00:06:40.753 I/ajao    (23350): #isGeminiDefaultSystemFeatureEnabled: false
08-04 00:06:40.754 I/diiz    (11517): (REDACTED) isAppDefaultAssistant setting: %s
08-04 00:06:40.754 I/diiz    (11517): (REDACTED) isAppDefaultAssistant defaultComponentName: %s
08-04 00:06:40.755 I/ajao    (23350): #isGeminiDefaultSystemFeatureEnabled: false
08-04 00:06:40.799 I/diiz    (23350): (REDACTED) isAppDefaultAssistant setting: %s
08-04 00:06:40.799 I/diiz    (23350): (REDACTED) isAppDefaultAssistant defaultComponentName: %s
08-04 00:06:40.800 I/diiz    (23350): (REDACTED) isAppDefaultAssistant setting: %s
08-04 00:06:40.800 I/diiz    (23350): (REDACTED) isAppDefaultAssistant defaultComponentName: %s
08-04 00:06:40.801 I/diiz    (23350): (REDACTED) isAppDefaultAssistant setting: %s
08-04 00:06:40.801 I/diiz    (23350): (REDACTED) isAppDefaultAssistant defaultComponentName: %s
08-04 00:06:40.801 I/diiz    (23350): (REDACTED) isAppDefaultAssistant setting: %s
08-04 00:06:40.801 I/diiz    (23350): (REDACTED) isAppDefaultAssistant defaultComponentName: %s
08-04 00:06:40.803 I/diiz    (23350): (REDACTED) isAppDefaultAssistant setting: %s
08-04 00:06:40.803 I/diiz    (23350): (REDACTED) isAppDefaultAssistant defaultComponentName: %s
08-04 00:06:40.812 I/ajao    (23350): #isGeminiDefaultSystemFeatureEnabled: false
08-04 00:06:40.882 I/aohp    (23350): (REDACTED) #maybeUpdateGeminiOnLockscreenSetting fallback to v0, persist=%s
08-04 00:06:40.882 I/aohp    (23350): (REDACTED) #maybeUpdateGeminiOnLockscreenSetting fallback to v0, persist=%s
08-04 00:06:40.882 I/aohp    (23350): (REDACTED) #maybeUpdateGeminiOnLockscreenSetting fallback to v0, persist=%s
08-04 00:06:40.882 I/aohp    (23350): (REDACTED) #maybeUpdateGeminiOnLockscreenSetting fallback to v0, persist=%s
08-04 00:06:40.884 I/ajao    (23350): #isGeminiDefaultSystemFeatureEnabled: false
08-04 00:06:40.884 I/ajao    (23350): #isGeminiDefaultSystemFeatureEnabled: false
08-04 00:06:40.910 I/diiz    (23350): (REDACTED) isAppDefaultAssistant setting: %s
08-04 00:06:40.910 I/diiz    (23350): (REDACTED) isAppDefaultAssistant defaultComponentName: %s
08-04 00:06:40.911 I/diiz    (23350): (REDACTED) isAppDefaultAssistant setting: %s
08-04 00:06:40.911 I/diiz    (23350): (REDACTED) isAppDefaultAssistant defaultComponentName: %s
08-04 00:06:40.912 I/diiz    (23350): (REDACTED) isAppDefaultAssistant setting: %s
08-04 00:06:40.912 I/diiz    (23350): (REDACTED) isAppDefaultAssistant defaultComponentName: %s
08-04 00:06:40.913 I/diiz    (23350): (REDACTED) isAppDefaultAssistant setting: %s
08-04 00:06:40.913 I/diiz    (23350): (REDACTED) isAppDefaultAssistant defaultComponentName: %s
08-04 00:06:40.914 I/diiz    (23350): (REDACTED) isAppDefaultAssistant setting: %s
08-04 00:06:40.914 I/diiz    (23350): (REDACTED) isAppDefaultAssistant defaultComponentName: %s
08-04 00:06:40.927 I/xbn     (23350): TNG:MA eligibility is used in AssistantEligibilityCheckerTNGImpl.
08-04 00:06:40.929 I/xca     (23350): (REDACTED) LocaleAssistantEligibilityCheckerImpl#isLocationAssistantEligible completed in %s millis
08-04 00:06:40.929 I/xcf     (23350): (REDACTED) locationAssistantEligible: %s
08-04 00:06:40.933 I/ajao    (23350): #isGeminiDefaultSystemFeatureEnabled: false
08-04 00:06:40.933 I/ajao    (23350): #isGeminiDefaultSystemFeatureEnabled: false
08-04 00:06:40.952 I/diiz    (23350): (REDACTED) isAppDefaultAssistant setting: %s
08-04 00:06:40.952 I/diiz    (23350): (REDACTED) isAppDefaultAssistant defaultComponentName: %s
08-04 00:06:40.954 I/diiz    (23350): (REDACTED) isAppDefaultAssistant setting: %s
08-04 00:06:40.954 I/diiz    (23350): (REDACTED) isAppDefaultAssistant defaultComponentName: %s
08-04 00:06:40.955 I/diiz    (23350): (REDACTED) isAppDefaultAssistant setting: %s
08-04 00:06:40.955 I/diiz    (23350): (REDACTED) isAppDefaultAssistant defaultComponentName: %s
08-04 00:06:40.956 I/diiz    (23350): (REDACTED) isAppDefaultAssistant setting: %s
08-04 00:06:40.956 I/diiz    (23350): (REDACTED) isAppDefaultAssistant defaultComponentName: %s
08-04 00:06:40.957 I/diiz    (23350): (REDACTED) isAppDefaultAssistant setting: %s
08-04 00:06:40.957 I/diiz    (23350): (REDACTED) isAppDefaultAssistant defaultComponentName: %s
08-04 00:06:40.963 I/ajao    (23350): #isGeminiDefaultSystemFeatureEnabled: false
08-04 00:06:40.966 I/diiz    (11517): (REDACTED) isAppDefaultAssistant setting: %s
08-04 00:06:40.966 I/diiz    (11517): (REDACTED) isAppDefaultAssistant defaultComponentName: %s
08-04 00:06:40.971 I/ajao    (23350): #isGeminiDefaultSystemFeatureEnabled: false
08-04 00:06:40.971 I/ajao    (23350): #isGeminiDefaultSystemFeatureEnabled: false
08-04 00:06:40.993 I/diiz    (23350): (REDACTED) isAppDefaultAssistant setting: %s
08-04 00:06:40.993 I/diiz    (23350): (REDACTED) isAppDefaultAssistant defaultComponentName: %s
08-04 00:06:40.994 I/diiz    (23350): (REDACTED) isAppDefaultAssistant setting: %s
08-04 00:06:40.994 I/diiz    (23350): (REDACTED) isAppDefaultAssistant defaultComponentName: %s
08-04 00:06:40.995 I/diiz    (23350): (REDACTED) isAppDefaultAssistant setting: %s
08-04 00:06:40.995 I/diiz    (23350): (REDACTED) isAppDefaultAssistant defaultComponentName: %s
08-04 00:06:40.996 I/diiz    (23350): (REDACTED) isAppDefaultAssistant setting: %s
08-04 00:06:40.996 I/diiz    (23350): (REDACTED) isAppDefaultAssistant defaultComponentName: %s
08-04 00:06:40.997 I/diiz    (23350): (REDACTED) isAppDefaultAssistant setting: %s
08-04 00:06:40.998 I/diiz    (23350): (REDACTED) isAppDefaultAssistant defaultComponentName: %s
08-04 00:06:41.004 I/ajao    (23350): #isGeminiDefaultSystemFeatureEnabled: false
08-04 00:06:41.007 I/diiz    (11517): (REDACTED) isAppDefaultAssistant setting: %s
08-04 00:06:41.007 I/diiz    (11517): (REDACTED) isAppDefaultAssistant defaultComponentName: %s
08-04 00:06:41.483 I/aufe    (23350): Setting Gemini spark to loading default
08-04 00:06:42.489 I/ajao    (23350): #isGeminiDefaultSystemFeatureEnabled: false
08-04 00:06:42.506 I/ajao    (23350): #isGeminiDefaultSystemFeatureEnabled: false
08-04 00:06:42.774 I/aufe    (23350): Setting Gemini spark to idle default
08-04 00:06:43.988 I/diiz    (23350): (REDACTED) isAppDefaultAssistant setting: %s
08-04 00:06:43.988 I/diiz    (23350): (REDACTED) isAppDefaultAssistant defaultComponentName: %s
08-04 00:06:43.995 I/ajao    (23350): #isGeminiDefaultSystemFeatureEnabled: false
08-04 00:06:44.000 I/dryr    (23350): On Assistant state idle
08-04 00:06:44.000 I/ahdz    (23350): Assistant idle state received
08-04 00:06:44.000 I/ahjy    (23350): (REDACTED) AssistantState received=%s
08-04 00:06:47.593 I/ajao    (11517): #isGeminiDefaultSystemFeatureEnabled: false
08-04 00:06:47.594 I/diiz    (11517): (REDACTED) isAppDefaultAssistant setting: %s
08-04 00:06:47.596 I/diiz    (11517): (REDACTED) isAppDefaultAssistant defaultComponentName: %s
08-04 00:06:47.597 I/diiz    (11517): (REDACTED) isAppDefaultAssistant setting: %s
08-04 00:06:47.597 I/diiz    (11517): (REDACTED) isAppDefaultAssistant defaultComponentName: %s
08-04 00:06:47.598 I/diiz    (11517): (REDACTED) isAppDefaultAssistant setting: %s
08-04 00:06:47.598 I/diiz    (11517): (REDACTED) isAppDefaultAssistant defaultComponentName: %s
08-04 00:06:47.599 I/diiz    (11517): (REDACTED) isAppDefaultAssistant setting: %s
08-04 00:06:47.600 I/diiz    (11517): (REDACTED) isAppDefaultAssistant defaultComponentName: %s
08-04 00:06:47.601 I/ajao    (11517): #isGeminiDefaultSystemFeatureEnabled: false
08-04 00:06:47.622 I/avpj    (23350): (REDACTED) #shouldLaunchGeminiLiveOnXR entryPoint:(%s/%s), isXR:%s flags(pui:%s, launcher:%s, xrHeyg:%s)
08-04 00:06:47.628 I/ajao    (23350): #isGeminiDefaultSystemFeatureEnabled: false
08-04 00:06:47.630 I/ahkv    (23350): default device upsell: not a Gemini default device.
08-04 00:06:47.631 I/ajao    (23350): #isGeminiDefaultSystemFeatureEnabled: false
08-04 00:06:47.632 I/ajao    (23350): #isGeminiDefaultSystemFeatureEnabled: false
08-04 00:06:47.632 I/aqjy    (23350): #shouldTriggerSafeguardsForAssistantDisabled passed
08-04 00:06:47.634 I/ajao    (23350): #isGeminiDefaultSystemFeatureEnabled: false
08-04 00:06:47.671 I/diiz    (23350): (REDACTED) isAppDefaultAssistant setting: %s
08-04 00:06:47.671 I/diiz    (23350): (REDACTED) isAppDefaultAssistant defaultComponentName: %s
08-04 00:06:47.673 I/diiz    (23350): (REDACTED) isAppDefaultAssistant setting: %s
08-04 00:06:47.674 I/diiz    (23350): (REDACTED) isAppDefaultAssistant defaultComponentName: %s
08-04 00:06:47.675 I/diiz    (23350): (REDACTED) isAppDefaultAssistant setting: %s
08-04 00:06:47.675 I/diiz    (23350): (REDACTED) isAppDefaultAssistant defaultComponentName: %s
08-04 00:06:47.676 I/diiz    (23350): (REDACTED) isAppDefaultAssistant setting: %s
08-04 00:06:47.676 I/diiz    (23350): (REDACTED) isAppDefaultAssistant defaultComponentName: %s
08-04 00:06:47.678 I/diiz    (23350): (REDACTED) isAppDefaultAssistant setting: %s
08-04 00:06:47.679 I/diiz    (23350): (REDACTED) isAppDefaultAssistant defaultComponentName: %s
08-04 00:06:47.683 I/ajao    (23350): #isGeminiDefaultSystemFeatureEnabled: false
08-04 00:06:47.695 I/arlv    (23350): Gemini Live not triggered in background mode: flag not setted
08-04 00:06:47.696 I/avpj    (23350): (REDACTED) #shouldLaunchGeminiLiveOnXR entryPoint:(%s/%s), isXR:%s flags(pui:%s, launcher:%s, xrHeyg:%s)
08-04 00:06:47.696 I/diiz    (23350): (REDACTED) isAppDefaultAssistant setting: %s
08-04 00:06:47.696 I/diiz    (23350): (REDACTED) isAppDefaultAssistant defaultComponentName: %s
08-04 00:06:47.700 I/avpj    (23350): (REDACTED) #shouldLaunchGeminiLiveOnXR entryPoint:(%s/%s), isXR:%s flags(pui:%s, launcher:%s, xrHeyg:%s)
08-04 00:06:47.702 I/aqjy    (23350): #shouldTriggerSafeguardsForAssistantDisabled passed
08-04 00:06:47.708 I/aqjy    (23350): #shouldTriggerSafeguardsForAssistantDisabled passed
08-04 00:06:47.722 I/dryr    (23350): On Assistant state listening
08-04 00:06:47.724 I/ahjy    (23350): (REDACTED) AssistantState received=%s
08-04 00:06:47.728 I/avpj    (23350): (REDACTED) #shouldLaunchGeminiLiveOnXR entryPoint:(%s/%s), isXR:%s flags(pui:%s, launcher:%s, xrHeyg:%s)
08-04 00:06:47.729 I/diiz    (23350): (REDACTED) isAppDefaultAssistant setting: %s
08-04 00:06:47.729 I/diiz    (23350): (REDACTED) isAppDefaultAssistant defaultComponentName: %s
08-04 00:06:47.743 I/ajao    (23350): #isGeminiDefaultSystemFeatureEnabled: false
08-04 00:06:47.744 I/ajao    (23350): #isGeminiDefaultSystemFeatureEnabled: false
08-04 00:06:47.748 I/aisp    (23350): (REDACTED) #FCF: Assistant primary locale : %s
08-04 00:06:47.750 I/aisp    (23350): (REDACTED) #FCF: Assistant Primary locale check status : %s
08-04 00:06:47.757 I/xbn     (23350): TNG:MA eligibility is used in AssistantEligibilityCheckerTNGImpl.
08-04 00:06:47.757 I/xbn     (23350): TNG:MA eligibility is used in AssistantEligibilityCheckerTNGImpl.
08-04 00:06:47.758 I/xca     (23350): (REDACTED) LocaleAssistantEligibilityCheckerImpl#isLocationAssistantEligible completed in %s millis
08-04 00:06:47.758 I/xcf     (23350): (REDACTED) locationAssistantEligible: %s
08-04 00:06:47.759 I/xca     (23350): (REDACTED) LocaleAssistantEligibilityCheckerImpl#isLocationAssistantEligible completed in %s millis
08-04 00:06:47.759 I/xcf     (23350): (REDACTED) locationAssistantEligible: %s
08-04 00:06:47.772 I/dryr    (23350): On Assistant state listening
08-04 00:06:47.772 I/ahjy    (23350): (REDACTED) AssistantState received=%s
08-04 00:06:47.776 I/diiz    (23350): (REDACTED) isAppDefaultAssistant setting: %s
08-04 00:06:47.776 I/diiz    (23350): (REDACTED) isAppDefaultAssistant defaultComponentName: %s
08-04 00:06:47.781 I/aisp    (23350): (REDACTED) #FCF: Assistant primary locale : %s
08-04 00:06:47.781 I/aisp    (23350): (REDACTED) #FCF: Assistant Primary locale check status : %s
08-04 00:06:47.781 I/aohp    (23350): (REDACTED) #maybeUpdateGeminiOnLockscreenSetting fallback to v0, persist=%s
08-04 00:06:47.781 I/agvm    (23350): (REDACTED) GeminiOnLockscreen: %s
08-04 00:06:47.788 I/agvm    (23350): (REDACTED) AssistantOnLockscreen: %s
08-04 00:06:47.810 I/ajao    (23350): #isGeminiDefaultSystemFeatureEnabled: false
08-04 00:06:47.811 I/ajao    (23350): #isGeminiDefaultSystemFeatureEnabled: false
08-04 00:06:47.839 I/diiz    (23350): (REDACTED) isAppDefaultAssistant setting: %s
08-04 00:06:47.839 I/diiz    (23350): (REDACTED) isAppDefaultAssistant defaultComponentName: %s
08-04 00:06:47.841 I/diiz    (23350): (REDACTED) isAppDefaultAssistant setting: %s
08-04 00:06:47.841 I/diiz    (23350): (REDACTED) isAppDefaultAssistant defaultComponentName: %s
08-04 00:06:47.847 I/diiz    (23350): (REDACTED) isAppDefaultAssistant setting: %s
08-04 00:06:47.848 I/diiz    (23350): (REDACTED) isAppDefaultAssistant defaultComponentName: %s
08-04 00:06:47.849 I/diiz    (23350): (REDACTED) isAppDefaultAssistant setting: %s
08-04 00:06:47.849 I/diiz    (23350): (REDACTED) isAppDefaultAssistant defaultComponentName: %s
08-04 00:06:47.850 I/diiz    (23350): (REDACTED) isAppDefaultAssistant setting: %s
08-04 00:06:47.850 I/diiz    (23350): (REDACTED) isAppDefaultAssistant defaultComponentName: %s
08-04 00:06:47.852 I/diiz    (23350): (REDACTED) isAppDefaultAssistant setting: %s
08-04 00:06:47.852 I/diiz    (23350): (REDACTED) isAppDefaultAssistant defaultComponentName: %s
08-04 00:06:47.860 I/ajao    (23350): #isGeminiDefaultSystemFeatureEnabled: false
08-04 00:06:47.861 I/ajao    (23350): #isGeminiDefaultSystemFeatureEnabled: false
08-04 00:06:47.878 I/diiz    (23350): (REDACTED) isAppDefaultAssistant setting: %s
08-04 00:06:47.878 I/diiz    (23350): (REDACTED) isAppDefaultAssistant defaultComponentName: %s
08-04 00:06:47.879 I/diiz    (23350): (REDACTED) isAppDefaultAssistant setting: %s
08-04 00:06:47.879 I/diiz    (23350): (REDACTED) isAppDefaultAssistant defaultComponentName: %s
08-04 00:06:47.880 I/diiz    (23350): (REDACTED) isAppDefaultAssistant setting: %s
08-04 00:06:47.880 I/diiz    (23350): (REDACTED) isAppDefaultAssistant defaultComponentName: %s
08-04 00:06:47.880 I/diiz    (23350): (REDACTED) isAppDefaultAssistant setting: %s
08-04 00:06:47.881 I/diiz    (23350): (REDACTED) isAppDefaultAssistant defaultComponentName: %s
08-04 00:06:47.881 I/diiz    (23350): (REDACTED) isAppDefaultAssistant setting: %s
08-04 00:06:47.882 I/diiz    (23350): (REDACTED) isAppDefaultAssistant defaultComponentName: %s
08-04 00:06:47.883 I/aohp    (23350): (REDACTED) #maybeUpdateGeminiOnLockscreenSetting fallback to v0, persist=%s
08-04 00:06:47.883 I/aohp    (23350): (REDACTED) #maybeUpdateGeminiOnLockscreenSetting fallback to v0, persist=%s
08-04 00:06:47.883 I/aohp    (23350): (REDACTED) #maybeUpdateGeminiOnLockscreenSetting fallback to v0, persist=%s
08-04 00:06:47.883 I/aohp    (23350): (REDACTED) #maybeUpdateGeminiOnLockscreenSetting fallback to v0, persist=%s
08-04 00:06:47.883 I/ajao    (23350): #isGeminiDefaultSystemFeatureEnabled: false
08-04 00:06:47.884 I/ajao    (23350): #isGeminiDefaultSystemFeatureEnabled: false
08-04 00:06:47.885 I/diiz    (23350): (REDACTED) isAppDefaultAssistant setting: %s
08-04 00:06:47.885 I/diiz    (23350): (REDACTED) isAppDefaultAssistant defaultComponentName: %s
08-04 00:06:47.886 I/diiz    (23350): (REDACTED) isAppDefaultAssistant setting: %s
08-04 00:06:47.886 I/diiz    (23350): (REDACTED) isAppDefaultAssistant defaultComponentName: %s
08-04 00:06:47.887 I/diiz    (23350): (REDACTED) isAppDefaultAssistant setting: %s
08-04 00:06:47.887 I/diiz    (23350): (REDACTED) isAppDefaultAssistant defaultComponentName: %s
08-04 00:06:47.887 I/diiz    (23350): (REDACTED) isAppDefaultAssistant setting: %s
08-04 00:06:47.888 I/diiz    (23350): (REDACTED) isAppDefaultAssistant defaultComponentName: %s
08-04 00:06:47.888 I/diiz    (23350): (REDACTED) isAppDefaultAssistant setting: %s
08-04 00:06:47.888 I/diiz    (23350): (REDACTED) isAppDefaultAssistant defaultComponentName: %s
