09-05 22:51:04.105 D/audio_route(  978): Apply path: microphones (VOICE_RECOGNITION)
09-05 22:51:04.105 D/NativePermissionController( 1031): checkPermission: missing 13 for 10299
09-05 22:51:04.105 I/AHal::AudioRoutePathController(  978): ApplyPath: microphones (VOICE_RECOGNITION): true
09-05 22:51:04.105 D/audio_route(  978): Apply path: microphones -> primary-capture-0
09-05 22:51:04.106 D/AOC     ( 1260): F1:MSG: controller.cc, 275: AudioInCtrl: cmd ID: 0x00e9, tag: 0x0f [cntr = 23478]
09-05 22:51:04.106 D/AOC     ( 1260): F1:MSG: controller.cc, 917: AudioInCtrl: ipc: audio_input_con, cmd ID: 0x00e9, tag: 0x0f, rc: 0
09-05 22:51:04.106 D/SpeechRecognition( 8157): [DEBUG] onReadyForSpeech
09-05 22:51:04.106 D/NativePermissionController( 1031): checkPermission: missing 1 for 10184
09-05 22:51:04.106 D/NativePermissionController( 1031): checkPermission: missing 3 for 10184
09-05 22:51:04.106 D/NativePermissionController( 1031): checkPermission: missing 5 for 10184
09-05 22:51:04.107 D/NativePermissionController( 1031): checkPermission: missing 13 for 10299
09-05 22:51:04.109 D/AudioFlinger( 1031): Client defaulted notificationFrames to 2156 for frameCount 4313
09-05 22:51:04.109 I/AF::PthrPatchRecord( 1031): creating track with enforcement level 0
09-05 22:51:04.110 D/NativePermissionController( 1031): checkPermission: missing 13 for 10299
09-05 22:51:04.110 I/AF::TrackHandle( 1031): OpPlayAudio: track:8035 package:com.google.android.tts usage:10 muted
09-05 22:51:04.110 D/NativePermissionController( 1031): checkPermission: missing 13 for 10299
09-05 22:51:04.111 I/AHal::AudioRoutePathController(  978): ApplyPath: microphones -> primary-capture-0: true
09-05 22:51:04.111 I/AHal::DeviceInterface(  978): Connect: connect microphones -> primary-capture-0
09-05 22:51:04.111 D/AOC     ( 1260): F1:MSG: controller.cc, 275: AudioOutCtrl: cmd ID: 0x00ce, tag: 0x10 [cntr = 45390]
09-05 22:51:04.111 I/AHal::Router(  978): InvalidateLocked: ============ apply graph #33086 end ============
09-05 22:51:04.111 D/AOC     ( 1260): F1:MSG: controller_audio_output.cc, 1960: audio_playback1 set default threshold 11520
09-05 22:51:04.111 I/ASvc::PeriodicWorker(  978): SetLinkedConfigIds: update linked configs [101001]
09-05 22:51:04.111 D/AOC     ( 1260): F1:RAW Endpoint Data Format: 32-bit floating point (XTensa Optimized)
09-05 22:51:04.111 D/AOC     ( 1260): F1:MSG: controller.cc, 917: AudioOutCtrl: ipc: audio_output_co, cmd ID: 0x0132, tag: 0xb4, rc: 0
09-05 22:51:04.111 D/BTAudioSessionAidl(  978): UpdateSourceMetadata - SessionType=LE_AUDIO_HARDWARE_OFFLOAD_ENCODING_DATAPATH has NO session
09-05 22:51:04.111 D/AOC     ( 1260): F1:MSG: controller.cc, 275: AudioOutCtrl: cmd ID: 0x012a, tag: 0x11 [cntr = 45391]
09-05 22:51:04.111 D/BTAudioSessionAidl(  978): UpdateSinkMetadata - SessionType=LE_AUDIO_HARDWARE_OFFLOAD_DECODING_DATAPATH has NO session
09-05 22:51:04.111 D/AOC     ( 1260): F1:MSG: controller_audio_output.cc, 2099: audio_playback1 set threshold 11520 of 15360
09-05 22:51:04.111 D/AOC     ( 1260): F1:MSG: controller.cc, 917: AudioOutCtrl: ipc: audio_output_co, cmd ID: 0x012a, tag: 0x11, rc: 0
09-05 22:51:04.111 I/AHal::Stream(  978): Start: start stream primary-capture
09-05 22:51:04.111 D/AOC     ( 1260): F1:MSG: controller.cc, 275: AudioOutCtrl: cmd ID: 0x00c9, tag: 0x12 [cntr = 45392]
09-05 22:51:04.111 D/AHal::TinyalsaDriverOperations(  978): OpenAndPrepareLocked: open pcmC0D8c with [channel: 3, rate: 48000, period_size: 960, period_count: 4, format: 0, start_threshold: 0, stop_threshold: 24000, silence_threshold: 0, silence_size: 0, avail_min: 0]
09-05 22:51:04.111 D/AOC     ( 1260): F1:MSG: controller.cc, 917: AudioOutCtrl: ipc: audio_output_co, cmd ID: 0x00c9, tag: 0x12, rc: 0
09-05 22:51:04.113 D/AOC     ( 1260): F1:MSG: controller.cc, 275: AudioInCtrl: cmd ID: 0x00e0, tag: 0x13 [cntr = 23479]
09-05 22:51:04.113 D/AOC     ( 1260): F1:MSG: controller_audio_input.cc, 2111: PDM mask 7
09-05 22:51:04.113 D/AOC     ( 1260): F1:MSG: controller.cc, 917: AudioInCtrl: ipc: audio_input_con, cmd ID: 0x0067, tag: 0xe5, rc: 0
09-05 22:51:04.113 D/AOC     ( 1260): F1:MSG: controller.cc, 275: AudioInCtrl: cmd ID: 0x0167, tag: 0x14 [cntr = 23480]
09-05 22:51:04.113 D/AOC     ( 1260): F1:MSG: ap_input_processor.cc, 520: audio_capture0 set threshold 5760
09-05 22:51:04.114 D/AOC     ( 1260): F1:MSG: controller.cc, 917: AudioInCtrl: ipc: audio_input_con, cmd ID: 0x0074, tag: 0xe6, rc: 0
09-05 22:51:04.114 D/AOC     ( 1260): F1:MSG: controller.cc, 275: AudioInCtrl: cmd ID: 0x00e9, tag: 0x15 [cntr = 23481]
09-05 22:51:04.114 D/NativePermissionController( 1031): checkPermission: missing 13 for 10299
09-05 22:51:04.115 D/AOC     ( 1260): F1:MSG: controller.cc, 917: AudioInCtrl: ipc: audio_input_con, cmd ID: 0x00e9, tag: 0x15, rc: 0
09-05 22:51:04.115 D/AOC     ( 1260): F1:MSG: controller.cc, 275: AudioInCtrl: cmd ID: 0x00d0, tag: 0x16 [cntr = 23482]
09-05 22:51:04.115 D/AOC     ( 1260): F1:MSG: controller_audio_input.cc, 3392: APInputProcessor Start: PDM Source selected
09-05 22:51:04.115 D/AOC     ( 1260): F1:AP_FILT Active Input set to PDM
09-05 22:51:04.115 D/NativePermissionController( 1031): checkPermission: missing 13 for 10299
09-05 22:51:04.115 D/AOC     ( 1260): F1:MSG: ap_input_processor.cc, 291: SRC already configured correctly
09-05 22:51:04.115 D/AOC     ( 1260): F1:MSG: audio_capture_pdm.cc, 456: Reconfig not seamless
09-05 22:51:04.115 I/AudioPlayer( 7238): Playing beep com.google.android.tts:raw/open (size 8626 bytes)
09-05 22:51:04.116 E/AppOps  ( 1520): attributionTag  not declared in manifest of com.google.android.tts
09-05 22:51:04.117 D/AOC     ( 1260): F1:MSG: audio_capture_pdm.cc, 565: Stream 1 restarted (ramp ON)
09-05 22:51:04.117 D/AOC     ( 1260): F1:MSG: audio_capture_pdm.cc, 565: Stream 2 restarted (ramp ON)
09-05 22:51:04.117 D/AOC     ( 1260): F1:MSG: audio_capture_pdm.cc, 1030: Starting PDM in Native Ultrasonic mode, mask=0x7
09-05 22:51:04.117 E/AppOps  ( 1520): attributionTag  not declared in manifest of com.google.android.tts
09-05 22:51:04.119 D/NativePermissionController( 1031): checkPermission: missing 13 for 10299
09-05 22:51:04.119 D/NativePermissionController( 1031): checkPermission: missing 13 for 10299
09-05 22:51:04.131 I/AF::PthrPatchRecord( 1031): processMuteEvent(8035): processed mute state for port ID 12974 from 0 to 0x8
09-05 22:51:04.131 D/NativePermissionController( 1031): checkPermission: missing 13 for 10184
09-05 22:51:04.132 D/AHal::UseCase(  978): SetActiveTracks: update primary-playback active tracks(2)
09-05 22:51:04.132 I/StHal::SoundTriggerHal(  978): ProcessStreamMetadata: active usage tracks: 0
09-05 22:51:04.132 D/BTAudioSessionAidl(  978): UpdateSourceMetadata - SessionType=LE_AUDIO_HARDWARE_OFFLOAD_ENCODING_DATAPATH has NO session
09-05 22:51:04.132 D/BTAudioSessionAidl(  978): GetSupportedLatencyModes - SessionType=LE_AUDIO_HARDWARE_OFFLOAD_ENCODING_DATAPATH has NO session
09-05 22:51:04.132 D/BTAudioSessionAidl(  978): SetLatencyMode - SessionType=LE_AUDIO_HARDWARE_OFFLOAD_ENCODING_DATAPATH has NO session
09-05 22:51:04.132 D/BTAudioSessionAidl(  978): GetSupportedLatencyModes - SessionType=A2DP_HARDWARE_OFFLOAD_ENCODING_DATAPATH has NO session
09-05 22:51:04.132 D/BTAudioSessionAidl(  978): SetLatencyMode - SessionType=A2DP_HARDWARE_OFFLOAD_ENCODING_DATAPATH has NO session
09-05 22:51:04.132 D/NativePermissionController( 1031): checkPermission: missing 13 for 10184
09-05 22:51:04.135 D/NativePermissionController( 1031): checkPermission: missing 13 for 10184
09-05 22:51:04.135 D/NativePermissionController( 1031): checkPermission: missing 13 for 10184
09-05 22:51:04.151 I/native  ( 7238): I0000 00:00:1757137864.151212    7551 soda_async_impl.cc:1146] Deleted soda_impl.
09-05 22:51:04.151 I/native  ( 7238): I0000 00:00:1757137864.151391   20365 soda_jni_event_delegate.cc:96] Done
09-05 22:51:04.151 I/native  ( 7238): I0000 00:00:1757137864.151704    7551 enrollment_manager_impl.cc:2306] Shutting down ..
09-05 22:51:04.152 I/ASvc::StreamInSyncStates(  978): cw-primary-capture: Command{burst: 1920} in StreamInIdleState
09-05 22:51:04.152 W/ConcurrentSodaManager( 7238): Creating SODA
09-05 22:51:04.152 I/ConcurrentSodaManager( 7238): #getSodaCount
09-05 22:51:04.152 D/AOC     ( 1260): F1:MSG: controller.cc, 917: AudioInCtrl: ipc: audio_input_con, cmd ID: 0x00d0, tag: 0x16, rc: 0
09-05 22:51:04.152 D/AOC     ( 1260): F1:MSG: controller.cc, 275: AudioInCtrl: cmd ID: 0x0125, tag: 0x17 [cntr = 23483]
09-05 22:51:04.152 D/AOC     ( 1260): F1:MSG: ap_input_processor.cc, 1786: MCPS vote update to 53 (change: 53)
09-05 22:51:04.152 I/ConcurrentSodaManager( 7238): Initializing SODA for com.example.whiz.debug
09-05 22:51:04.152 D/AOC     ( 1260): F1:MSG: controller.cc, 917: AudioInCtrl: ipc: audio_input_con, cmd ID: 0x0125, tag: 0x17, rc: 0
09-05 22:51:04.152 I/SodaJniLoader( 7238): Loaded SODA Full native library: google_speech_sbg_tts_jni previously; skipping new attempt.
09-05 22:51:04.153 D/AOC     ( 1260): F1:ERR: audio_capture_pdm.cc, 1765: PDM timestamps more than 3 samples out of sync
09-05 22:51:04.153 I/native  ( 7238): I0000 00:00:1757137864.153258    7267 soda_async_impl.cc:352] Creating soda_impl.
09-05 22:51:04.153 D/AOC     ( 1260): F1:ERR: audio_capture_pdm.cc, 1766: pdm_superset_mask_ = 0x7
09-05 22:51:04.153 D/AOC     ( 1260): F1:ERR: audio_capture_pdm.cc, 1767: min_timestamp = 0x2ca7ca61, max_timestamp = 0x2ca7ca71
09-05 22:51:04.153 D/AOC     ( 1260): F1:MSG: hotword_aec.cc, 119: Reset HotwordAec
09-05 22:51:04.155 I/native  ( 7238): I0000 00:00:1757137864.155006    7267 enrollment_manager_impl.cc:455] UpdateConfigRequest with timeout: 5s
09-05 22:51:04.155 W/native  ( 7238): W0000 00:00:1757137864.155269   20441 enrollment_manager_impl.cc:1259] Failed to get cache folder:INVALID_ARGUMENT: Cache path is empty
09-05 22:51:04.155 W/native  ( 7238): === Source Location Trace: ===
09-05 22:51:04.155 W/native  ( 7238): speech/soda/speaker_id/enrollment/enrollment_manager_impl.cc:157
09-05 22:51:04.155 W/native  ( 7238): W0000 00:00:1757137864.155331   20441 enrollment_manager_impl.cc:1278] SODA EnrollmentManager disabled.
09-05 22:51:04.155 I/native  ( 7238): I0000 00:00:1757137864.155346   20441 enrollment_storage.cc:663] Storage cleared:OK
09-05 22:51:04.155 I/native  ( 7238): I0000 00:00:1757137864.155523    7267 soda_async_impl.cc:1648] Updated speaker id profiles.
09-05 22:51:04.156 I/native  ( 7238): I0000 00:00:1757137864.156380    7267 soda_impl.cc:367] Maximum audio history: 30s
09-05 22:51:04.156 I/native  ( 7238): I0000 00:00:1757137864.156533    7267 soda_impl.cc:377] Preamble queue sample rate 16000 and cache size: 1
09-05 22:51:04.156 I/native  ( 7238): I0000 00:00:1757137864.156662    7267 soda_impl.cc:436] Adding Resampler from 16000 to 16000, enable_high_quality: false
09-05 22:51:04.157 I/native  ( 7238): I0000 00:00:1757137864.157127    7267 soda_impl.cc:684] Enabling power evaluator.
09-05 22:51:04.157 I/native  ( 7238): I0000 00:00:1757137864.157170    7267 soda_impl.cc:695] Adding preamble processor.
09-05 22:51:04.157 I/native  ( 7238): I0000 00:00:1757137864.157207    7267 soda_impl.cc:742] Enabling On Device ASR
09-05 22:51:04.157 I/native  ( 7238): I0000 00:00:1757137864.157245    7267 asr_module.cc:101] Using AsrProcessor.
09-05 22:51:04.158 I/native  ( 7238): I0000 00:00:1757137864.157335    7267 greco_session.cc:284] LP details: [locale: en-us, version: 9075, config file: /data/user/0/com.google.android.tts/files/datadownload/shared/public/datadownloadfile_1723173380059/configs/ONDEVICE_LARGE_SHORT.config, personalized resources dir: <NONE>]
09-05 22:51:04.161 I/native  ( 7238): I0000 00:00:1757137864.161403    7267 greco_session.cc:243] Loaded PipelineDef.
09-05 22:51:04.173 I/Darwinn ( 1256): [/dev/edgetpu][core0] 466597.881826s: INF leader_app.cc:339 - Firmware Build Label: zum_tpu_20250217.0.0
09-05 22:51:04.173 I/Darwinn ( 1256): [/dev/edgetpu][core0] 466597.917756s: INF leader_app.cc:339 - Firmware Build Label: zum_tpu_20250217.0.0
09-05 22:51:04.174 I/Darwinn ( 1256): [/dev/edgetpu][core0] 466597.950419s: INF leader_app.cc:339 - Firmware Build Label: zum_tpu_20250217.0.0
09-05 22:51:04.174 I/Darwinn ( 1256): [/dev/edgetpu][core0] 466598.096962s: INF leader_app.cc:339 - Firmware Build Label: zum_tpu_20250217.0.0
09-05 22:51:04.192 I/native  ( 7238): I0000 00:00:1757137864.192560    7267 mapped-file.cc:101] File mapping at offset 65 of file /data/user/0/com.google.android.tts/files/datadownload/shared/public/datadownloadfile_1723173380059/entity_injection/JDQ_ONDEVICE.ONDEVICE_LARGE_SHORT.phoneme_expander.fst could not be honored, reading instead
09-05 22:51:04.192 I/native  ( 7238): I0000 00:00:1757137864.192763    7267 mapped-file.cc:101] File mapping at offset 85 of file /data/user/0/com.google.android.tts/files/datadownload/shared/public/datadownloadfile_1723173380059/entity_injection/JDQ_ONDEVICE.ONDEVICE_LARGE_SHORT.phoneme_expander.fst could not be honored, reading instead
09-05 22:51:04.194 I/ALT.StopAwareStartRslt( 7238): #audio# result(evn@504f270) synced first-byte-read
09-05 22:51:04.194 I/ALT.ProcFirstByteTime( 7238): #audio# mark first byte read result as non-empty, actual(20ms ago)
09-05 22:51:04.200 D/NativePermissionController( 1031): checkPermission: missing 13 for 10299
09-05 22:51:04.201 D/NativePermissionController( 1031): checkPermission: missing 13 for 10299
09-05 22:51:04.202 I/native  ( 7238): I0000 00:00:1757137864.202895    7267 mapped-file.cc:101] File mapping at offset 65 of file /data/user/0/com.google.android.tts/files/datadownload/shared/public/datadownloadfile_1723173380059/entity_injection/JDQ_ONDEVICE.ONDEVICE_LARGE_SHORT.pattern_tagger.fst could not be honored, reading instead
09-05 22:51:04.203 I/native  ( 7238): I0000 00:00:1757137864.203000    7267 mapped-file.cc:101] File mapping at offset 6845 of file /data/user/0/com.google.android.tts/files/datadownload/shared/public/datadownloadfile_1723173380059/entity_injection/JDQ_ONDEVICE.ONDEVICE_LARGE_SHORT.pattern_tagger.fst could not be honored, reading instead
09-05 22:51:04.203 I/native  ( 7238): I0000 00:00:1757137864.203098    7267 mapped-file.cc:101] File mapping at offset 65 of file /data/user/0/com.google.android.tts/files/datadownload/shared/public/datadownloadfile_1723173380059/entity_injection/JDQ_ONDEVICE.ONDEVICE_LARGE_SHORT.token_masker.fst could not be honored, reading instead
09-05 22:51:04.203 I/native  ( 7238): I0000 00:00:1757137864.203123    7267 mapped-file.cc:101] File mapping at offset 245 of file /data/user/0/com.google.android.tts/files/datadownload/shared/public/datadownloadfile_1723173380059/entity_injection/JDQ_ONDEVICE.ONDEVICE_LARGE_SHORT.token_masker.fst could not be honored, reading instead
09-05 22:51:04.205 D/NativePermissionController( 1031): checkPermission: missing 13 for 10299
09-05 22:51:04.206 D/NativePermissionController( 1031): checkPermission: missing 13 for 10299
09-05 22:51:04.214 I/ALT.ProcStartTime( 7238): #audio# processor(epa@29c124d) is being completed(REASON_REALTIME_GAP)
09-05 22:51:04.214 I/ALT.ProcStartTime( 7238): #audio# processor(epa@29c124d) done, processed(20000000ns), spent(19868937ns), deviation(-20000000ns)
09-05 22:51:04.215 I/ALT.StopAwareStartRslt( 7238): #audio# result(evn@504f270) synced audio-start-time
09-05 22:51:04.224 I/native  ( 7238): I0000 00:00:1757137864.224917    7267 mapped-file.cc:101] File mapping at offset 65 of file /data/user/0/com.google.android.tts/files/datadownload/shared/public/datadownloadfile_1723173380059/entity_injection/JDQ_ONDEVICE.ONDEVICE_LARGE_SHORT.blocklist.fst could not be honored, reading instead
09-05 22:51:04.224 I/native  ( 7238): I0000 00:00:1757137864.224979    7267 mapped-file.cc:101] File mapping at offset 465 of file /data/user/0/com.google.android.tts/files/datadownload/shared/public/datadownloadfile_1723173380059/entity_injection/JDQ_ONDEVICE.ONDEVICE_LARGE_SHORT.blocklist.fst could not be honored, reading instead
09-05 22:51:04.225 I/native  ( 7238): I0000 00:00:1757137864.225139    7267 greco_session.cc:266] Initialized ResourceManager.
09-05 22:51:04.226 I/native  ( 7238): I0000 00:00:1757137864.226143    7267 greco_session.cc:278] Initialized GoogleRecognizer.
09-05 22:51:04.267 I/native  ( 7238): I0000 00:00:1757137864.267917    7267 greco_session.cc:470] Setting ep_mode = confirmation
09-05 22:51:04.267 I/native  ( 7238): I0000 00:00:1757137864.267990    7267 greco_session.cc:490] Domain: VOICE_SEARCH
09-05 22:51:04.268 I/native  ( 7238): I0000 00:00:1757137864.268007    7267 greco_session.cc:361] Starting session verification
09-05 22:51:04.268 I/native  ( 7238): I0000 00:00:1757137864.268016    7267 greco_session.cc:616] Starting greco session.
09-05 22:51:04.271 W/native  ( 7238): W0000 00:00:1757137864.271489    7267 input-utils.cc:95] Skipping request_context without name.
09-05 22:51:04.272 W/native  ( 7238): W0000 00:00:1757137864.272342    7267 input-utils.cc:95] Skipping request_context without name.
09-05 22:51:04.292 I/vendor.google.edgetpu_app_service@1.0-service(  976): com.google.android.tts is allowed to access EdgeTPU.
09-05 22:51:04.299 I/native  ( 7238): I0000 00:00:1757137864.299203    7267 delegate_to_darwinn.cc:120] Thread scheduling change failed: PERMISSION_DENIED: Unable to set the scheduling policy: Operation not permitted
09-05 22:51:04.299 I/native  ( 7238): === Source Location Trace: ===
09-05 22:51:04.299 I/native  ( 7238): speech/greco3/core/cpu_thread_scheduler_android.cc:122
09-05 22:51:04.299 I/native  ( 7238): speech/greco3/core/cpu_thread_scheduler_android.cc:219
09-05 22:51:04.311 I/native  ( 7238): I0000 00:00:1757137864.311568    7267 delegate_to_darwinn.cc:120] Thread scheduling change failed: PERMISSION_DENIED: Unable to set the scheduling policy: Operation not permitted
09-05 22:51:04.311 I/native  ( 7238): === Source Location Trace: ===
09-05 22:51:04.311 I/native  ( 7238): speech/greco3/core/cpu_thread_scheduler_android.cc:122
09-05 22:51:04.311 I/native  ( 7238): speech/greco3/core/cpu_thread_scheduler_android.cc:219
09-05 22:51:04.325 I/native  ( 7238): I0000 00:00:1757137864.325481    7267 delegate_to_darwinn.cc:120] Thread scheduling change failed: PERMISSION_DENIED: Unable to set the scheduling policy: Operation not permitted
09-05 22:51:04.325 I/native  ( 7238): === Source Location Trace: ===
09-05 22:51:04.325 I/native  ( 7238): speech/greco3/core/cpu_thread_scheduler_android.cc:122
09-05 22:51:04.325 I/native  ( 7238): speech/greco3/core/cpu_thread_scheduler_android.cc:219
09-05 22:51:04.347 I/native  ( 7238): I0000 00:00:1757137864.347104    7267 greco_session.cc:964] Resetting Greco Session with reason: 5
09-05 22:51:04.347 I/native  ( 7238): I0000 00:00:1757137864.347179    7267 greco_session.cc:677] Cancelling session.
09-05 22:51:04.351 W/native  ( 7238): W0000 00:00:1757137864.351055    7267 decoder_endpointer_stream.cc:246] Acoustic ep reader thread cancelled.
09-05 22:51:04.351 W/native  ( 7238): W0000 00:00:1757137864.351098    7267 decoder_endpointer_stream.cc:246] Prefetch reader thread cancelled.
09-05 22:51:04.371 I/Darwinn ( 1256): [/dev/edgetpu][core0] 466598.224882s: INF leader_app.cc:339 - Firmware Build Label: zum_tpu_20250217.0.0
09-05 22:51:04.402 I/native  ( 7238): I0000 00:00:1757137864.402846    7267 greco_session.cc:368] Setup completed
09-05 22:51:04.403 I/native  ( 7238): I0000 00:00:1757137864.403251    7267 soda_impl.cc:862] Server ASR Disabled
09-05 22:51:04.403 I/native  ( 7238): I0000 00:00:1757137864.403266    7267 soda_impl.cc:982] Initializing audio logger
09-05 22:51:04.403 I/native  ( 7238): I0000 00:00:1757137864.403290    7267 audio_logging_manager.cc:191] Using in-memory storage due to cache settings.
09-05 22:51:04.403 I/native  ( 7238): I0000 00:00:1757137864.403508    7267 soda_impl.cc:1008] Enabled 7 processors: mics, resampler, loopback_resampler, lag_detector, power_evaluator, preamble_processor, terse_processor
09-05 22:51:04.403 I/native  ( 7238): I0000 00:00:1757137864.403555    7267 soda_async_impl.cc:515] Will attempt to run SODA at thread priority -20
09-05 22:51:04.403 I/native  ( 7238): I0000 00:00:1757137864.403578    7267 hybrid_selector_impl.cc:100] HybridSelector: Disabled
09-05 22:51:04.403 I/native  ( 7238): I0000 00:00:1757137864.403620   20473 audio_logging_manager.cc:1497] Cleaned storage:OK
09-05 22:51:04.403 I/ConcurrentSodaManager( 7238): Initialized SODA with status: 0
09-05 22:51:04.404 I/ConcurrentSodaManager( 7238): #cancelTimeout
09-05 22:51:04.404 I/SodaSpeechRecognizer( 7238): Offline recognizer - start detection
09-05 22:51:04.404 I/ConcurrentSodaManager( 7238): #startDetection with input stream
09-05 22:51:04.404 I/SodaAudioPusher( 7238): channelCount 1, sampleRate 16000
09-05 22:51:04.404 I/native  ( 7238): I0000 00:00:1757137864.404983    7267 soda_client.cc:330] Starting capture.
09-05 22:51:04.405 I/native  ( 7238): I0000 00:00:1757137864.405025    7267 soda_async_impl.cc:629] SODA session starting (require_hotword:0, hotword_timeout_in_millis:0, trigger_type:TRIGGER_TYPE_UNSPECIFIED, hybrid_asr_config.mode:MODE_DEFAULT)
09-05 22:51:04.405 I/native  ( 7238): I0000 00:00:1757137864.405075    7267 hybrid_selector_impl.cc:100] HybridSelector: Disabled
09-05 22:51:04.407 I/native  ( 7238): I0000 00:00:1757137864.407049   20439 hybrid_selector_impl.cc:107] StartSession
09-05 22:51:04.407 I/SodaSpeechRecognizer( 7238): #handleStart
09-05 22:51:04.407 I/ConcurrentSodaManager( 7238): #cancelTimeout
09-05 22:51:04.407 I/SodaAudioPusher( 7238): Starting to push audio to Soda
09-05 22:51:04.407 I/native  ( 7238): I0000 00:00:1757137864.407886   20439 soda_async_impl.cc:1335] SODA received first mic audio buffer, size in bytes: 320, format: 1, channels: 1, sample rate: 16000
09-05 22:51:04.408 I/native  ( 7238): I0000 00:00:1757137864.408063   20439 asr_processor.cc:160] No asr session is active, starting a new one on input audio.
09-05 22:51:04.408 I/native  ( 7238): I0000 00:00:1757137864.408158   20439 greco_session.cc:616] Starting greco session.
09-05 22:51:04.431 I/vendor.google.edgetpu_app_service@1.0-service(  976): com.google.android.tts is allowed to access EdgeTPU.
09-05 22:51:04.439 I/AudioPlayer( 7238): Audio track end of file reached
09-05 22:51:04.439 D/AudioTrack( 7238): stop(12974): called with 4313 frames delivered
09-05 22:51:04.440 E/AppOps  ( 1520): attributionTag  not declared in manifest of com.google.android.tts
09-05 22:51:04.441 E/AppOps  ( 1520): attributionTag  not declared in manifest of com.google.android.tts
09-05 22:51:04.447 I/native  ( 7238): I0000 00:00:1757137864.447247   20439 delegate_to_darwinn.cc:120] Thread scheduling change failed: PERMISSION_DENIED: Unable to set the scheduling policy: Operation not permitted
09-05 22:51:04.447 I/native  ( 7238): === Source Location Trace: ===
09-05 22:51:04.447 I/native  ( 7238): speech/greco3/core/cpu_thread_scheduler_android.cc:122
09-05 22:51:04.447 I/native  ( 7238): speech/greco3/core/cpu_thread_scheduler_android.cc:219
09-05 22:51:04.478 I/native  ( 7238): I0000 00:00:1757137864.478839   20439 delegate_to_darwinn.cc:120] Thread scheduling change failed: PERMISSION_DENIED: Unable to set the scheduling policy: Operation not permitted
09-05 22:51:04.478 I/native  ( 7238): === Source Location Trace: ===
09-05 22:51:04.478 I/native  ( 7238): speech/greco3/core/cpu_thread_scheduler_android.cc:122
09-05 22:51:04.478 I/native  ( 7238): speech/greco3/core/cpu_thread_scheduler_android.cc:219
09-05 22:51:04.491 D/AHal::UseCase(  978): SetActiveTracks: update primary-playback active tracks(1)
09-05 22:51:04.491 I/StHal::SoundTriggerHal(  978): ProcessStreamMetadata: active usage tracks: 0
09-05 22:51:04.492 D/BTAudioSessionAidl(  978): UpdateSourceMetadata - SessionType=LE_AUDIO_HARDWARE_OFFLOAD_ENCODING_DATAPATH has NO session
09-05 22:51:04.492 D/BTAudioSessionAidl(  978): GetSupportedLatencyModes - SessionType=LE_AUDIO_HARDWARE_OFFLOAD_ENCODING_DATAPATH has NO session
09-05 22:51:04.492 D/BTAudioSessionAidl(  978): SetLatencyMode - SessionType=LE_AUDIO_HARDWARE_OFFLOAD_ENCODING_DATAPATH has NO session
09-05 22:51:04.492 D/BTAudioSessionAidl(  978): GetSupportedLatencyModes - SessionType=A2DP_HARDWARE_OFFLOAD_ENCODING_DATAPATH has NO session
09-05 22:51:04.492 D/BTAudioSessionAidl(  978): SetLatencyMode - SessionType=A2DP_HARDWARE_OFFLOAD_ENCODING_DATAPATH has NO session
09-05 22:51:04.503 I/native  ( 7238): I0000 00:00:1757137864.503019   20439 delegate_to_darwinn.cc:120] Thread scheduling change failed: PERMISSION_DENIED: Unable to set the scheduling policy: Operation not permitted
09-05 22:51:04.503 I/native  ( 7238): === Source Location Trace: ===
09-05 22:51:04.503 I/native  ( 7238): speech/greco3/core/cpu_thread_scheduler_android.cc:122
09-05 22:51:04.503 I/native  ( 7238): speech/greco3/core/cpu_thread_scheduler_android.cc:219
09-05 22:51:04.508 D/AOC     ( 1260): F1:[Idle Tracker] long no idle:[0] average between idle:[1.308333ms] max no idle:[43.426802ms]
