Configuration on demand is an incubating feature.
> Task :app:checkKotlinGradlePluginConfigurationErrors SKIPPED
> Task :app:preBuild UP-TO-DATE
> Task :app:preDebugBuild UP-TO-DATE
> Task :app:generateDebugBuildConfig UP-TO-DATE
> Task :app:checkDebugAarMetadata UP-TO-DATE
> Task :app:generateDebugResValues UP-TO-DATE
> Task :app:mapDebugSourceSetPaths UP-TO-DATE
> Task :app:generateDebugResources UP-TO-DATE
> Task :app:mergeDebugResources UP-TO-DATE
> Task :app:packageDebugResources UP-TO-DATE
> Task :app:parseDebugLocalResources UP-TO-DATE
> Task :app:createDebugCompatibleScreenManifests UP-TO-DATE
> Task :app:extractDeepLinksDebug UP-TO-DATE
> Task :app:processDebugMainManifest UP-TO-DATE
> Task :app:processDebugManifest UP-TO-DATE
> Task :app:processDebugManifestForPackage UP-TO-DATE
> Task :app:processDebugResources UP-TO-DATE
> Task :app:kspDebugKotlin UP-TO-DATE
> Task :app:kaptGenerateStubsDebugKotlin UP-TO-DATE
> Task :app:kaptDebugKotlin UP-TO-DATE
> Task :app:compileDebugKotlin UP-TO-DATE
> Task :app:javaPreCompileDebug UP-TO-DATE
> Task :app:compileDebugJavaWithJavac UP-TO-DATE
> Task :app:mergeDebugShaders UP-TO-DATE
> Task :app:compileDebugShaders NO-SOURCE
> Task :app:generateDebugAssets UP-TO-DATE
> Task :app:mergeDebugAssets UP-TO-DATE
> Task :app:compressDebugAssets UP-TO-DATE
> Task :app:hiltAggregateDepsDebug UP-TO-DATE
> Task :app:hiltJavaCompileDebug UP-TO-DATE
> Task :app:processDebugJavaRes UP-TO-DATE
> Task :app:mergeDebugJavaResource UP-TO-DATE
> Task :app:checkDebugDuplicateClasses UP-TO-DATE
> Task :app:desugarDebugFileDependencies UP-TO-DATE
> Task :app:mergeExtDexDebug UP-TO-DATE
> Task :app:mergeLibDexDebug UP-TO-DATE
> Task :app:transformDebugClassesWithAsm UP-TO-DATE
> Task :app:dexBuilderDebug UP-TO-DATE
> Task :app:mergeProjectDexDebug UP-TO-DATE
> Task :app:mergeDebugJniLibFolders UP-TO-DATE
> Task :app:mergeDebugNativeLibs UP-TO-DATE
> Task :app:stripDebugDebugSymbols UP-TO-DATE
> Task :app:validateSigningDebug UP-TO-DATE
> Task :app:writeDebugAppMetadata UP-TO-DATE
> Task :app:writeDebugSigningConfigVersions UP-TO-DATE
> Task :app:packageDebug UP-TO-DATE
> Task :app:createDebugApkListingFileRedirect UP-TO-DATE
> Task :app:bundleDebugClassesToCompileJar UP-TO-DATE
> Task :app:preDebugAndroidTestBuild SKIPPED
> Task :app:processDebugAndroidTestManifest UP-TO-DATE
> Task :app:generateDebugAndroidTestBuildConfig UP-TO-DATE
> Task :app:checkDebugAndroidTestAarMetadata UP-TO-DATE
> Task :app:generateDebugAndroidTestResValues UP-TO-DATE
> Task :app:mapDebugAndroidTestSourceSetPaths UP-TO-DATE
> Task :app:generateDebugAndroidTestResources UP-TO-DATE
> Task :app:mergeDebugAndroidTestResources UP-TO-DATE
> Task :app:processDebugAndroidTestResources UP-TO-DATE
> Task :app:javaPreCompileDebugAndroidTest UP-TO-DATE
> Task :app:mergeDebugAndroidTestShaders UP-TO-DATE
> Task :app:compileDebugAndroidTestShaders NO-SOURCE
> Task :app:generateDebugAndroidTestAssets UP-TO-DATE
> Task :app:mergeDebugAndroidTestAssets UP-TO-DATE
> Task :app:compressDebugAndroidTestAssets UP-TO-DATE
> Task :app:checkDebugAndroidTestDuplicateClasses UP-TO-DATE
> Task :app:desugarDebugAndroidTestFileDependencies UP-TO-DATE
> Task :app:mergeExtDexDebugAndroidTest UP-TO-DATE
> Task :app:mergeLibDexDebugAndroidTest UP-TO-DATE
> Task :app:mergeDebugAndroidTestJniLibFolders UP-TO-DATE
> Task :app:mergeDebugAndroidTestNativeLibs NO-SOURCE
> Task :app:stripDebugAndroidTestDebugSymbols NO-SOURCE
> Task :app:validateSigningDebugAndroidTest UP-TO-DATE
> Task :app:writeDebugAndroidTestSigningConfigVersions UP-TO-DATE
> Task :app:kspDebugAndroidTestKotlin
> Task :app:kaptGenerateStubsDebugAndroidTestKotlin

> Task :app:kaptDebugAndroidTestKotlin
warning: The following options were not recognized by any processor: '[dagger.fastInit, kapt.kotlin.generated]'

> Task :app:compileDebugAndroidTestKotlin
> Task :app:compileDebugAndroidTestJavaWithJavac
> Task :app:hiltAggregateDepsDebugAndroidTest UP-TO-DATE
> Task :app:hiltJavaCompileDebugAndroidTest
> Task :app:processDebugAndroidTestJavaRes UP-TO-DATE
> Task :app:mergeDebugAndroidTestJavaResource UP-TO-DATE
> Task :app:transformDebugAndroidTestClassesWithAsm
> Task :app:dexBuilderDebugAndroidTest
> Task :app:mergeProjectDexDebugAndroidTest
> Task :app:packageDebugAndroidTest
> Task :app:createDebugAndroidTestApkListingFileRedirect UP-TO-DATE

> Task :app:connectedDebugAndroidTest
Starting 71 tests on Pixel 8 - 15

Pixel 8 - 15 Tests 8/71 completed. (0 skipped) (0 failed)
Pixel 8 - 15 Tests 18/71 completed. (0 skipped) (0 failed)
Pixel 8 - 15 Tests 28/71 completed. (0 skipped) (0 failed)

> Task :app:connectedDebugAndroidTest

com.example.whiz.ui.screens.LoginScreenTest > app_startsWithoutCrashAndHiltWorks[Pixel 8 - 15] [31mFAILED [0m
	java.lang.AssertionError: Assert failed: The component is not displayed!
	at androidx.compose.ui.test.AssertionsKt.assertIsDisplayed(Assertions.kt:34)

com.example.whiz.ui.screens.LoginScreenTest > app_displaysExpectedScreen[Pixel 8 - 15] [31mFAILED [0m
	java.lang.AssertionError: Assert failed: The component is not displayed!
	at androidx.compose.ui.test.AssertionsKt.assertIsDisplayed(Assertions.kt:34)

com.example.whiz.ui.screens.LoginScreenTest > loginScreen_elementsWorkIfPresent[Pixel 8 - 15] [31mFAILED [0m
	java.lang.AssertionError: Assert failed: The component is not displayed!
	at androidx.compose.ui.test.AssertionsKt.assertIsDisplayed(Assertions.kt:34)

Pixel 8 - 15 Tests 33/71 completed. (0 skipped) (3 failed)
Pixel 8 - 15 Tests 46/71 completed. (0 skipped) (3 failed)
Pixel 8 - 15 Tests 64/71 completed. (0 skipped) (3 failed)
Finished 71 tests on Pixel 8 - 15

> Task :app:connectedDebugAndroidTest
Tests on Pixel 8 - 15 failed: There was 3 failure(s).

> Task :app:connectedDebugAndroidTest FAILED

FAILURE: Build failed with an exception.

* What went wrong:
Execution failed for task ':app:connectedDebugAndroidTest'.
> There were failing tests. See the report at: file:///Users/ruthgracewong/whiz/whizvoiceapp/app/build/reports/androidTests/connected/debug/index.html

* Try:
> Run with --stacktrace option to get the stack trace.
> Run with --info or --debug option to get more log output.
> Run with --scan to get full insights.
> Get more help at https://help.gradle.org.

BUILD FAILED in 2m 54s
77 actionable tasks: 11 executed, 66 up-to-date
