03-07 16:37:54.823  6398  6398 D WhizRepository:   - Server chat: id=9731, title='Hello, can you please send a WhatsApp message to +...', optimisticChatId=-1765063575049
03-07 16:37:54.823  6398  6398 D WhizRepository:   - Server chat: id=9730, title='Hello, can you please send a WhatsApp message to +...', optimisticChatId=-1765063120363
03-07 16:37:54.823  6398  6398 D WhizRepository:   - Server chat: id=9729, title='Hello, can you please send a WhatsApp message to +...', optimisticChatId=-1765062912494
03-07 16:37:54.823  6398  6398 D WhizRepository:   - Server chat: id=9726, title='Hello, can you please send a WhatsApp message to +...', optimisticChatId=-1765045120677
03-07 16:37:54.823  6398  6398 D WhizRepository:   - Server chat: id=9711, title='Looking at your questions, I can see this appears ...', optimisticChatId=-1764872609403
03-07 16:37:54.823  6398  6398 D WhizRepository:   - Server chat: id=9704, title='Hello Claude', optimisticChatId=-1764872494932
03-07 16:37:54.823  6398  6398 D WhizRepository:   - Server chat: id=9693, title='Hello, can you please send a WhatsApp message to +...', optimisticChatId=-1764830270172
03-07 16:37:54.823  6398  6398 D WhizRepository:   - Server chat: id=9692, title='Hello, can you please send a WhatsApp message to +...', optimisticChatId=-1764829699352
03-07 16:37:54.823  6398  6398 D WhizRepository:   - Server chat: id=9684, title='The Clock app is now open! You'll see a bubble ove...', optimisticChatId=-1764829471262
03-07 16:37:54.823  6398  6398 D WhizRepository:   - Server chat: id=9681, title='Hello Claude', optimisticChatId=-1764829438157
03-07 16:37:54.823  6398  6398 D WhizRepository:   - Server chat: id=9672, title='of the other one', optimisticChatId=-1764829120196
03-07 16:37:54.823  6398  6398 D WhizRepository:   - Server chat: id=9671, title='Hey can you play Golden from Kpop Demon Hunters on...', optimisticChatId=-1764829053751
03-07 16:37:54.823  6398  6398 D WhizRepository:   - Server chat: id=9659, title='Hello Claude', optimisticChatId=-1764827914343
03-07 16:37:54.823  6398  6398 D WhizRepository:   - Server chat: id=9629, title='I see you're running a test with multiple question...', optimisticChatId=-1764818424642
03-07 16:37:54.823  6398  6398 D WhizRepository:   - Server chat: id=9577, title='Can you tell me about Mars in 30 words exactly? - ...', optimisticChatId=-1764789290779
03-07 16:37:54.823  6398  6398 D WhizRepository:   - Server chat: id=9477, title='Can you tell me about Mars in 30 words exactly? - ...', optimisticChatId=-1764717729348
03-07 16:37:54.823  6398  6398 D WhizRepository:   - Server chat: id=9315, title='Hello Claude', optimisticChatId=-1764655490213
03-07 16:37:54.823  6398  6398 D WhizRepository:   - Server chat: id=9266, title='we', optimisticChatId=-1764634104522
03-07 16:37:54.823  6398  6398 D WhizRepository:   - Server chat: id=9250, title='Hello, can you please send a message to +1(628)209...', optimisticChatId=-1764620740148
03-07 16:37:54.823  6398  6398 D WhizRepository:   - Server chat: id=9238, title='Hello Claude', optimisticChatId=-1764457227122
03-07 16:37:54.823  6398  6398 D WhizRepository:   - Server chat: id=9086, title='Rome 157 2.8 Pizza', optimisticChatId=-1764185883061
03-07 16:37:54.823  6398  6398 D WhizRepository:   - Server chat: id=9042, title='I see you're running a test with multiple question...', optimisticChatId=-1764177049106
03-07 16:37:54.823  6398  6398 D WhizRepository:   - Server chat: id=8960, title='I appreciate the question so we have updated our s...', optimisticChatId=-1764116966661
03-07 16:37:54.823  6398  6398 D WhizRepository:   - Server chat: id=8938, title='Rome 50-meters 3-million Pizza', optimisticChatId=-1764017406447
03-07 16:37:54.823  6398  6398 D WhizRepository:   - Server chat: id=8930, title='Can you tell me about Mars in 30 words exactly? - ...', optimisticChatId=-1764017314920
03-07 16:37:54.823  6398  6398 D WhizRepository:   - Server chat: id=8839, title='The Clock app is now open! You should see the cloc...', optimisticChatId=-1763926638582
03-07 16:37:54.823  6398  6398 D WhizRepository:   - Server chat: id=8818, title='Can you tell me about Mars in 30 words exactly? - ...', optimisticChatId=-1763924785617
03-07 16:37:54.823  6398  6398 D WhizRepository:   - Server chat: id=8784, title='Can you tell me about Mars in 30 words exactly? - ...', optimisticChatId=-1763921439738
03-07 16:37:54.823  6398  6398 D WhizRepository:   - Server chat: id=8752, title='Rome 48 2.8M Pizza', optimisticChatId=-1763919174561
03-07 16:37:54.823  6398  6398 D WhizRepository:   - Server chat: id=8746, title='how about yourself', optimisticChatId=-1763919034648
03-07 16:37:54.823  6398  6398 D WhizRepository:   - Server chat: id=8734, title='Rome 48 2.8 Pizza', optimisticChatId=-1763916258360
03-07 16:37:54.823  6398  6398 D WhizRepository:   - Server chat: id=8707, title='mindfulness has already returned', optimisticChatId=-1763752219005
03-07 16:37:54.823  6398  6398 D WhizRepository:   - Server chat: id=8703, title='Rome 157 2.8 Pizza', optimisticChatId=-1763752154658
03-07 16:37:54.823  6398  6398 D WhizRepository:   - Server chat: id=8697, title='like the same time but it is safe to both', optimisticChatId=-1763752029483
03-07 16:37:54.823  6398  6398 D WhizRepository:   - Server chat: id=8685, title='Rome 157 2.8 Pizza', optimisticChatId=-1763748717868
03-07 16:37:54.823  6398  6398 D WhizRepository:   - Server chat: id=8596, title='Rome 157 2.8 Pizza', optimisticChatId=-1763665482642
03-07 16:37:54.875  6398  6398 D WhizRepository: 🔍 getAllChatsFlow: Got 5 chats from local database
03-07 16:37:54.875  6398  6398 D WhizRepository: getAllChatsFlow: Returning 0 optimistic + 364 server = 364 total chats
03-07 16:37:56.318  6398  6398 D ChatViewModel: [LOG] updateInputText called. Setting text from '' to: 'find City Hall on Google Maps', fromVoice: true
03-07 16:37:56.318  6398  6398 D ChatViewModel: [RACE_DEBUG] updateInputText: Stack trace: dalvik.system.VMStack.getThreadStackTrace(Native Method), java.lang.Thread.getStackTrace(Thread.java:1841), com.example.whiz.ui.viewmodels.ChatViewModel.updateInputText(ChatViewModel.kt:1661), com.example.whiz.test.TestTranscriptionReceiver$onReceive$3.invokeSuspend(TestTranscriptionReceiver.kt:125), kotlin.coroutines.jvm.internal.BaseContinuationImpl.resumeWith(ContinuationImpl.kt:33)
03-07 16:37:56.318  6398  6398 D ChatViewModel: [RACE_DEBUG] updateInputText: Text actually set to: 'find City Hall on Google Maps'
03-07 16:37:56.319  6398  6398 D ChatViewModel: 📤 SEND_USER_INPUT: Starting send for content='find City Hall on Google Maps'
03-07 16:37:56.320  6398  6398 D WhizRepository: createChatOptimistic: creating local chat with title 'find City Hall on Go...' for optimistic UI
03-07 16:37:56.322  6398  6398 D WhizRepository: createChatOptimistic: created optimistic local chat with NEGATIVE id -1772930276320 and title 'find City Hall on Go...'
03-07 16:37:56.322  6398  6398 D WhizRepository: addUserMessageOptimistic: adding optimistic user message to chat -1772930276320 (original: -1772930276320, migrated: false) with requestId: 7d189ee2-a1c2-4449-9c55-90bdd45dca93, timestamp: 1772930276320
03-07 16:37:56.327  6398  6398 D WhizRepository: addUserMessageOptimistic: added optimistic message 14 to chat -1772930276320 with requestId: 7d189ee2-a1c2-4449-9c55-90bdd45dca93
03-07 16:37:56.327  6398  6398 D ChatViewModel: 🔥 messages flow: Chat ID changed to -1772930276320
03-07 16:37:56.327  6398  6398 D WhizRepository: 🔥 REPOSITORY_DEBUG: getMessagesForChat called for chatId=-1772930276320
03-07 16:37:56.328  6398  6398 D ChatViewModel: Updated active conversation in ConnectionStateManager: -1772930276320
03-07 16:37:56.331  6398  6398 D ChatViewModel: 🧵 THREAD DEBUG: About to wait for message in flow on thread: main
03-07 16:37:56.352  6398  6398 D ChatViewModel: 🔍 DEDUP_DEBUG: Processing 1 messages for chat -1772930276320:
03-07 16:37:56.352  6398  6398 D ChatViewModel: 🔥 MESSAGES_FLOW_DEBUG: Emitting 1 messages to UI for chat -1772930276320
03-07 16:37:56.352  6398  6398 D ChatViewModel: 🔍 DEDUP_DEBUG:   [0] ID:14 Type:USER RequestID:7d189ee2-a1c2-4449-9c55-90bdd45dca93 Timestamp:1772930276320 Content:'find City Hall on Google Maps...'
03-07 16:37:56.352  6398  6398 D ChatViewModel: 🔍 DEDUP_DEBUG: Creating key for message ID:14 RequestID:7d189ee2-a1c2-4449-9c55-90bdd45dca93 -> (7d189ee2-a1c2-4449-9c55-90bdd45dca93, USER)
03-07 16:37:56.353  6398  6398 D ChatViewModel: [LOG] sendUserInput: Message appeared in flow after 22ms, clearing input field
03-07 16:37:56.353  6398  6398 D ChatViewModel: 🧵 THREAD DEBUG: Message appeared on thread: main
03-07 16:37:56.353  6398  6398 D ChatViewModel: [LOG] sendUserInput: Clearing input field after optimistic message added: 'find City Hall on Google Maps'
03-07 16:37:56.353  6398  6398 D ChatViewModel: [RACE_DEBUG] sendUserInput: Current input matches sent message ('find City Hall on Google Maps' == 'find City Hall on Google Maps'), clearing...
03-07 16:37:56.353  6398  6398 D ChatViewModel: [RACE_DEBUG] sendUserInput: Input text cleared to: ''
03-07 16:37:56.354  6398  6398 D ChatViewModel: 📤 CALLING whizServerRepository.sendMessage: requestId=7d189ee2-a1c2-4449-9c55-90bdd45dca93, content='find City Hall on Google Maps', chatId=-1772930276320, timestamp=1772930276320
03-07 16:37:56.355  6398  6398 D ChatViewModel: Message queued for retry
03-07 16:37:56.401  6398  6398 D ChatViewModel: 📝 Migrating chat ID from -1 to -1772930276320 (keeping WebSocket connected)
03-07 16:37:56.401  6398  6398 D ChatViewModel: ✅ Chat ID migration complete. WebSocket remains connected: false
03-07 16:37:56.483  6398  6398 D ChatViewModel: 🧵 THREAD DEBUG: Processing WebSocket event on thread: main
03-07 16:37:56.483  6398  6398 D ChatViewModel: WebSocketEvent.Connected: Called. isReconnectingAfterDisconnect=false
03-07 16:37:56.483  6398  6398 D ChatViewModel: WebSocketEvent.Connected: Resetting isDisconnectingForAuthError to false.
03-07 16:37:56.483  6398  6398 D ChatViewModel: WebSocketEvent.Connected: Syncing messages for chat -1772930276320 (reconnect=false)
03-07 16:37:56.494  6398  6398 D WhizRepository: deleteAssistantMessageByRequestId: Deleted 0 message(s) for requestId CONNECTION_ERROR in chat -1772930276320
03-07 16:37:56.494  6398  6398 D WhizRepository: fetchMessagesWithRetry: Attempt 1/4 for chat -1772930276320
03-07 16:37:56.512  6398  6452 D WhizRepository: No user messages have bot responses, using first user message timestamp: 1772930276320
03-07 16:37:56.512  6398  6452 D WhizRepository: fetchMessagesWithDeduplication: Starting new API request for chat -1772930276320 with since=2026-03-08T00:37:56.320Z
03-07 16:37:56.584  6398  6452 D WhizRepository: fetchMessagesWithDeduplication: Got 404 for optimistic chat -1772930276320, checking for server-backed version
03-07 16:37:56.585  6398  6452 D WhizRepository: fetchMessagesWithDeduplication: No known migration for -1772930276320, checking server conversations
03-07 16:37:56.705  6398  6452 D WhizRepository: fetchMessagesWithDeduplication: Found server chat 15123 that references optimistic chat -1772930276320
03-07 16:37:56.707  6398  6452 D WhizRepository: migrateChatMessages: 🔄 STARTING migration from chat -1772930276320 to chat 15123 (1 messages to migrate)
03-07 16:37:56.708  6398  6452 D WhizRepository: migrateChatMessages: 🔍 DEBUG - Total messages in DB: 12
03-07 16:37:56.708  6398  6452 D WhizRepository: migrateChatMessages: 🔍 DEBUG - All messages: [ID:14 ChatID:-1772930276320 Type:USER Content:'find City Hall on Google Maps...', ID:13 ChatID:15122 Type:ASSISTANT Content:'I found **City of Tulsa: Mayor...', ID:12 ChatID:15122 Type:ASSISTANT Content:'I found **City of Tulsa: Mayor...', ID:11 ChatID:15122 Type:USER Content:'find City Hall on Google Maps...', ID:10 ChatID:15121 Type:ASSISTANT Content:'I found **Tulsa City Clerk** o...', ID:9 ChatID:15121 Type:ASSISTANT Content:'I found **Tulsa City Clerk** o...', ID:8 ChatID:15121 Type:USER Content:'find City Hall on Google Maps...', ID:7 ChatID:15099 Type:USER Content:'find City Hall on Google Maps...', ID:6 ChatID:15094 Type:USER Content:'find City Hall on Google Maps...', ID:4 ChatID:15070 Type:ASSISTANT Content:'I'm having trouble getting a r...', ID:3 ChatID:15070 Type:ASSISTANT Content:'I'm having trouble getting a r...', ID:2 ChatID:15070 Type:USER Content:'find City Hall on Google Maps...']
03-07 16:37:56.709  6398  6452 D WhizRepository: migrateChatMessages: ✅ Registered migration -1772930276320 → 15123 - no new messages should be added to old chat
03-07 16:37:56.709  6398  6452 D WhizRepository: migrateChatMessages: 🏗️ Target chat 15123 doesn't exist, creating it first
03-07 16:37:56.710  6398  6398 D ChatViewModel: Chat migration detected: updating chat ID from -1772930276320 to 15123
03-07 16:37:56.710  6398  6398 D ChatViewModel: 🔥 messages flow: Chat ID changed to 15123
03-07 16:37:56.710  6398  6398 D WhizRepository: 🔥 REPOSITORY_DEBUG: getMessagesForChat called for chatId=15123
03-07 16:37:56.710  6398  6398 D ChatViewModel: Updated active conversation in ConnectionStateManager: 15123
03-07 16:37:56.710  6398  6398 D ChatViewModel: Chat ID migration complete: 15123
03-07 16:37:56.711  6398  6452 D WhizRepository: migrateChatMessages: ✅ Created target chat 15123 with title 'find City Hall on Go...'
03-07 16:37:56.712  6398  6398 D ChatViewModel: 🔍 DEDUP_DEBUG: Processing 0 messages for chat 15123:
03-07 16:37:56.712  6398  6398 D ChatViewModel: 🔥 MESSAGES_FLOW_DEBUG: Emitting 0 messages to UI for chat 15123
03-07 16:37:56.723  6398  6420 D WhizRepository: migrateChatMessages: 📊 Found 1 messages to migrate from chat -1772930276320
03-07 16:37:56.724  6398  6452 D WhizRepository: migrateChatMessages: 📊 Found 0 messages already in target chat 15123
03-07 16:37:56.724  6398  6452 D WhizRepository: migrateChatMessages: 📋 Messages to migrate: [ID:14 Type:USER Content:'find City Hall on Google Maps...']
03-07 16:37:56.725  6398  6452 D WhizRepository: migrateChatMessages: 🚀 BATCH: Migrating 1 messages from chat -1772930276320 to 15123 in single operation
03-07 16:37:56.727  6398  6452 D WhizRepository: migrateChatMessages: ✅ BATCH: Successfully migrated 1 messages in single operation
03-07 16:37:56.727  6398  6452 D WhizRepository: migrateChatMessages: ✅ COMPLETED migration of 1 messages from chat -1772930276320 to 15123
03-07 16:37:56.734  6398  6454 D WhizRepository: migrateChatMessages: ✅ Verification: source has 0 messages, target has 1 messages
03-07 16:37:56.739  6398  6454 D WhizRepository: migrateChatMessages: deleted optimistic chat -1772930276320
03-07 16:37:56.740  6398  6398 D ChatViewModel: 🔍 DEDUP_DEBUG: Processing 1 messages for chat 15123:
03-07 16:37:56.740  6398  6398 D ChatViewModel: 🔥 MESSAGES_FLOW_DEBUG: Emitting 1 messages to UI for chat 15123
03-07 16:37:56.740  6398  6398 D ChatViewModel: 🔍 DEDUP_DEBUG:   [0] ID:14 Type:USER RequestID:7d189ee2-a1c2-4449-9c55-90bdd45dca93 Timestamp:1772930276320 Content:'find City Hall on Google Maps...'
03-07 16:37:56.740  6398  6398 D ChatViewModel: 🔍 DEDUP_DEBUG: Creating key for message ID:14 RequestID:7d189ee2-a1c2-4449-9c55-90bdd45dca93 -> (7d189ee2-a1c2-4449-9c55-90bdd45dca93, USER)
03-07 16:37:56.821  6398  6454 D WhizRepository: fetchMessagesWithDeduplication: RAW[0] id=111319 type=USER cancelled=null requestId=7d189ee2-a1c2-4449-9c55-90bdd45dca93 content='find City Hall on Google Maps...'
03-07 16:37:56.822  6398  6454 D WhizRepository: fetchMessagesWithDeduplication: Retrieved 1 messages (1 non-cancelled) from server chat 15123
03-07 16:37:56.822  6398  6454 D WhizRepository: fetchMessagesWithDeduplication: Cleaned up request tracking for chat -1772930276320
03-07 16:37:56.822  6398  6398 D WhizRepository: fetchMessagesWithRetry: Success on attempt 1 for chat -1772930276320, got 1 messages
03-07 16:37:56.822  6398  6398 D ChatViewModel: WebSocketEvent.Connected: Retrieved 1 messages from server for chat -1772930276320
03-07 16:37:56.822  6398  6398 D WhizRepository: refreshMessages: cleared ongoing request tracking
03-07 16:37:56.822  6398  6398 D ChatViewModel: Checking for orphaned messages in chat -1772930276320
03-07 16:37:56.822  6398  6398 D ChatViewModel: No orphaned messages found in chat -1772930276320
03-07 16:37:56.825  6398  6454 D WhizRepository: migrateChatMessages: Migration from -1772930276320 to 15123 already completed - source empty, target has 1 messages
03-07 16:37:56.825  6398  6454 D WhizRepository: fetchMessagesWithDeduplication: Message migration completed for -1772930276320 → 15123
03-07 16:37:59.641  6398  6398 D ChatViewModel: 🧵 THREAD DEBUG: Processing WebSocket event on thread: main
03-07 16:37:59.641  6398  6398 I ChatViewModel: 🔧 TOOL EXECUTION EVENT RECEIVED IN CHATVIEWMODEL
03-07 16:37:59.641  6398  6398 I ChatViewModel: 🔧 Tool request: {"type":"tool_execution","tool":"agent_search_google_maps_location","request_id":"tool_f77c7f04","params":{"address":"City Hall"},"conversation_id":-1772930276320}
03-07 16:37:59.641  6398  6398 I ChatViewModel: 🔧 Tool name: agent_search_google_maps_location
03-07 16:37:59.641  6398  6398 I ChatViewModel: 🔧 Request ID: tool_f77c7f04
03-07 16:37:59.641  6398  6398 I ChatViewModel: 🔧 Calling toolExecutor.executeToolFromJson
03-07 16:37:59.645  6398  6398 D ScreenAgentTools: Attempting to search for location in Google Maps: City Hall
03-07 16:37:59.645  6398  6398 D ScreenAgentTools: Launching Google Maps search with geo: intent for query: City Hall
03-07 16:37:59.657  6398  6398 I ScreenAgentTools: 🔵 startBubbleOverlay() called
03-07 16:37:59.658  6398  6398 I ScreenAgentTools: 🔵 About to call BubbleOverlayService.start()
03-07 16:37:59.659  6398  6398 I ScreenAgentTools: 🔵 BubbleOverlayService.start() completed successfully
03-07 16:37:59.659  6398  6398 I ScreenAgentTools: Google Maps geo: search launched for: City Hall
03-07 16:37:59.659  6398  6398 D ScreenAgentTools: Waiting for app com.google.android.apps.maps to be ready...
03-07 16:38:00.558  6398  6398 D ScreenAgentTools: App com.google.android.apps.maps is now in foreground
03-07 16:38:00.558  6398  6398 D ScreenAgentTools: Condition met after 899ms
03-07 16:38:02.245  6398  6398 D ScreenAgentTools: Detected Google Maps screen state: SEARCH_RESULTS_LIST (search_list_layout found)
03-07 16:38:02.245  6398  6398 D ScreenAgentTools: Condition met after 1686ms
03-07 16:38:02.245  6398  6398 D ScreenAgentTools: Search results loaded, selecting first non-sponsored location from results
03-07 16:38:02.247  6398  6398 D ScreenAgentTools: Looking for typed_suggest_container: found 0
03-07 16:38:02.260  6398  6398 D ScreenAgentTools: Looking for search_list_layout: found 1
03-07 16:38:02.260  6398  6398 D ScreenAgentTools: Found list with 7 children, skipSponsored=true
03-07 16:38:02.260  6398  6398 D ScreenAgentTools: === DEBUG: Analyzing first 5 children of list ===
03-07 16:38:02.262  6398  6398 D ScreenAgentTools: Node has no Directions button but no filter indicators - treating as valid search result (new UI)
03-07 16:38:02.262  6398  6398 D ScreenAgentTools: DEBUG Child 0: class=android.widget.FrameLayout, clickable=false, sponsored=false, filterRow=false, desc=null
03-07 16:38:02.265  6398  6398 D ScreenAgentTools: Node has Directions button - is a search result
03-07 16:38:02.265  6398  6398 D ScreenAgentTools: DEBUG Child 1: class=android.widget.RelativeLayout, clickable=true, sponsored=false, filterRow=false, desc=null
03-07 16:38:02.268  6398  6398 D ScreenAgentTools: Node has Directions button - is a search result
03-07 16:38:02.268  6398  6398 D ScreenAgentTools: DEBUG Child 2: class=android.widget.RelativeLayout, clickable=true, sponsored=false, filterRow=false, desc=null
03-07 16:38:02.271  6398  6398 D ScreenAgentTools: Node has Directions button - is a search result
03-07 16:38:02.271  6398  6398 D ScreenAgentTools: DEBUG Child 3: class=android.widget.RelativeLayout, clickable=true, sponsored=false, filterRow=false, desc=null
03-07 16:38:02.275  6398  6398 D ScreenAgentTools: Node has Directions button - is a search result
03-07 16:38:02.275  6398  6398 D ScreenAgentTools: DEBUG Child 4: class=android.widget.RelativeLayout, clickable=true, sponsored=false, filterRow=false, desc=null
03-07 16:38:02.275  6398  6398 D ScreenAgentTools: === END DEBUG ===
03-07 16:38:02.275  6398  6398 D ScreenAgentTools: Node has no Directions button but no filter indicators - treating as valid search result (new UI)
03-07 16:38:02.275  6398  6398 D ScreenAgentTools: Found non-sponsored result at index 0 (position 1)
03-07 16:38:02.275  6398  6398 D ScreenAgentTools: Child 0: isClickable=false, className=android.widget.FrameLayout
03-07 16:38:02.275  6398  6398 D ScreenAgentTools: Child not clickable, searching for clickable descendant
03-07 16:38:02.275  6398  6398 D ScreenAgentTools:   Parent depth 0: isClickable=false, className=android.support.v7.widget.RecyclerView
03-07 16:38:02.275  6398  6398 D ScreenAgentTools:   Parent depth 1: isClickable=false, className=android.widget.ScrollView
03-07 16:38:02.276  6398  6398 D ScreenAgentTools:   Parent depth 2: isClickable=false, className=android.widget.FrameLayout
03-07 16:38:02.276  6398  6398 W ScreenAgentTools: No clickable node found, trying click on child directly
03-07 16:38:02.284  6398  6398 D ScreenAgentTools: Detected Google Maps screen state: SEARCH_RESULTS_LIST (search_list_layout found)
03-07 16:38:02.359  6398  6398 V WhizAccessibilityService: Window state changed: com.example.whiz.debug
03-07 16:38:02.367  6398  6398 D ChatViewModel: App background event received
03-07 16:38:02.367  6398  6398 D ChatViewModel: [LOG] onAppBackgrounded called. continuousListeningEnabled=true
03-07 16:38:02.367  6398  6398 D ChatViewModel: [LOG] Saved TTS state before background: false
03-07 16:38:02.367  6398  6398 D ChatViewModel: [LOG] Set lastBackgroundedTime to 1772930282367
03-07 16:38:02.367  6398  6398 D ChatViewModel: [LOG] Bubble overlay active/pending - preserving TTS state for bubble
03-07 16:38:02.368  6398  6398 V WhizAccessibilityService: Window state changed: com.google.android.apps.maps
03-07 16:38:02.369  6398  6398 V WhizAccessibilityService: Window state changed: com.google.android.apps.maps
03-07 16:38:02.434  6398  6398 D ScreenAgentTools: Detected Google Maps screen state: SEARCH_RESULTS_LIST (search_list_layout found)
03-07 16:38:02.559  6398  6398 D ScreenAgentTools: Detected Google Maps screen state: SEARCH_RESULTS_LIST (search_list_layout found)
03-07 16:38:02.776  6398  6398 D ScreenAgentTools: Detected Google Maps screen state: SEARCH_RESULTS_LIST (search_list_layout found)
03-07 16:38:03.196  6398  6398 D ScreenAgentTools: Detected Google Maps screen state: SEARCH_RESULTS_LIST (search_list_layout found)
03-07 16:38:03.720  6398  6398 D ScreenAgentTools: Detected Google Maps screen state: SEARCH_RESULTS_LIST (search_list_layout found)
03-07 16:38:04.240  6398  6398 D ScreenAgentTools: Detected Google Maps screen state: SEARCH_RESULTS_LIST (search_list_layout found)
03-07 16:38:04.291  6398  6398 D ScreenAgentTools: Condition not met after 2000ms timeout
03-07 16:38:04.296  6398  6398 D ScreenAgentTools: Detected Google Maps screen state: SEARCH_RESULTS_LIST (search_list_layout found)
03-07 16:38:04.297  6398  6398 D ScreenAgentTools: Still on search results list, will try scrolling (attempt 1/3)
03-07 16:38:04.297  6398  6398 D ScreenAgentTools: All visible results may be sponsored, scrolling down (attempt 1)
03-07 16:38:04.297  6398  6398 D ScreenAgentTools: Performing scroll gesture on Maps results list (swipe from 1800.0 to 600.0)
03-07 16:38:04.676  6398  6398 D WhizAccessibilityService: Scroll gesture completed successfully
03-07 16:38:04.691  6398  6398 D ScreenAgentTools: Successfully scrolled Maps results list
03-07 16:38:05.692  6398  6398 D ScreenAgentTools: Looking for typed_suggest_container: found 0
03-07 16:38:05.693  6398  6398 D ScreenAgentTools: Looking for search_list_layout: found 1
03-07 16:38:05.693  6398  6398 D ScreenAgentTools: Found list with 6 children, skipSponsored=true
03-07 16:38:05.693  6398  6398 D ScreenAgentTools: === DEBUG: Analyzing first 5 children of list ===
03-07 16:38:05.703  6398  6398 D ScreenAgentTools: Node has Directions button - is a search result
03-07 16:38:05.703  6398  6398 D ScreenAgentTools: DEBUG Child 0: class=android.widget.RelativeLayout, clickable=true, sponsored=false, filterRow=false, desc=null
03-07 16:38:05.706  6398  6398 D ScreenAgentTools: Node has Directions button - is a search result
03-07 16:38:05.706  6398  6398 D ScreenAgentTools: DEBUG Child 1: class=android.widget.RelativeLayout, clickable=true, sponsored=false, filterRow=false, desc=null
03-07 16:38:05.708  6398  6398 D ScreenAgentTools: Node has Directions button - is a search result
03-07 16:38:05.708  6398  6398 D ScreenAgentTools: DEBUG Child 2: class=android.widget.RelativeLayout, clickable=true, sponsored=false, filterRow=false, desc=null
03-07 16:38:05.710  6398  6398 D ScreenAgentTools: Node has Directions button - is a search result
03-07 16:38:05.710  6398  6398 D ScreenAgentTools: DEBUG Child 3: class=android.widget.RelativeLayout, clickable=true, sponsored=false, filterRow=false, desc=null
03-07 16:38:05.712  6398  6398 D ScreenAgentTools: Node has Directions button - is a search result
03-07 16:38:05.712  6398  6398 D ScreenAgentTools: DEBUG Child 4: class=android.widget.RelativeLayout, clickable=true, sponsored=false, filterRow=false, desc=null
03-07 16:38:05.712  6398  6398 D ScreenAgentTools: === END DEBUG ===
03-07 16:38:05.712  6398  6398 D ScreenAgentTools: Node has Directions button - is a search result
03-07 16:38:05.712  6398  6398 D ScreenAgentTools: Found non-sponsored result at index 0 (position 1)
03-07 16:38:05.712  6398  6398 D ScreenAgentTools: Child 0: isClickable=true, className=android.widget.RelativeLayout
03-07 16:38:05.763  6398  6398 D ScreenAgentTools: Clicked non-sponsored location at position 1 (actual index 0)
03-07 16:38:05.805  6398  6398 D ScreenAgentTools: Detected Google Maps screen state: LOCATION_DETAILS (place_page_view found)
03-07 16:38:05.805  6398  6398 D ScreenAgentTools: Condition met after 42ms
03-07 16:38:05.917  6398  6398 D ScreenAgentTools: Detected Google Maps screen state: LOCATION_DETAILS (place_page_view found)
03-07 16:38:05.917  6398  6398 D ScreenAgentTools: Successfully navigated to location details
03-07 16:38:06.193  6398  6398 I ChatViewModel: [TOOL_COLLECTOR] Received tool execution result: Success(toolName=agent_search_google_maps_location, requestId=tool_f77c7f04, result={"success":true,"action":"search_location","location":"City of Tulsa: Mayor's Office"})
03-07 16:38:06.193  6398  6398 I ChatViewModel: 📮 [TOOL_COLLECTOR] Sending tool result to server: requestId=tool_f77c7f04, chatId=15123, timestamp=1772930286193
03-07 16:38:06.194  6398  6398 I ChatViewModel: 📮 [TOOL_COLLECTOR] Tool name: agent_search_google_maps_location
03-07 16:38:06.194  6398  6398 I ChatViewModel: 📮 [TOOL_COLLECTOR] Result: {
03-07 16:38:06.194  6398  6398 I ChatViewModel:   "status": "success",
03-07 16:38:06.194  6398  6398 I ChatViewModel:   "success": true,
03-07 16:38:06.194  6398  6398 I ChatViewModel:   "action": "search_location",
03-07 16:38:06.194  6398  6398 I ChatViewModel:   "location": "City of Tulsa: Mayor's Office"
03-07 16:38:06.194  6398  6398 I ChatViewModel: }
03-07 16:38:06.194  6398  6398 I ChatViewModel: ✅ [TOOL_COLLECTOR] Successfully sent tool result to server for requestId=tool_f77c7f04
03-07 16:38:06.213  6398  6398 V WhizAccessibilityService: View clicked in: com.google.android.apps.maps
03-07 16:38:06.213  6398  6398 V WhizAccessibilityService: Window state changed: com.google.android.apps.maps
03-07 16:38:08.176  6398  6398 D ChatViewModel: 🧵 THREAD DEBUG: Processing WebSocket event on thread: main
03-07 16:38:08.176  6398  6398 D ChatViewModel: 🔧 WEBSOCKET_MESSAGE: Received message event with conversationId=15123, requestId=7d189ee2-a1c2-4449-9c55-90bdd45dca93
03-07 16:38:08.176  6398  6398 D ChatViewModel: 🐛 VOICE_DEBUG: Starting targetChatId calculation
03-07 16:38:08.176  6398  6398 D ChatViewModel: 🐛 VOICE_DEBUG: event.requestId = 7d189ee2-a1c2-4449-9c55-90bdd45dca93
03-07 16:38:08.176  6398  6398 D ChatViewModel: 🐛 VOICE_DEBUG: effectiveConversationId = 15123
03-07 16:38:08.176  6398  6398 D ChatViewModel: 🐛 VOICE_DEBUG: current _chatId.value = 15123
03-07 16:38:08.176  6398  6398 D ChatViewModel: 🐛 VOICE_DEBUG: pendingRequests = {7d189ee2-a1c2-4449-9c55-90bdd45dca93=-1772930276320}
03-07 16:38:08.176  6398  6398 D ChatViewModel: 🐛 VOICE_DEBUG: Found requestId in pendingRequests, originalChatId = -1772930276320
03-07 16:38:08.176  6398  6398 D ChatViewModel: 🔧 CHAT_TRANSITION_CHECK: isOptimisticChat=true, hasServerId=true, originalChatId=-1772930276320, effectiveConversationId=15123, isChatTransition=true
03-07 16:38:08.179  6398  6452 D WhizRepository: migrateChatMessages: Migration from -1772930276320 to 15123 already completed - source empty, target has 1 messages
03-07 16:38:08.181  6398  6398 D ChatViewModel: 🔧 CHAT_ID_UPDATE: currentChatIsOptimistic=false, shouldSwitch=false, _chatId=15123, originalChatId=-1772930276320, effectiveConversationId=15123
03-07 16:38:08.181  6398  6398 D ChatViewModel: 🐛 VOICE_DEBUG: Migration scenario - returning effectiveConversationId = 15123
03-07 16:38:08.181  6398  6398 D ChatViewModel: 🐛 VOICE_DEBUG: Final calculated targetChatId = 15123
03-07 16:38:08.181  6398  6398 D ChatViewModel: 🔧 Detected chat migration via WebSocket: -1772930276320 → 15123
03-07 16:38:08.194  6398  6454 D WhizRepository: migrateChatMessages: Migration from -1772930276320 to 15123 already completed - source empty, target has 1 messages
03-07 16:38:08.194  6398  6398 D ChatViewModel: ✅ Successfully migrated messages from -1772930276320 to 15123
03-07 16:38:08.194  6398  6398 D ChatViewModel: [BUBBLE_DEBUG] Checking bubble status: isActive=true, isPendingStart=false
03-07 16:38:08.194  6398  6398 D ChatViewModel: [BUBBLE_DEBUG] Updating bubble with bot response: 'I've found City Hall on Google Maps - it's showing the City of Tulsa: Mayor's Office.'
03-07 16:38:08.195  6398  6398 D WhizRepository: addAssistantMessageAfterRequest: adding assistant message after request 7d189ee2-a1c2-4449-9c55-90bdd45dca93 in chat 15123 (original: 15123)
03-07 16:38:08.195  6398  6398 D ChatViewModel: TTS Decision: ttsEnabled=false, ttsInit=true, speakThis=false, fresh=true, shouldSpeak=false
03-07 16:38:08.195  6398  6398 D ChatViewModel: [LOG] Already listening (full-duplex), no restart needed after assistant reply.
03-07 16:38:08.195  6398  6398 D WhizRepository: addAssistantMessageAfterRequest: found user message 14 with requestId 7d189ee2-a1c2-4449-9c55-90bdd45dca93
03-07 16:38:08.207  6398  6398 D WhizRepository: addAssistantMessageAfterRequest: added assistant message 15 after user message 14
03-07 16:38:08.207  6398  6398 D ChatViewModel: [LOG] Just finished computing - restarting continuous listening immediately
03-07 16:38:08.208  6398  6398 D ChatViewModel: 🔍 DEDUP_DEBUG: Processing 2 messages for chat 15123:
03-07 16:38:08.208  6398  6398 D ChatViewModel: 🔥 MESSAGES_FLOW_DEBUG: Emitting 2 messages to UI for chat 15123
03-07 16:38:08.208  6398  6398 D ChatViewModel: 🔍 DEDUP_DEBUG:   [0] ID:14 Type:USER RequestID:7d189ee2-a1c2-4449-9c55-90bdd45dca93 Timestamp:1772930276320 Content:'find City Hall on Google Maps...'
03-07 16:38:08.208  6398  6398 D ChatViewModel: 🔍 DEDUP_DEBUG:   [1] ID:15 Type:ASSISTANT RequestID:7d189ee2-a1c2-4449-9c55-90bdd45dca93 Timestamp:1772930276321 Content:'I've found City Hall on Google...'
03-07 16:38:08.208  6398  6398 D ChatViewModel: 🔍 DEDUP_DEBUG: Creating key for message ID:14 RequestID:7d189ee2-a1c2-4449-9c55-90bdd45dca93 -> (7d189ee2-a1c2-4449-9c55-90bdd45dca93, USER)
03-07 16:38:08.208  6398  6398 D ChatViewModel: 🔍 DEDUP_DEBUG: Creating key for message ID:15 RequestID:7d189ee2-a1c2-4449-9c55-90bdd45dca93 -> (7d189ee2-a1c2-4449-9c55-90bdd45dca93, ASSISTANT)
03-07 16:38:08.212  6398  6398 D ChatViewModel: 🧵 THREAD DEBUG: Processing WebSocket event on thread: main
03-07 16:38:08.212  6398  6398 D ChatViewModel: 🔧 WEBSOCKET_MESSAGE: Received message event with conversationId=15123, requestId=7d189ee2-a1c2-4449-9c55-90bdd45dca93
03-07 16:38:08.212  6398  6398 D ChatViewModel: 🐛 VOICE_DEBUG: Starting targetChatId calculation
03-07 16:38:08.212  6398  6398 D ChatViewModel: 🐛 VOICE_DEBUG: event.requestId = 7d189ee2-a1c2-4449-9c55-90bdd45dca93
03-07 16:38:08.212  6398  6398 D ChatViewModel: 🐛 VOICE_DEBUG: effectiveConversationId = 15123
03-07 16:38:08.212  6398  6398 D ChatViewModel: 🐛 VOICE_DEBUG: current _chatId.value = 15123
03-07 16:38:08.212  6398  6398 D ChatViewModel: 🐛 VOICE_DEBUG: pendingRequests = {}
03-07 16:38:08.212  6398  6398 W ChatViewModel: Request ID 7d189ee2-a1c2-4449-9c55-90bdd45dca93 not found in pending requests
03-07 16:38:08.212  6398  6398 D ChatViewModel: 🐛 VOICE_DEBUG: Message is for current chat (conversationId=15123 matches _chatId=15123) - accepting despite request not in pendingRequests
03-07 16:38:08.212  6398  6398 D ChatViewModel: 🐛 VOICE_DEBUG: Final calculated targetChatId = 15123
03-07 16:38:08.212  6398  6398 D ChatViewModel: 🔧 Detected chat migration via WebSocket: -1772930276320 → 15123
03-07 16:38:08.223  6398  6457 D WhizRepository: migrateChatMessages: Migration from -1772930276320 to 15123 already completed - source empty, target has 2 messages
03-07 16:38:08.244  6398  6398 D ChatViewModel: ✅ Successfully migrated messages from -1772930276320 to 15123
03-07 16:38:08.244  6398  6398 D ChatViewModel: [BUBBLE_DEBUG] Checking bubble status: isActive=true, isPendingStart=false
03-07 16:38:08.244  6398  6398 D ChatViewModel: [BUBBLE_DEBUG] Updating bubble with bot response: 'I've found City Hall on Google Maps - it's showing the City of Tulsa: Mayor's Office.'
03-07 16:38:08.244  6398  6398 D WhizRepository: addAssistantMessageAfterRequest: adding assistant message after request 7d189ee2-a1c2-4449-9c55-90bdd45dca93 in chat 15123 (original: 15123)
03-07 16:38:08.244  6398  6398 D ChatViewModel: TTS Decision: ttsEnabled=false, ttsInit=true, speakThis=false, fresh=true, shouldSpeak=false
03-07 16:38:08.244  6398  6398 D ChatViewModel: [LOG] Already listening (full-duplex), no restart needed after assistant reply.
03-07 16:38:08.289  6398  6398 D WhizRepository: addAssistantMessageAfterRequest: found user message 14 with requestId 7d189ee2-a1c2-4449-9c55-90bdd45dca93
03-07 16:38:08.289  6398  6398 D ChatViewModel: [LOG] startContinuousListening called. continuousListeningEnabled=true, isResponding=false
03-07 16:38:08.334  6398  6398 D WhizRepository: addAssistantMessageAfterRequest: added assistant message 16 after user message 14
03-07 16:38:08.334  6398  6398 D ChatViewModel: 🔍 DEDUP_DEBUG: Processing 3 messages for chat 15123:
03-07 16:38:08.334  6398  6398 D ChatViewModel: 🔥 MESSAGES_FLOW_DEBUG: Emitting 3 messages to UI for chat 15123
03-07 16:38:08.334  6398  6398 D ChatViewModel: 🔍 DEDUP_DEBUG:   [0] ID:14 Type:USER RequestID:7d189ee2-a1c2-4449-9c55-90bdd45dca93 Timestamp:1772930276320 Content:'find City Hall on Google Maps...'
03-07 16:38:08.334  6398  6398 D ChatViewModel: 🔍 DEDUP_DEBUG:   [1] ID:15 Type:ASSISTANT RequestID:7d189ee2-a1c2-4449-9c55-90bdd45dca93 Timestamp:1772930276321 Content:'I've found City Hall on Google...'
03-07 16:38:08.334  6398  6398 D ChatViewModel: 🔍 DEDUP_DEBUG:   [2] ID:16 Type:ASSISTANT RequestID:7d189ee2-a1c2-4449-9c55-90bdd45dca93 Timestamp:1772930276321 Content:'I've found City Hall on Google...'
03-07 16:38:08.334  6398  6398 D ChatViewModel: 🔍 DEDUP_DEBUG: Creating key for message ID:14 RequestID:7d189ee2-a1c2-4449-9c55-90bdd45dca93 -> (7d189ee2-a1c2-4449-9c55-90bdd45dca93, USER)
03-07 16:38:08.334  6398  6398 D ChatViewModel: 🔍 DEDUP_DEBUG: Creating key for message ID:15 RequestID:7d189ee2-a1c2-4449-9c55-90bdd45dca93 -> (7d189ee2-a1c2-4449-9c55-90bdd45dca93, ASSISTANT)
03-07 16:38:08.334  6398  6398 D ChatViewModel: 🔍 DEDUP_DEBUG: Creating key for message ID:16 RequestID:7d189ee2-a1c2-4449-9c55-90bdd45dca93 -> (7d189ee2-a1c2-4449-9c55-90bdd45dca93, ASSISTANT)
03-07 16:38:08.334  6398  6398 W ChatViewModel: 🔍 DEDUP_DEBUG: Removed 1 duplicate messages
03-07 16:38:08.334  6398  6398 W ChatViewModel: 🔍 DEDUP_DEBUG: REMOVED -> ID:16 Type:ASSISTANT RequestID:7d189ee2-a1c2-4449-9c55-90bdd45dca93 Timestamp:1772930276321 Content:'I've found City Hall on Google...'
03-07 16:38:08.334  6398  6398 W ChatViewModel: 🔍 DEDUP_DEBUG: Final deduplicated list (2 messages):
03-07 16:38:08.334  6398  6398 W ChatViewModel: 🔍 DEDUP_DEBUG:   FINAL[0] ID:14 Type:USER RequestID:7d189ee2-a1c2-4449-9c55-90bdd45dca93 Timestamp:1772930276320 Content:'find City Hall on Google Maps...'
03-07 16:38:08.334  6398  6398 W ChatViewModel: 🔍 DEDUP_DEBUG:   FINAL[1] ID:15 Type:ASSISTANT RequestID:7d189ee2-a1c2-4449-9c55-90bdd45dca93 Timestamp:1772930276321 Content:'I've found City Hall on Google...'
