03-08 16:54:56.235  6349  6349 D WhizRepository: fetchConversationsWithDeduplicationAndStatus: Starting new incremental_sync API request
03-08 16:54:56.343  6349  6349 D WhizRepository: fetchConversationsWithDeduplicationAndStatus: Cleaned up incremental_sync request tracking
03-08 16:54:56.343  6349  6349 D WhizRepository: performIncrementalSync: completed, got 10 conversations, cached=false
03-08 16:54:56.343  6349  6349 D WhizRepository: performIncrementalSync: incremental sync completed successfully
03-08 16:54:56.350  6349  6349 D WhizRepository: cleanupStaleOptimisticChats: No stale optimistic chats found
03-08 16:54:57.748  6349  6349 D WhizAccessibilityService: Accessibility service created - state: CREATED
03-08 16:54:57.754  6349  6349 D WhizAccessibilityService: Accessibility service connected - state: CONNECTED
03-08 16:54:57.756  6349  6349 D WhizAccessibilityService: UI dump broadcast receiver registered
03-08 16:54:58.715  6349  6349 D WhizAccessibilityService: Accessibility service destroyed - state: DISCONNECTED
03-08 16:54:59.747  6349  6349 D WhizAccessibilityService: Accessibility service created - state: CREATED
03-08 16:54:59.756  6349  6349 D WhizAccessibilityService: Accessibility service connected - state: CONNECTED
03-08 16:54:59.758  6349  6349 D WhizAccessibilityService: UI dump broadcast receiver registered
03-08 16:55:00.694  6349  6349 D ChatViewModel: 🔥 messages flow: Chat ID changed to -1
03-08 16:55:00.694  6349  6349 D WhizRepository: 🔥 REPOSITORY_DEBUG: getMessagesForChat called for chatId=-1
03-08 16:55:00.695  6349  6349 D ChatViewModel: TTS initialized successfully
03-08 16:55:00.695  6349  6349 D ChatViewModel: Init: Using remote agent. WebSocket will connect when sending first message or loading existing chat.
03-08 16:55:00.695  6349  6349 D ChatViewModel: Updated active conversation in ConnectionStateManager: -1
03-08 16:55:00.695  6349  6349 D ChatViewModel: Applying custom voice settings: speechRate=1.25, pitch=0.7
03-08 16:55:00.695  6349  6349 D ChatViewModel: Setting up app foreground event collection
03-08 16:55:00.695  6349  6349 D ChatViewModel: Started collecting app foreground events
03-08 16:55:00.695  6349  6349 D ChatViewModel: App foreground event received
03-08 16:55:00.695  6349  6349 D ChatViewModel: [LOG] onAppForegrounded called. continuousListeningEnabled=false, micPermissionGranted=true, chatId=-1
03-08 16:55:00.695  6349  6349 D ChatViewModel: Setting up app background event collection
03-08 16:55:00.695  6349  6349 D ChatViewModel: Started collecting app background events
03-08 16:55:00.695  6349  6349 D ChatViewModel: Started collecting bubble transcriptions
03-08 16:55:00.695  6349  6349 D ChatViewModel: 🧵 THREAD DEBUG: WebSocket collector starting on thread: main
03-08 16:55:00.698  6349  6349 I ChatViewModel: [TOOL_COLLECTOR] Starting tool result collector
03-08 16:55:00.761  6349  6349 D ChatViewModel: 🔥 loadChatWithVoiceMode STARTED for chatId: -1, voiceMode: false
03-08 16:55:00.761  6349  6349 D ChatViewModel: 🔥 STACK TRACE for loadChatWithVoiceMode:
03-08 16:55:00.761  6349  6349 D ChatViewModel: java.lang.Exception: Stack trace
03-08 16:55:00.761  6349  6349 D ChatViewModel: 	at com.example.whiz.ui.viewmodels.ChatViewModel.loadChatWithVoiceMode(ChatViewModel.kt:1372)
03-08 16:55:00.761  6349  6349 D ChatViewModel: 	at com.example.whiz.ui.viewmodels.ChatViewModel.loadChat(ChatViewModel.kt:1367)
03-08 16:55:00.761  6349  6349 D ChatViewModel: 	at com.example.whiz.ui.screens.ChatScreenKt$ChatScreen$14$1.invokeSuspend(ChatScreen.kt:744)
03-08 16:55:00.761  6349  6349 D ChatViewModel: 	at kotlin.coroutines.jvm.internal.BaseContinuationImpl.resumeWith(ContinuationImpl.kt:33)
03-08 16:55:00.761  6349  6349 D ChatViewModel: 	at kotlinx.coroutines.DispatchedTask.run(DispatchedTask.kt:101)
03-08 16:55:00.761  6349  6349 D ChatViewModel: 	at androidx.compose.ui.platform.AndroidUiDispatcher.performTrampolineDispatch(AndroidUiDispatcher.android.kt:81)
03-08 16:55:00.761  6349  6349 D ChatViewModel: 	at androidx.compose.ui.platform.AndroidUiDispatcher.access$performTrampolineDispatch(AndroidUiDispatcher.android.kt:41)
03-08 16:55:00.761  6349  6349 D ChatViewModel: 	at androidx.compose.ui.platform.AndroidUiDispatcher$dispatchCallback$1.run(AndroidUiDispatcher.android.kt:57)
03-08 16:55:00.761  6349  6349 D ChatViewModel: 	at android.os.Handler.handleCallback(Handler.java:959)
03-08 16:55:00.761  6349  6349 D ChatViewModel: 	at android.os.Handler.dispatchMessage(Handler.java:100)
03-08 16:55:00.761  6349  6349 D ChatViewModel: 	at android.os.Looper.loopOnce(Looper.java:232)
03-08 16:55:00.761  6349  6349 D ChatViewModel: 	at android.os.Looper.loop(Looper.java:317)
03-08 16:55:00.761  6349  6349 D ChatViewModel: 	at android.app.ActivityThread.main(ActivityThread.java:8705)
03-08 16:55:00.761  6349  6349 D ChatViewModel: 	at java.lang.reflect.Method.invoke(Native Method)
03-08 16:55:00.761  6349  6349 D ChatViewModel: 	at com.android.internal.os.RuntimeInit$MethodAndArgsCaller.run(RuntimeInit.java:580)
03-08 16:55:00.761  6349  6349 D ChatViewModel: 	at com.android.internal.os.ZygoteInit.main(ZygoteInit.java:886)
03-08 16:55:00.761  6349  6349 D ChatViewModel: [RACE_DEBUG] loadChatWithVoiceMode: Current input text: ''
03-08 16:55:00.763  6349  6349 D ChatViewModel: Loading chat -1. Current chat: -1, Pending requests: 0
03-08 16:55:00.763  6349  6349 D ChatViewModel: 🔥 loadChat: Setup for new chat (ID: -1), responding state reset to false
03-08 16:55:00.763  6349  6349 D ChatViewModel: 🔥 loadChat: Priming WebSocket connection for new chat
03-08 16:55:00.763  6349  6349 D WhizRepository: refreshConversations: cleared ongoing conversation request tracking
03-08 16:55:00.763  6349  6349 D ChatViewModel: loadChat: Triggered conversations refresh for home page
03-08 16:55:00.763  6349  6349 D ChatViewModel: [LOG] loadChat: Preserving input text. Current value: ''
03-08 16:55:00.763  6349  6349 D ChatViewModel: [LOG] loadChat: Voice responses already OFF
03-08 16:55:00.763  6349  6349 D ChatViewModel: loadChat: Keeping listening state as-is (continuous or not listening)
03-08 16:55:00.763  6349  6349 D ChatViewModel: loadChat: Stopping TTS (isSpeaking: false)
03-08 16:55:00.764  6349  6369 D WhizRepository: fetchConversationsWithDeduplication: Starting new incremental_sync API request (aggressive: false)
03-08 16:55:00.764  6349  6349 D ChatViewModel: loadChat: Speech services handled successfully
03-08 16:55:00.764  6349  6349 D ChatViewModel: 🔌 Checking WebSocket reconnect: configUseRemoteAgent=true, _chatId.value=-1, isConnected=false, persistentDisconnectForTest=false
03-08 16:55:00.764  6349  6349 D ChatViewModel: [LOG] Chat load complete - continuous listening preserved if it was enabled
03-08 16:55:00.764  6349  6349 D ChatViewModel: 🔥 loadChatWithVoiceMode COMPLETED for chatId: -1, final _chatId.value: -1
03-08 16:55:00.764  6349  6349 D ChatViewModel: [RACE_DEBUG] loadChatWithVoiceMode COMPLETED: Final input text: ''
03-08 16:55:00.764  6349  6349 D WhizRepository: fetchConversationsWithDeduplication: Reusing ongoing incremental_sync request
03-08 16:55:00.862  6349  6369 D WhizRepository: fetchConversationsWithDeduplication: Retrieved 10 conversations via incremental_sync
03-08 16:55:00.863  6349  6369 D WhizRepository: fetchConversationsWithDeduplication: Cleaned up incremental_sync request tracking
03-08 16:55:00.863  6349  6369 D WhizRepository: 🔍 getAllChats: Got 10 chats from fetchConversationsWithDeduplication
03-08 16:55:00.863  6349  6369 D WhizRepository: 🔍 getAllChatsFlow: Got 10 chats from server
03-08 16:55:00.863  6349  6369 D WhizRepository:   - Server chat: id=15192, title='log 400 calories on ...', optimisticChatId=null
03-08 16:55:00.863  6349  6369 D WhizRepository:   - Server chat: id=15155, title='log 350 calories on ...', optimisticChatId=null
03-08 16:55:00.863  6349  6369 D WhizRepository:   - Server chat: id=15154, title='log 350 calories on ...', optimisticChatId=null
03-08 16:55:00.863  6349  6369 D WhizRepository:   - Server chat: id=15153, title='find City Hall on Go...', optimisticChatId=null
03-08 16:55:00.863  6349  6369 D WhizRepository:   - Server chat: id=15123, title='find City Hall on Go...', optimisticChatId=null
03-08 16:55:00.863  6349  6369 D WhizRepository:   - Server chat: id=15122, title='find City Hall on Go...', optimisticChatId=null
03-08 16:55:00.863  6349  6369 D WhizRepository:   - Server chat: id=15121, title='find City Hall on Go...', optimisticChatId=null
03-08 16:55:00.863  6349  6369 D WhizRepository:   - Server chat: id=15099, title='find City Hall on Go...', optimisticChatId=null
03-08 16:55:00.863  6349  6369 D WhizRepository:   - Server chat: id=15094, title='find City Hall on Go...', optimisticChatId=null
03-08 16:55:00.863  6349  6369 D WhizRepository:   - Server chat: id=15070, title='find City Hall on Go...', optimisticChatId=null
03-08 16:55:00.867  6349  6402 D WhizRepository: 🔍 getAllChatsFlow: Got 10 chats from local database
03-08 16:55:00.867  6349  6402 D WhizRepository: getAllChatsFlow: Returning 0 optimistic + 10 server = 10 total chats
03-08 16:55:00.928  6349  6349 D ChatViewModel: [LOG] ensureContinuousListeningEnabled called. micPermissionGranted=true, continuousListeningEnabled=true, isListening=true, isSpeaking=false, isResponding=false
03-08 16:55:00.929  6349  6349 D ChatViewModel: [LOG] STACK TRACE: Called from:
03-08 16:55:00.930  6349  6349 D ChatViewModel: [LOG]   com.example.whiz.ui.screens.ChatScreenKt$ChatScreen$21$1.invokeSuspend:861
03-08 16:55:00.930  6349  6349 D ChatViewModel: [LOG]   kotlin.coroutines.jvm.internal.BaseContinuationImpl.resumeWith:33
03-08 16:55:00.930  6349  6349 D ChatViewModel: [LOG]   kotlinx.coroutines.DispatchedTask.run:101
03-08 16:55:00.930  6349  6349 D ChatViewModel: [LOG]   androidx.compose.ui.platform.AndroidUiDispatcher.performTrampolineDispatch:81
03-08 16:55:00.930  6349  6349 D ChatViewModel: [LOG]   androidx.compose.ui.platform.AndroidUiDispatcher.access$performTrampolineDispatch:41
03-08 16:55:00.930  6349  6349 D ChatViewModel: [LOG]   androidx.compose.ui.platform.AndroidUiDispatcher$dispatchCallback$1.run:57
03-08 16:55:00.930  6349  6349 D ChatViewModel: [LOG] Continuous listening already enabled, ensuring it's active
03-08 16:55:00.943  6349  6402 D WhizRepository: 🔥 REPOSITORY_DEBUG: getMessagesForChat called for chatId=-1
03-08 16:55:00.946  6349  6349 D ChatViewModel: 🔍 DEDUP_DEBUG: Processing 0 messages for chat -1:
03-08 16:55:00.947  6349  6349 D ChatViewModel: 🔥 MESSAGES_FLOW_DEBUG: Emitting 0 messages to UI for chat -1
03-08 16:55:00.951  6349  6349 D WhizRepository: 🔍 getAllChats: Got 10 chats from fetchConversationsWithDeduplication
03-08 16:55:00.952  6349  6349 D WhizRepository: 🔍 getAllChatsFlow: Got 10 chats from server
03-08 16:55:00.952  6349  6349 D WhizRepository:   - Server chat: id=15192, title='log 400 calories on ...', optimisticChatId=null
03-08 16:55:00.952  6349  6349 D WhizRepository:   - Server chat: id=15155, title='log 350 calories on ...', optimisticChatId=null
03-08 16:55:00.952  6349  6349 D WhizRepository:   - Server chat: id=15154, title='log 350 calories on ...', optimisticChatId=null
03-08 16:55:00.952  6349  6349 D WhizRepository:   - Server chat: id=15153, title='find City Hall on Go...', optimisticChatId=null
03-08 16:55:00.952  6349  6349 D WhizRepository:   - Server chat: id=15123, title='find City Hall on Go...', optimisticChatId=null
03-08 16:55:00.952  6349  6349 D WhizRepository:   - Server chat: id=15122, title='find City Hall on Go...', optimisticChatId=null
03-08 16:55:00.952  6349  6349 D WhizRepository:   - Server chat: id=15121, title='find City Hall on Go...', optimisticChatId=null
03-08 16:55:00.952  6349  6349 D WhizRepository:   - Server chat: id=15099, title='find City Hall on Go...', optimisticChatId=null
03-08 16:55:00.952  6349  6349 D WhizRepository:   - Server chat: id=15094, title='find City Hall on Go...', optimisticChatId=null
03-08 16:55:00.952  6349  6349 D WhizRepository:   - Server chat: id=15070, title='find City Hall on Go...', optimisticChatId=null
03-08 16:55:00.963  6349  6349 D WhizRepository: 🔍 getAllChatsFlow: Got 10 chats from local database
03-08 16:55:00.963  6349  6349 D WhizRepository: getAllChatsFlow: Returning 0 optimistic + 10 server = 10 total chats
03-08 16:55:02.693  6349  6349 D ChatViewModel: [LOG] updateInputText called. Setting text from '' to: 'log 400 calories on Fitbit', fromVoice: true
03-08 16:55:02.693  6349  6349 D ChatViewModel: [RACE_DEBUG] updateInputText: Stack trace: dalvik.system.VMStack.getThreadStackTrace(Native Method), java.lang.Thread.getStackTrace(Thread.java:1841), com.example.whiz.ui.viewmodels.ChatViewModel.updateInputText(ChatViewModel.kt:1661), com.example.whiz.test.TestTranscriptionReceiver$onReceive$3.invokeSuspend(TestTranscriptionReceiver.kt:125), kotlin.coroutines.jvm.internal.BaseContinuationImpl.resumeWith(ContinuationImpl.kt:33)
03-08 16:55:02.693  6349  6349 D ChatViewModel: [RACE_DEBUG] updateInputText: Text actually set to: 'log 400 calories on Fitbit'
03-08 16:55:02.693  6349  6349 D ChatViewModel: 📤 SEND_USER_INPUT: Starting send for content='log 400 calories on Fitbit'
03-08 16:55:02.694  6349  6349 D WhizRepository: createChatOptimistic: creating local chat with title 'log 400 calories on ...' for optimistic UI
03-08 16:55:02.696  6349  6349 D WhizRepository: createChatOptimistic: created optimistic local chat with NEGATIVE id -1773014102694 and title 'log 400 calories on ...'
03-08 16:55:02.696  6349  6349 D WhizRepository: addUserMessageOptimistic: adding optimistic user message to chat -1773014102694 (original: -1773014102694, migrated: false) with requestId: f233821d-69f9-4beb-860b-2d8fbfa50f24, timestamp: 1773014102694
03-08 16:55:02.699  6349  6349 D WhizRepository: addUserMessageOptimistic: added optimistic message 31 to chat -1773014102694 with requestId: f233821d-69f9-4beb-860b-2d8fbfa50f24
03-08 16:55:02.699  6349  6349 D ChatViewModel: 🔥 messages flow: Chat ID changed to -1773014102694
03-08 16:55:02.699  6349  6349 D WhizRepository: 🔥 REPOSITORY_DEBUG: getMessagesForChat called for chatId=-1773014102694
03-08 16:55:02.702  6349  6349 D ChatViewModel: Updated active conversation in ConnectionStateManager: -1773014102694
03-08 16:55:02.703  6349  6349 D ChatViewModel: 🧵 THREAD DEBUG: About to wait for message in flow on thread: main
03-08 16:55:02.712  6349  6349 D ChatViewModel: 🔍 DEDUP_DEBUG: Processing 1 messages for chat -1773014102694:
03-08 16:55:02.713  6349  6349 D ChatViewModel: 🔥 MESSAGES_FLOW_DEBUG: Emitting 1 messages to UI for chat -1773014102694
03-08 16:55:02.713  6349  6349 D ChatViewModel: 🔍 DEDUP_DEBUG:   [0] ID:31 Type:USER RequestID:f233821d-69f9-4beb-860b-2d8fbfa50f24 Timestamp:1773014102694 Content:'log 400 calories on Fitbit...'
03-08 16:55:02.713  6349  6349 D ChatViewModel: 🔍 DEDUP_DEBUG: Creating key for message ID:31 RequestID:f233821d-69f9-4beb-860b-2d8fbfa50f24 -> (f233821d-69f9-4beb-860b-2d8fbfa50f24, USER)
03-08 16:55:02.714  6349  6349 D ChatViewModel: [LOG] sendUserInput: Message appeared in flow after 10ms, clearing input field
03-08 16:55:02.714  6349  6349 D ChatViewModel: 🧵 THREAD DEBUG: Message appeared on thread: main
03-08 16:55:02.714  6349  6349 D ChatViewModel: [LOG] sendUserInput: Clearing input field after optimistic message added: 'log 400 calories on Fitbit'
03-08 16:55:02.714  6349  6349 D ChatViewModel: [RACE_DEBUG] sendUserInput: Current input matches sent message ('log 400 calories on Fitbit' == 'log 400 calories on Fitbit'), clearing...
03-08 16:55:02.714  6349  6349 D ChatViewModel: [RACE_DEBUG] sendUserInput: Input text cleared to: ''
03-08 16:55:02.714  6349  6349 D ChatViewModel: 📤 CALLING whizServerRepository.sendMessage: requestId=f233821d-69f9-4beb-860b-2d8fbfa50f24, content='log 400 calories on Fitbit', chatId=-1773014102694, timestamp=1773014102694
03-08 16:55:02.714  6349  6349 D ChatViewModel: Message queued for retry
03-08 16:55:02.718  6349  6349 D ChatViewModel: 📝 Migrating chat ID from -1 to -1773014102694 (keeping WebSocket connected)
03-08 16:55:02.718  6349  6349 D ChatViewModel: ✅ Chat ID migration complete. WebSocket remains connected: false
03-08 16:55:02.805  6349  6349 D ChatViewModel: 🧵 THREAD DEBUG: Processing WebSocket event on thread: main
03-08 16:55:02.805  6349  6349 D ChatViewModel: WebSocketEvent.Connected: Called. isReconnectingAfterDisconnect=false
03-08 16:55:02.806  6349  6349 D ChatViewModel: WebSocketEvent.Connected: Resetting isDisconnectingForAuthError to false.
03-08 16:55:02.806  6349  6349 D ChatViewModel: WebSocketEvent.Connected: Syncing messages for chat -1773014102694 (reconnect=false)
03-08 16:55:02.808  6349  6349 D WhizRepository: deleteAssistantMessageByRequestId: Deleted 0 message(s) for requestId CONNECTION_ERROR in chat -1773014102694
03-08 16:55:02.808  6349  6349 D WhizRepository: fetchMessagesWithRetry: Attempt 1/4 for chat -1773014102694
03-08 16:55:02.810  6349  6412 D WhizRepository: No user messages have bot responses, using first user message timestamp: 1773014102694
03-08 16:55:02.810  6349  6412 D WhizRepository: fetchMessagesWithDeduplication: Starting new API request for chat -1773014102694 with since=2026-03-08T23:55:02.694Z
03-08 16:55:02.942  6349  6403 D WhizRepository: fetchMessagesWithDeduplication: Got 404 for optimistic chat -1773014102694, checking for server-backed version
03-08 16:55:02.942  6349  6403 D WhizRepository: fetchMessagesWithDeduplication: No known migration for -1773014102694, checking server conversations
03-08 16:55:03.118  6349  6403 D WhizRepository: fetchMessagesWithDeduplication: Found server chat 15193 that references optimistic chat -1773014102694
03-08 16:55:03.120  6349  6403 D WhizRepository: migrateChatMessages: 🔄 STARTING migration from chat -1773014102694 to chat 15193 (1 messages to migrate)
03-08 16:55:03.121  6349  6403 D WhizRepository: migrateChatMessages: 🔍 DEBUG - Total messages in DB: 27
03-08 16:55:03.121  6349  6403 D WhizRepository: migrateChatMessages: 🔍 DEBUG - All messages: [ID:31 ChatID:-1773014102694 Type:USER Content:'log 400 calories on Fitbit...', ID:30 ChatID:15192 Type:ASSISTANT Content:'Done! I've logged 400 calories...', ID:29 ChatID:15192 Type:ASSISTANT Content:'Done! I've logged 400 calories...', ID:28 ChatID:15192 Type:USER Content:'log 400 calories on Fitbit...', ID:27 ChatID:15155 Type:ASSISTANT Content:'It looks like the Fitbit app d...', ID:26 ChatID:15155 Type:ASSISTANT Content:'It looks like the Fitbit app d...', ID:25 ChatID:15155 Type:USER Content:'log 350 calories on Fitbit...', ID:23 ChatID:15154 Type:ASSISTANT Content:'The Fitbit app didn't open to ...', ID:22 ChatID:15154 Type:ASSISTANT Content:'The Fitbit app didn't open to ...', ID:21 ChatID:15154 Type:USER Content:'log 350 calories on Fitbit...', ID:20 ChatID:15153 Type:ASSISTANT Content:'I'm having trouble opening Goo...', ID:19 ChatID:15153 Type:ASSISTANT Content:'I'm having trouble opening Goo...', ID:18 ChatID:15153 Type:USER Content:'find City Hall on Google Maps...', ID:16 ChatID:15123 Type:ASSISTANT Content:'I've found City Hall on Google...', ID:15 ChatID:15123 Type:ASSISTANT Content:'I've found City Hall on Google...', ID:14 ChatID:15123 Type:USER Content:'find City Hall on Google Maps...', ID:13 ChatID:15122 Type:ASSISTANT Content:'I found **City of Tulsa: Mayor...', ID:12 ChatID:15122 Type:ASSISTANT Content:'I found **City of Tulsa: Mayor...', ID:11 ChatID:15122 Type:USER Content:'find City Hall on Google Maps...', ID:10 ChatID:15121 Type:ASSISTANT Content:'I found **Tulsa City Clerk** o...', ID:9 ChatID:15121 Type:ASSISTANT Content:'I found **Tulsa City Clerk** o...', ID:8 ChatID:15121 Type:USER Content:'find City Hall on Google Maps...', ID:7 ChatID:15099 Type:USER Content:'find City Hall on Google Maps...', ID:6 ChatID:15094 Type:USER Content:'find City Hall on Google Maps...', ID:4 ChatID:15070 Type:ASSISTANT Content:'I'm having trouble getting a r...', ID:3 ChatID:15070 Type:ASSISTANT Content:'I'm having trouble getting a r...', ID:2 ChatID:15070 Type:USER Content:'find City Hall on Google Maps...']
03-08 16:55:03.122  6349  6403 D WhizRepository: migrateChatMessages: ✅ Registered migration -1773014102694 → 15193 - no new messages should be added to old chat
03-08 16:55:03.122  6349  6349 D ChatViewModel: Chat migration detected: updating chat ID from -1773014102694 to 15193
03-08 16:55:03.122  6349  6349 D ChatViewModel: 🔥 messages flow: Chat ID changed to 15193
03-08 16:55:03.122  6349  6349 D WhizRepository: 🔥 REPOSITORY_DEBUG: getMessagesForChat called for chatId=15193
03-08 16:55:03.123  6349  6404 D WhizRepository: migrateChatMessages: 🏗️ Target chat 15193 doesn't exist, creating it first
03-08 16:55:03.124  6349  6349 D ChatViewModel: Updated active conversation in ConnectionStateManager: 15193
03-08 16:55:03.125  6349  6349 D ChatViewModel: Chat ID migration complete: 15193
03-08 16:55:03.125  6349  6349 D ChatViewModel: 🔍 DEDUP_DEBUG: Processing 0 messages for chat 15193:
03-08 16:55:03.125  6349  6349 D ChatViewModel: 🔥 MESSAGES_FLOW_DEBUG: Emitting 0 messages to UI for chat 15193
03-08 16:55:03.126  6349  6371 D WhizRepository: migrateChatMessages: ✅ Created target chat 15193 with title 'log 400 calories on ...'
03-08 16:55:03.127  6349  6402 D WhizRepository: migrateChatMessages: 📊 Found 1 messages to migrate from chat -1773014102694
03-08 16:55:03.129  6349  6402 D WhizRepository: migrateChatMessages: 📊 Found 0 messages already in target chat 15193
03-08 16:55:03.129  6349  6402 D WhizRepository: migrateChatMessages: 📋 Messages to migrate: [ID:31 Type:USER Content:'log 400 calories on Fitbit...']
03-08 16:55:03.129  6349  6402 D WhizRepository: migrateChatMessages: 🚀 BATCH: Migrating 1 messages from chat -1773014102694 to 15193 in single operation
03-08 16:55:03.132  6349  6402 D WhizRepository: migrateChatMessages: ✅ BATCH: Successfully migrated 1 messages in single operation
03-08 16:55:03.132  6349  6402 D WhizRepository: migrateChatMessages: ✅ COMPLETED migration of 1 messages from chat -1773014102694 to 15193
03-08 16:55:03.137  6349  6402 D WhizRepository: migrateChatMessages: ✅ Verification: source has 0 messages, target has 1 messages
03-08 16:55:03.139  6349  6369 D WhizRepository: migrateChatMessages: deleted optimistic chat -1773014102694
03-08 16:55:03.144  6349  6349 D ChatViewModel: 🔍 DEDUP_DEBUG: Processing 1 messages for chat 15193:
03-08 16:55:03.144  6349  6349 D ChatViewModel: 🔥 MESSAGES_FLOW_DEBUG: Emitting 1 messages to UI for chat 15193
03-08 16:55:03.144  6349  6349 D ChatViewModel: 🔍 DEDUP_DEBUG:   [0] ID:31 Type:USER RequestID:f233821d-69f9-4beb-860b-2d8fbfa50f24 Timestamp:1773014102694 Content:'log 400 calories on Fitbit...'
03-08 16:55:03.144  6349  6349 D ChatViewModel: 🔍 DEDUP_DEBUG: Creating key for message ID:31 RequestID:f233821d-69f9-4beb-860b-2d8fbfa50f24 -> (f233821d-69f9-4beb-860b-2d8fbfa50f24, USER)
03-08 16:55:03.231  6349  6370 D WhizRepository: fetchMessagesWithDeduplication: RAW[0] id=112491 type=USER cancelled=null requestId=f233821d-69f9-4beb-860b-2d8fbfa50f24 content='log 400 calories on Fitbit...'
03-08 16:55:03.232  6349  6370 D WhizRepository: fetchMessagesWithDeduplication: Retrieved 1 messages (1 non-cancelled) from server chat 15193
03-08 16:55:03.232  6349  6370 D WhizRepository: fetchMessagesWithDeduplication: Cleaned up request tracking for chat -1773014102694
03-08 16:55:03.232  6349  6349 D WhizRepository: fetchMessagesWithRetry: Success on attempt 1 for chat -1773014102694, got 1 messages
03-08 16:55:03.232  6349  6349 D ChatViewModel: WebSocketEvent.Connected: Retrieved 1 messages from server for chat -1773014102694
03-08 16:55:03.232  6349  6349 D WhizRepository: refreshMessages: cleared ongoing request tracking
03-08 16:55:03.232  6349  6349 D ChatViewModel: Checking for orphaned messages in chat -1773014102694
03-08 16:55:03.232  6349  6349 D ChatViewModel: No orphaned messages found in chat -1773014102694
03-08 16:55:03.248  6349  6412 D WhizRepository: migrateChatMessages: Migration from -1773014102694 to 15193 already completed - source empty, target has 1 messages
03-08 16:55:03.248  6349  6412 D WhizRepository: fetchMessagesWithDeduplication: Message migration completed for -1773014102694 → 15193
03-08 16:55:06.665  6349  6349 D ChatViewModel: 🧵 THREAD DEBUG: Processing WebSocket event on thread: main
03-08 16:55:06.665  6349  6349 I ChatViewModel: 🔧 TOOL EXECUTION EVENT RECEIVED IN CHATVIEWMODEL
03-08 16:55:06.665  6349  6349 I ChatViewModel: 🔧 Tool request: {"type":"tool_execution","tool":"agent_fitbit_add_quick_calories","request_id":"tool_9a3cf338","params":{"calories":400},"conversation_id":-1773014102694}
03-08 16:55:06.665  6349  6349 I ChatViewModel: 🔧 Tool name: agent_fitbit_add_quick_calories
03-08 16:55:06.665  6349  6349 I ChatViewModel: 🔧 Request ID: tool_9a3cf338
03-08 16:55:06.665  6349  6349 I ChatViewModel: 🔧 Calling toolExecutor.executeToolFromJson
03-08 16:55:06.666  6349  6349 I ScreenAgentTools: addFitbitQuickCalories called with calories=400
03-08 16:55:06.666  6349  6349 D ScreenAgentTools: Attempting to launch app: Fitbit
03-08 16:55:06.666  6349  6349 D ScreenAgentTools: Normalized app name: fitbit
03-08 16:55:06.820  6349  6349 D ScreenAgentTools: Found potential match: Fitbit (com.fitbit.FitbitMobile) with score 1.0
03-08 16:55:06.832  6349  6349 D ScreenAgentTools: Checking overlay (fuzzy): enableOverlay=true, isWhizApp=false, hasPermission=true
03-08 16:55:06.832  6349  6349 D ScreenAgentTools: Set pendingStartTimestamp before launching (fuzzy)
03-08 16:55:06.838  6349  6349 D ScreenAgentTools: Starting bubble overlay service (fuzzy)
03-08 16:55:06.838  6349  6349 I ScreenAgentTools: 🔵 startBubbleOverlay() called
03-08 16:55:06.838  6349  6349 I ScreenAgentTools: 🔵 About to call BubbleOverlayService.start()
03-08 16:55:06.840  6349  6349 I ScreenAgentTools: 🔵 BubbleOverlayService.start() completed successfully
03-08 16:55:06.840  6349  6349 D ScreenAgentTools: Bubble overlay started (fuzzy): true
03-08 16:55:06.840  6349  6349 I ScreenAgentTools: Successfully launched app: Fitbit (com.fitbit.FitbitMobile)
03-08 16:55:06.841  6349  6349 D ScreenAgentTools: Waiting for app com.fitbit.FitbitMobile to be ready...
03-08 16:55:07.714  6349  6349 D ScreenAgentTools: App com.fitbit.FitbitMobile is now in foreground
03-08 16:55:07.715  6349  6349 D ScreenAgentTools: Condition met after 874ms
03-08 16:55:08.029  6349  6349 D ScreenAgentTools: Condition met after 313ms
03-08 16:55:08.029  6349  6349 I ScreenAgentTools: Fitbit screen detected on launch: TODAY_HOME
03-08 16:55:08.049  6349  6349 I ScreenAgentTools: tapFoodTileAndLog: Looking for Food tile on Today screen
03-08 16:55:08.049  6349  6349 I ScreenAgentTools: Scrolling to top of Fitbit Today screen
03-08 16:55:08.076  6349  6349 D ChatViewModel: App background event received
03-08 16:55:08.076  6349  6349 D ChatViewModel: [LOG] onAppBackgrounded called. continuousListeningEnabled=true
03-08 16:55:08.076  6349  6349 D ChatViewModel: [LOG] Saved TTS state before background: false
03-08 16:55:08.076  6349  6349 D ChatViewModel: [LOG] Set lastBackgroundedTime to 1773014108076
03-08 16:55:08.076  6349  6349 D ChatViewModel: [LOG] Bubble overlay active/pending - preserving TTS state for bubble
03-08 16:55:08.076  6349  6349 V WhizAccessibilityService: Window state changed: com.fitbit.FitbitMobile
03-08 16:55:08.078  6349  6349 V WhizAccessibilityService: Window state changed: com.fitbit.FitbitMobile
03-08 16:55:08.394  6349  6349 D WhizAccessibilityService: Scroll gesture completed successfully
03-08 16:55:09.394  6349  6349 D WhizAccessibilityService: Scroll gesture completed successfully
03-08 16:55:10.493  6349  6349 D WhizAccessibilityService: Scroll gesture completed successfully
03-08 16:55:11.728  6349  6349 D WhizAccessibilityService: Scroll gesture completed successfully
03-08 16:55:12.709  6349  6349 D WhizAccessibilityService: Scroll gesture completed successfully
03-08 16:55:13.592  6349  6349 D WhizAccessibilityService: Scroll gesture completed successfully
03-08 16:55:14.459  6349  6349 D WhizAccessibilityService: Scroll gesture completed successfully
03-08 16:55:15.363  6349  6349 D WhizAccessibilityService: Scroll gesture completed successfully
03-08 16:55:15.962  6349  6349 I ScreenAgentTools: Reached top of Today screen after 4 scroll-to-top attempts
03-08 16:55:15.964  6349  6349 D ScreenAgentTools: Food tile not found, scrolling down (attempt 1)
03-08 16:55:16.296  6349  6349 D WhizAccessibilityService: Scroll gesture completed successfully
03-08 16:55:16.939  6349  6349 D ScreenAgentTools: Food tile not found, scrolling down (attempt 2)
03-08 16:55:17.263  6349  6349 D WhizAccessibilityService: Scroll gesture completed successfully
03-08 16:55:17.759  6349  6349 I ScreenAgentTools: Found 'Food' text node on attempt 2
03-08 16:55:17.775  6349  6349 I ScreenAgentTools: Clicked Food tile: true
03-08 16:55:17.890  6349  6349 V WhizAccessibilityService: View clicked in: com.fitbit.FitbitMobile
03-08 16:55:18.548  6349  6349 D ScreenAgentTools: Condition met after 773ms
03-08 16:55:18.549  6349  6349 I ScreenAgentTools: tapMoreOptionsAndLog: On Food detail page
03-08 16:55:18.766  6349  6349 I ScreenAgentTools: Clicked More options: true
03-08 16:55:18.818  6349  6349 V WhizAccessibilityService: Window state changed: com.fitbit.FitbitMobile
03-08 16:55:18.879  6349  6349 V WhizAccessibilityService: View clicked in: com.fitbit.FitbitMobile
03-08 16:55:18.931  6349  6349 D ScreenAgentTools: Condition met after 164ms
03-08 16:55:18.931  6349  6349 I ScreenAgentTools: tapAddQuickCaloriesAndLog: Looking for 'Add Quick Calories' option
03-08 16:55:19.033  6349  6349 I ScreenAgentTools: Clicked 'Add Quick Calories': true
03-08 16:55:19.132  6349  6349 V WhizAccessibilityService: Window state changed: com.fitbit.FitbitMobile
03-08 16:55:19.428  6349  6349 D ScreenAgentTools: Condition met after 394ms
03-08 16:55:19.428  6349  6349 I ScreenAgentTools: enterCaloriesAndLog: Entering 400 calories
03-08 16:55:19.516  6349  6349 I ScreenAgentTools: Set calories text to 400: true
03-08 16:55:19.596  6349  6349 I ScreenAgentTools: Clicked 'LOG THIS': true
03-08 16:55:19.647  6349  6349 V WhizAccessibilityService: Window state changed: com.fitbit.FitbitMobile
03-08 16:55:20.480  6349  6349 D ScreenAgentTools: Condition met after 883ms
03-08 16:55:20.494  6349  6349 V WhizAccessibilityService: View clicked in: com.fitbit.FitbitMobile
03-08 16:55:20.498  6349  6349 V WhizAccessibilityService: Window state changed: com.fitbit.FitbitMobile
03-08 16:55:20.500  6349  6349 V WhizAccessibilityService: Window state changed: com.fitbit.FitbitMobile
03-08 16:55:21.101  6349  6349 D ScreenAgentTools: Condition met after 621ms
03-08 16:55:21.109  6349  6349 D ScreenAgentTools: Condition met after 8ms
03-08 16:55:21.109  6349  6349 I ScreenAgentTools: Successfully logged 400 quick calories to Fitbit
03-08 16:55:21.110  6349  6349 I ChatViewModel: [TOOL_COLLECTOR] Received tool execution result: Success(toolName=agent_fitbit_add_quick_calories, requestId=tool_9a3cf338, result={"success":true,"action":"add_quick_calories","calories":400})
03-08 16:55:21.110  6349  6349 I ChatViewModel: 📮 [TOOL_COLLECTOR] Sending tool result to server: requestId=tool_9a3cf338, chatId=15193, timestamp=1773014121110
03-08 16:55:21.110  6349  6349 I ChatViewModel: 📮 [TOOL_COLLECTOR] Tool name: agent_fitbit_add_quick_calories
03-08 16:55:21.110  6349  6349 I ChatViewModel: 📮 [TOOL_COLLECTOR] Result: {
03-08 16:55:21.110  6349  6349 I ChatViewModel:   "status": "success",
03-08 16:55:21.110  6349  6349 I ChatViewModel:   "success": true,
03-08 16:55:21.110  6349  6349 I ChatViewModel:   "action": "add_quick_calories",
03-08 16:55:21.110  6349  6349 I ChatViewModel:   "calories": 400
03-08 16:55:21.110  6349  6349 I ChatViewModel: }
03-08 16:55:21.111  6349  6349 I ChatViewModel: ✅ [TOOL_COLLECTOR] Successfully sent tool result to server for requestId=tool_9a3cf338
03-08 16:55:21.112  6349  6349 V WhizAccessibilityService: Window state changed: com.fitbit.FitbitMobile
03-08 16:55:21.143  6349  6349 D ChatViewModel: App foreground event received
03-08 16:55:21.143  6349  6349 D ChatViewModel: [LOG] onAppForegrounded called. continuousListeningEnabled=true, micPermissionGranted=true, chatId=15193
03-08 16:55:21.345  6349  6349 D ChatViewModel: [LOG] Restarting continuous listening after app foregrounded
03-08 16:55:21.345  6349  6349 D ChatViewModel: [LOG] startContinuousListening called. continuousListeningEnabled=true, isResponding=true
03-08 16:55:21.394  6349  6349 V WhizAccessibilityService: Window state changed: com.example.whiz.debug
03-08 16:55:23.562  6349  6349 D ChatViewModel: 🧵 THREAD DEBUG: Processing WebSocket event on thread: main
03-08 16:55:23.562  6349  6349 D ChatViewModel: 🔧 WEBSOCKET_MESSAGE: Received message event with conversationId=15193, requestId=f233821d-69f9-4beb-860b-2d8fbfa50f24
03-08 16:55:23.562  6349  6349 D ChatViewModel: 🐛 VOICE_DEBUG: Starting targetChatId calculation
03-08 16:55:23.563  6349  6349 D ChatViewModel: 🐛 VOICE_DEBUG: event.requestId = f233821d-69f9-4beb-860b-2d8fbfa50f24
03-08 16:55:23.563  6349  6349 D ChatViewModel: 🐛 VOICE_DEBUG: effectiveConversationId = 15193
03-08 16:55:23.563  6349  6349 D ChatViewModel: 🐛 VOICE_DEBUG: current _chatId.value = 15193
03-08 16:55:23.563  6349  6349 D ChatViewModel: 🐛 VOICE_DEBUG: pendingRequests = {f233821d-69f9-4beb-860b-2d8fbfa50f24=-1773014102694}
03-08 16:55:23.563  6349  6349 D ChatViewModel: 🐛 VOICE_DEBUG: Found requestId in pendingRequests, originalChatId = -1773014102694
03-08 16:55:23.563  6349  6349 D ChatViewModel: 🔧 CHAT_TRANSITION_CHECK: isOptimisticChat=true, hasServerId=true, originalChatId=-1773014102694, effectiveConversationId=15193, isChatTransition=true
03-08 16:55:23.566  6349  6402 D WhizRepository: migrateChatMessages: Migration from -1773014102694 to 15193 already completed - source empty, target has 1 messages
03-08 16:55:23.566  6349  6349 D ChatViewModel: 🔧 CHAT_ID_UPDATE: currentChatIsOptimistic=false, shouldSwitch=false, _chatId=15193, originalChatId=-1773014102694, effectiveConversationId=15193
03-08 16:55:23.566  6349  6349 D ChatViewModel: 🐛 VOICE_DEBUG: Migration scenario - returning effectiveConversationId = 15193
03-08 16:55:23.566  6349  6349 D ChatViewModel: 🐛 VOICE_DEBUG: Final calculated targetChatId = 15193
03-08 16:55:23.566  6349  6349 D ChatViewModel: 🔧 Detected chat migration via WebSocket: -1773014102694 → 15193
03-08 16:55:23.568  6349  6404 D WhizRepository: migrateChatMessages: Migration from -1773014102694 to 15193 already completed - source empty, target has 1 messages
03-08 16:55:23.568  6349  6349 D ChatViewModel: ✅ Successfully migrated messages from -1773014102694 to 15193
03-08 16:55:23.568  6349  6349 D ChatViewModel: [BUBBLE_DEBUG] Checking bubble status: isActive=false, isPendingStart=false
03-08 16:55:23.568  6349  6349 D WhizRepository: addAssistantMessageAfterRequest: adding assistant message after request f233821d-69f9-4beb-860b-2d8fbfa50f24 in chat 15193 (original: 15193)
03-08 16:55:23.568  6349  6349 D ChatViewModel: TTS Decision: ttsEnabled=false, ttsInit=true, speakThis=false, fresh=true, shouldSpeak=false
03-08 16:55:23.568  6349  6349 D ChatViewModel: [LOG] Restarting continuous listening after assistant reply.
03-08 16:55:23.568  6349  6349 D ChatViewModel: [LOG] startContinuousListening called. continuousListeningEnabled=true, isResponding=true
03-08 16:55:23.602  6349  6349 D WhizRepository: addAssistantMessageAfterRequest: found user message 31 with requestId f233821d-69f9-4beb-860b-2d8fbfa50f24
03-08 16:55:23.607  6349  6349 D WhizRepository: addAssistantMessageAfterRequest: added assistant message 32 after user message 31
03-08 16:55:23.607  6349  6349 D ChatViewModel: [LOG] Just finished computing - restarting continuous listening immediately
03-08 16:55:23.607  6349  6349 D ChatViewModel: 🔍 DEDUP_DEBUG: Processing 2 messages for chat 15193:
03-08 16:55:23.607  6349  6349 D ChatViewModel: 🔥 MESSAGES_FLOW_DEBUG: Emitting 2 messages to UI for chat 15193
03-08 16:55:23.607  6349  6349 D ChatViewModel: 🔍 DEDUP_DEBUG:   [0] ID:31 Type:USER RequestID:f233821d-69f9-4beb-860b-2d8fbfa50f24 Timestamp:1773014102694 Content:'log 400 calories on Fitbit...'
03-08 16:55:23.607  6349  6349 D ChatViewModel: 🔍 DEDUP_DEBUG:   [1] ID:32 Type:ASSISTANT RequestID:f233821d-69f9-4beb-860b-2d8fbfa50f24 Timestamp:1773014102695 Content:'Done! I've logged 400 calories...'
03-08 16:55:23.607  6349  6349 D ChatViewModel: 🔍 DEDUP_DEBUG: Creating key for message ID:31 RequestID:f233821d-69f9-4beb-860b-2d8fbfa50f24 -> (f233821d-69f9-4beb-860b-2d8fbfa50f24, USER)
03-08 16:55:23.607  6349  6349 D ChatViewModel: 🔍 DEDUP_DEBUG: Creating key for message ID:32 RequestID:f233821d-69f9-4beb-860b-2d8fbfa50f24 -> (f233821d-69f9-4beb-860b-2d8fbfa50f24, ASSISTANT)
03-08 16:55:23.608  6349  6349 D ChatViewModel: 🧵 THREAD DEBUG: Processing WebSocket event on thread: main
03-08 16:55:23.608  6349  6349 D ChatViewModel: 🔧 WEBSOCKET_MESSAGE: Received message event with conversationId=15193, requestId=f233821d-69f9-4beb-860b-2d8fbfa50f24
03-08 16:55:23.608  6349  6349 D ChatViewModel: 🐛 VOICE_DEBUG: Starting targetChatId calculation
03-08 16:55:23.608  6349  6349 D ChatViewModel: 🐛 VOICE_DEBUG: event.requestId = f233821d-69f9-4beb-860b-2d8fbfa50f24
03-08 16:55:23.608  6349  6349 D ChatViewModel: 🐛 VOICE_DEBUG: effectiveConversationId = 15193
03-08 16:55:23.608  6349  6349 D ChatViewModel: 🐛 VOICE_DEBUG: current _chatId.value = 15193
03-08 16:55:23.608  6349  6349 D ChatViewModel: 🐛 VOICE_DEBUG: pendingRequests = {}
03-08 16:55:23.608  6349  6349 W ChatViewModel: Request ID f233821d-69f9-4beb-860b-2d8fbfa50f24 not found in pending requests
03-08 16:55:23.608  6349  6349 D ChatViewModel: 🐛 VOICE_DEBUG: Message is for current chat (conversationId=15193 matches _chatId=15193) - accepting despite request not in pendingRequests
03-08 16:55:23.608  6349  6349 D ChatViewModel: 🐛 VOICE_DEBUG: Final calculated targetChatId = 15193
03-08 16:55:23.608  6349  6349 D ChatViewModel: 🔧 Detected chat migration via WebSocket: -1773014102694 → 15193
03-08 16:55:23.611  6349  6371 D WhizRepository: migrateChatMessages: Migration from -1773014102694 to 15193 already completed - source empty, target has 2 messages
03-08 16:55:23.612  6349  6349 D ChatViewModel: ✅ Successfully migrated messages from -1773014102694 to 15193
03-08 16:55:23.612  6349  6349 D ChatViewModel: [BUBBLE_DEBUG] Checking bubble status: isActive=false, isPendingStart=false
03-08 16:55:23.612  6349  6349 D WhizRepository: addAssistantMessageAfterRequest: adding assistant message after request f233821d-69f9-4beb-860b-2d8fbfa50f24 in chat 15193 (original: 15193)
03-08 16:55:23.612  6349  6349 D ChatViewModel: TTS Decision: ttsEnabled=false, ttsInit=true, speakThis=false, fresh=true, shouldSpeak=false
03-08 16:55:23.612  6349  6349 D ChatViewModel: [LOG] Already listening (full-duplex), no restart needed after assistant reply.
03-08 16:55:23.613  6349  6349 D WhizRepository: addAssistantMessageAfterRequest: found user message 31 with requestId f233821d-69f9-4beb-860b-2d8fbfa50f24
03-08 16:55:23.615  6349  6349 D WhizRepository: addAssistantMessageAfterRequest: added assistant message 33 after user message 31
03-08 16:55:23.615  6349  6349 D ChatViewModel: 🔍 DEDUP_DEBUG: Processing 3 messages for chat 15193:
03-08 16:55:23.615  6349  6349 D ChatViewModel: 🔥 MESSAGES_FLOW_DEBUG: Emitting 3 messages to UI for chat 15193
03-08 16:55:23.615  6349  6349 D ChatViewModel: 🔍 DEDUP_DEBUG:   [0] ID:31 Type:USER RequestID:f233821d-69f9-4beb-860b-2d8fbfa50f24 Timestamp:1773014102694 Content:'log 400 calories on Fitbit...'
03-08 16:55:23.615  6349  6349 D ChatViewModel: 🔍 DEDUP_DEBUG:   [1] ID:32 Type:ASSISTANT RequestID:f233821d-69f9-4beb-860b-2d8fbfa50f24 Timestamp:1773014102695 Content:'Done! I've logged 400 calories...'
03-08 16:55:23.616  6349  6349 D ChatViewModel: 🔍 DEDUP_DEBUG:   [2] ID:33 Type:ASSISTANT RequestID:f233821d-69f9-4beb-860b-2d8fbfa50f24 Timestamp:1773014102695 Content:'Done! I've logged 400 calories...'
03-08 16:55:23.616  6349  6349 D ChatViewModel: 🔍 DEDUP_DEBUG: Creating key for message ID:31 RequestID:f233821d-69f9-4beb-860b-2d8fbfa50f24 -> (f233821d-69f9-4beb-860b-2d8fbfa50f24, USER)
03-08 16:55:23.616  6349  6349 D ChatViewModel: 🔍 DEDUP_DEBUG: Creating key for message ID:32 RequestID:f233821d-69f9-4beb-860b-2d8fbfa50f24 -> (f233821d-69f9-4beb-860b-2d8fbfa50f24, ASSISTANT)
03-08 16:55:23.616  6349  6349 D ChatViewModel: 🔍 DEDUP_DEBUG: Creating key for message ID:33 RequestID:f233821d-69f9-4beb-860b-2d8fbfa50f24 -> (f233821d-69f9-4beb-860b-2d8fbfa50f24, ASSISTANT)
03-08 16:55:23.616  6349  6349 W ChatViewModel: 🔍 DEDUP_DEBUG: Removed 1 duplicate messages
03-08 16:55:23.616  6349  6349 W ChatViewModel: 🔍 DEDUP_DEBUG: REMOVED -> ID:33 Type:ASSISTANT RequestID:f233821d-69f9-4beb-860b-2d8fbfa50f24 Timestamp:1773014102695 Content:'Done! I've logged 400 calories...'
03-08 16:55:23.616  6349  6349 W ChatViewModel: 🔍 DEDUP_DEBUG: Final deduplicated list (2 messages):
03-08 16:55:23.616  6349  6349 W ChatViewModel: 🔍 DEDUP_DEBUG:   FINAL[0] ID:31 Type:USER RequestID:f233821d-69f9-4beb-860b-2d8fbfa50f24 Timestamp:1773014102694 Content:'log 400 calories on Fitbit...'
03-08 16:55:23.616  6349  6349 W ChatViewModel: 🔍 DEDUP_DEBUG:   FINAL[1] ID:32 Type:ASSISTANT RequestID:f233821d-69f9-4beb-860b-2d8fbfa50f24 Timestamp:1773014102695 Content:'Done! I've logged 400 calories...'
03-08 16:55:23.664  6349  6349 D ChatViewModel: [LOG] startContinuousListening called. continuousListeningEnabled=true, isResponding=false
