03-08 19:24:18.251  5513  5513 D WhizRepository:   - Server chat: id=9839, title='Hey can you play Golden from Kpop Demon Hunters on...', optimisticChatId=-1765264125284
03-08 19:24:18.251  5513  5513 D WhizRepository:   - Server chat: id=9838, title='Hey can you play Golden from Kpop Demon Hunters on...', optimisticChatId=-1765264029395
03-08 19:24:18.251  5513  5513 D WhizRepository:   - Server chat: id=9837, title='Hey can you play Golden from Kpop Demon Hunters on...', optimisticChatId=-1765263916787
03-08 19:24:18.251  5513  5513 D WhizRepository:   - Server chat: id=9836, title='Hey can you play Golden from Kpop Demon Hunters on...', optimisticChatId=-1765263744820
03-08 19:24:18.251  5513  5513 D WhizRepository:   - Server chat: id=9835, title='Hey can you play Golden from Kpop Demon Hunters on...', optimisticChatId=-1765263590687
03-08 19:24:18.251  5513  5513 D WhizRepository:   - Server chat: id=9834, title='Hey can you play Golden from Kpop Demon Hunters on...', optimisticChatId=-1765262675590
03-08 19:24:18.251  5513  5513 D WhizRepository:   - Server chat: id=9833, title='Hey can you play Golden from Kpop Demon Hunters on...', optimisticChatId=-1765262542440
03-08 19:24:18.251  5513  5513 D WhizRepository:   - Server chat: id=9832, title='Hey can you play Golden from Kpop Demon Hunters on...', optimisticChatId=-1765262442941
03-08 19:24:18.251  5513  5513 D WhizRepository:   - Server chat: id=9831, title='Hey can you play Golden from Kpop Demon Hunters on...', optimisticChatId=-1765262341916
03-08 19:24:18.251  5513  5513 D WhizRepository:   - Server chat: id=9830, title='all right', optimisticChatId=-1765262275254
03-08 19:24:18.251  5513  5513 D WhizRepository:   - Server chat: id=9829, title='Hey can you play Golden from Kpop Demon Hunters on...', optimisticChatId=-1765262178678
03-08 19:24:18.251  5513  5513 D WhizRepository:   - Server chat: id=9828, title='Hey can you play Golden from Kpop Demon Hunters on...', optimisticChatId=-1765262075603
03-08 19:24:18.251  5513  5513 D WhizRepository:   - Server chat: id=9827, title='Davis without going to the AI', optimisticChatId=-1765262018205
03-08 19:24:18.251  5513  5513 D WhizRepository:   - Server chat: id=9826, title='Hey can you play Golden from Kpop Demon Hunters on...', optimisticChatId=-1765261808502
03-08 19:24:18.251  5513  5513 D WhizRepository:   - Server chat: id=9825, title='Hey can you play Golden from Kpop Demon Hunters on...', optimisticChatId=-1765261710511
03-08 19:24:18.251  5513  5513 D WhizRepository:   - Server chat: id=9824, title='Hey can you play Golden from Kpop Demon Hunters on...', optimisticChatId=-1765261578742
03-08 19:24:18.251  5513  5513 D WhizRepository:   - Server chat: id=9823, title='Hey can you play Golden from Kpop Demon Hunters on...', optimisticChatId=-1765261481500
03-08 19:24:18.251  5513  5513 D WhizRepository:   - Server chat: id=9822, title='Hey can you play Golden from Kpop Demon Hunters on...', optimisticChatId=-1765261383992
03-08 19:24:18.251  5513  5513 D WhizRepository:   - Server chat: id=9821, title='Hey can you play Golden from Kpop Demon Hunters on...', optimisticChatId=-1765261224187
03-08 19:24:18.251  5513  5513 D WhizRepository:   - Server chat: id=9820, title='Hey can you play Golden from Kpop Demon Hunters on...', optimisticChatId=-1765261122480
03-08 19:24:18.251  5513  5513 D WhizRepository:   - Server chat: id=9819, title='Hey can you play Golden from Kpop Demon Hunters on...', optimisticChatId=-1765261017917
03-08 19:24:18.251  5513  5513 D WhizRepository:   - Server chat: id=9815, title='Hey can you play Golden from Kpop Demon Hunters on...', optimisticChatId=-1765239862348
03-08 19:24:18.251  5513  5513 D WhizRepository:   - Server chat: id=9814, title='Hey can you play Golden from Kpop Demon Hunters on...', optimisticChatId=-1765239768989
03-08 19:24:18.251  5513  5513 D WhizRepository:   - Server chat: id=9813, title='Hey can you play Golden from Kpop Demon Hunters on...', optimisticChatId=-1765239677301
03-08 19:24:18.251  5513  5513 D WhizRepository:   - Server chat: id=9812, title='Hey can you play Golden from Kpop Demon Hunters on...', optimisticChatId=-1765239587345
03-08 19:24:18.251  5513  5513 D WhizRepository:   - Server chat: id=9811, title='Hey can you play Golden from Kpop Demon Hunters on...', optimisticChatId=-1765239494680
03-08 19:24:18.251  5513  5513 D WhizRepository:   - Server chat: id=9810, title='Hey can you play Golden from Kpop Demon Hunters on...', optimisticChatId=-1765239267086
03-08 19:24:18.251  5513  5513 D WhizRepository:   - Server chat: id=9809, title='Hey can you play Golden from Kpop Demon Hunters on...', optimisticChatId=-1765239172730
03-08 19:24:18.251  5513  5513 D WhizRepository:   - Server chat: id=9808, title='Hey can you play Golden from Kpop Demon Hunters on...', optimisticChatId=-1765239082301
03-08 19:24:18.251  5513  5513 D WhizRepository:   - Server chat: id=9807, title='Hey can you play Golden from Kpop Demon Hunters on...', optimisticChatId=-1765238992296
03-08 19:24:18.251  5513  5574 D WhizRepository:   - Server chat: id=9315, title='Hello Claude', optimisticChatId=-1764655490213
03-08 19:24:18.251  5513  5574 D WhizRepository:   - Server chat: id=9266, title='we', optimisticChatId=-1764634104522
03-08 19:24:18.251  5513  5574 D WhizRepository:   - Server chat: id=9250, title='Hello, can you please send a message to +1(628)209...', optimisticChatId=-1764620740148
03-08 19:24:18.251  5513  5574 D WhizRepository:   - Server chat: id=9238, title='Hello Claude', optimisticChatId=-1764457227122
03-08 19:24:18.251  5513  5574 D WhizRepository:   - Server chat: id=9086, title='Rome 157 2.8 Pizza', optimisticChatId=-1764185883061
03-08 19:24:18.251  5513  5574 D WhizRepository:   - Server chat: id=9042, title='I see you're running a test with multiple question...', optimisticChatId=-1764177049106
03-08 19:24:18.251  5513  5574 D WhizRepository:   - Server chat: id=8960, title='I appreciate the question so we have updated our s...', optimisticChatId=-1764116966661
03-08 19:24:18.251  5513  5574 D WhizRepository:   - Server chat: id=8938, title='Rome 50-meters 3-million Pizza', optimisticChatId=-1764017406447
03-08 19:24:18.251  5513  5574 D WhizRepository:   - Server chat: id=8930, title='Can you tell me about Mars in 30 words exactly? - ...', optimisticChatId=-1764017314920
03-08 19:24:18.251  5513  5574 D WhizRepository:   - Server chat: id=8839, title='The Clock app is now open! You should see the cloc...', optimisticChatId=-1763926638582
03-08 19:24:18.251  5513  5574 D WhizRepository:   - Server chat: id=8818, title='Can you tell me about Mars in 30 words exactly? - ...', optimisticChatId=-1763924785617
03-08 19:24:18.251  5513  5574 D WhizRepository:   - Server chat: id=8784, title='Can you tell me about Mars in 30 words exactly? - ...', optimisticChatId=-1763921439738
03-08 19:24:18.251  5513  5574 D WhizRepository:   - Server chat: id=8752, title='Rome 48 2.8M Pizza', optimisticChatId=-1763919174561
03-08 19:24:18.251  5513  5574 D WhizRepository:   - Server chat: id=8746, title='how about yourself', optimisticChatId=-1763919034648
03-08 19:24:18.252  5513  5574 D WhizRepository:   - Server chat: id=8734, title='Rome 48 2.8 Pizza', optimisticChatId=-1763916258360
03-08 19:24:18.252  5513  5574 D WhizRepository:   - Server chat: id=8707, title='mindfulness has already returned', optimisticChatId=-1763752219005
03-08 19:24:18.252  5513  5574 D WhizRepository:   - Server chat: id=8703, title='Rome 157 2.8 Pizza', optimisticChatId=-1763752154658
03-08 19:24:18.252  5513  5574 D WhizRepository:   - Server chat: id=8697, title='like the same time but it is safe to both', optimisticChatId=-1763752029483
03-08 19:24:18.252  5513  5574 D WhizRepository:   - Server chat: id=8685, title='Rome 157 2.8 Pizza', optimisticChatId=-1763748717868
03-08 19:24:18.252  5513  5574 D WhizRepository:   - Server chat: id=8596, title='Rome 157 2.8 Pizza', optimisticChatId=-1763665482642
03-08 19:24:18.252  5513  5513 D WhizRepository:   - Server chat: id=9806, title='Hey can you play Golden from Kpop Demon Hunters on...', optimisticChatId=-1765238900837
03-08 19:24:18.252  5513  5513 D WhizRepository:   - Server chat: id=9805, title='Hey can you play Golden from Kpop Demon Hunters on...', optimisticChatId=-1765238604668
03-08 19:24:18.252  5513  5513 D WhizRepository:   - Server chat: id=9804, title='Hey can you play Golden from Kpop Demon Hunters on...', optimisticChatId=-1765238534858
03-08 19:24:18.252  5513  5513 D WhizRepository:   - Server chat: id=9803, title='Hey can you play Golden from Kpop Demon Hunters on...', optimisticChatId=-1765238464541
03-08 19:24:18.252  5513  5513 D WhizRepository:   - Server chat: id=9802, title='Hey can you play Golden from Kpop Demon Hunters on...', optimisticChatId=-1765238366350
03-08 19:24:18.252  5513  5513 D WhizRepository:   - Server chat: id=9801, title='Hey can you play Golden from Kpop Demon Hunters on...', optimisticChatId=-1765238274891
03-08 19:24:18.252  5513  5513 D WhizRepository:   - Server chat: id=9800, title='Hey can you play Golden from Kpop Demon Hunters on...', optimisticChatId=-1765238184961
03-08 19:24:18.252  5513  5513 D WhizRepository:   - Server chat: id=9799, title='Hey can you play Golden from Kpop Demon Hunters on...', optimisticChatId=-1765238094426
03-08 19:24:18.252  5513  5513 D WhizRepository:   - Server chat: id=9798, title='Hey can you play Golden from Kpop Demon Hunters on...', optimisticChatId=-1765238003126
03-08 19:24:18.252  5513  5513 D WhizRepository:   - Server chat: id=9797, title='Hey can you play Golden from Kpop Demon Hunters on...', optimisticChatId=-1765237907863
03-08 19:24:18.252  5513  5513 D WhizRepository:   - Server chat: id=9796, title='is this so', optimisticChatId=-1765237848085
03-08 19:24:18.252  5513  5513 D WhizRepository:   - Server chat: id=9795, title='Hey can you play Golden from Kpop Demon Hunters on...', optimisticChatId=-1765237757310
03-08 19:24:18.252  5513  5513 D WhizRepository:   - Server chat: id=9794, title='Hey can you play Golden from Kpop Demon Hunters on...', optimisticChatId=-1765237630430
03-08 19:24:18.252  5513  5513 D WhizRepository:   - Server chat: id=9793, title='Hey can you play Golden from Kpop Demon Hunters on...', optimisticChatId=-1765237534237
03-08 19:24:18.252  5513  5513 D WhizRepository:   - Server chat: id=9792, title='Hey can you play Golden from Kpop Demon Hunters on...', optimisticChatId=-1765237443501
03-08 19:24:18.252  5513  5513 D WhizRepository:   - Server chat: id=9791, title='Hey can you play Golden from Kpop Demon Hunters on...', optimisticChatId=-1765237343597
03-08 19:24:18.252  5513  5513 D WhizRepository:   - Server chat: id=9790, title='Hey can you play Golden from Kpop Demon Hunters on...', optimisticChatId=-1765237161843
03-08 19:24:18.252  5513  5513 D WhizRepository:   - Server chat: id=9789, title='Hey can you play Golden from Kpop Demon Hunters on...', optimisticChatId=-1765237066154
03-08 19:24:18.252  5513  5513 D WhizRepository:   - Server chat: id=9788, title='Hey can you play Golden from Kpop Demon Hunters on...', optimisticChatId=-1765236970578
03-08 19:24:18.252  5513  5513 D WhizRepository:   - Server chat: id=9787, title='Hey can you play Golden from Kpop Demon Hunters on...', optimisticChatId=-1765236874081
03-08 19:24:18.252  5513  5513 D WhizRepository:   - Server chat: id=9786, title='Hey can you play Golden from Kpop Demon Hunters on...', optimisticChatId=-1765236594802
03-08 19:24:18.252  5513  5513 D WhizRepository:   - Server chat: id=9785, title='Hey can you play Golden from Kpop Demon Hunters on...', optimisticChatId=-1765236499483
03-08 19:24:18.252  5513  5513 D WhizRepository:   - Server chat: id=9784, title='Hey can you play Golden from Kpop Demon Hunters on...', optimisticChatId=-1765236402499
03-08 19:24:18.252  5513  5513 D WhizRepository:   - Server chat: id=9783, title='Hey can you play Golden from Kpop Demon Hunters on...', optimisticChatId=-1765236304459
03-08 19:24:18.252  5513  5513 D WhizRepository:   - Server chat: id=9782, title='Hey can you play Golden from Kpop Demon Hunters on...', optimisticChatId=-1765235513721
03-08 19:24:18.252  5513  5513 D WhizRepository:   - Server chat: id=9781, title='Hey can you play Golden from Kpop Demon Hunters on...', optimisticChatId=-1765235417412
03-08 19:24:18.252  5513  5513 D WhizRepository:   - Server chat: id=9780, title='Hey can you play Golden from Kpop Demon Hunters on...', optimisticChatId=-1765235321600
03-08 19:24:18.252  5513  5513 D WhizRepository:   - Server chat: id=9779, title='Hey can you play Golden from Kpop Demon Hunters on...', optimisticChatId=-1765235218066
03-08 19:24:18.252  5513  5513 D WhizRepository:   - Server chat: id=9778, title='don't get included as we are talking different', optimisticChatId=-1765235146558
03-08 19:24:18.252  5513  5513 D WhizRepository:   - Server chat: id=9777, title='but I'm having an issue where when we show the use...', optimisticChatId=-1765235100820
03-08 19:24:18.252  5513  5513 D WhizRepository:   - Server chat: id=9776, title='Hey can you play Golden from Kpop Demon Hunters on...', optimisticChatId=-1765235001529
03-08 19:24:18.252  5513  5513 D WhizRepository:   - Server chat: id=9775, title='Hey can you play Golden from Kpop Demon Hunters on...', optimisticChatId=-1765234782683
03-08 19:24:18.252  5513  5513 D WhizRepository:   - Server chat: id=9774, title='Hey can you play Golden from Kpop Demon Hunters on...', optimisticChatId=-1765234687978
03-08 19:24:18.252  5513  5513 D WhizRepository:   - Server chat: id=9773, title='Hey can you play Golden from Kpop Demon Hunters on...', optimisticChatId=-1765234590601
03-08 19:24:18.252  5513  5513 D WhizRepository:   - Server chat: id=9772, title='Hey can you play Golden from Kpop Demon Hunters on...', optimisticChatId=-1765234521109
03-08 19:24:18.252  5513  5513 D WhizRepository:   - Server chat: id=9771, title='Hey can you play Golden from Kpop Demon Hunters on...', optimisticChatId=-1765234421777
03-08 19:24:18.252  5513  5513 D WhizRepository:   - Server chat: id=9770, title='Hey can you play Golden from Kpop Demon Hunters on...', optimisticChatId=-1765234229203
03-08 19:24:18.252  5513  5513 D WhizRepository:   - Server chat: id=9769, title='Hey can you play Golden from Kpop Demon Hunters on...', optimisticChatId=-1765234098894
03-08 19:24:18.252  5513  5513 D WhizRepository:   - Server chat: id=9768, title='Hey can you play Golden from Kpop Demon Hunters on...', optimisticChatId=-1765233808730
03-08 19:24:18.252  5513  5513 D WhizRepository:   - Server chat: id=9767, title='Hey can you play Golden from Kpop Demon Hunters on...', optimisticChatId=-1765233701033
03-08 19:24:18.252  5513  5513 D WhizRepository:   - Server chat: id=9766, title='Hey can you play Golden from Kpop Demon Hunters on...', optimisticChatId=-1765233110897
03-08 19:24:18.252  5513  5513 D WhizRepository:   - Server chat: id=9764, title='Hey can you play Golden from Kpop Demon Hunters on...', optimisticChatId=-1765222870979
03-08 19:24:18.252  5513  5513 D WhizRepository:   - Server chat: id=9763, title='Hey can you play Golden from Kpop Demon Hunters on...', optimisticChatId=-1765222780499
03-08 19:24:18.252  5513  5513 D WhizRepository:   - Server chat: id=9762, title='Hey can you play Golden from Kpop Demon Hunters on...', optimisticChatId=-1765217972002
03-08 19:24:18.252  5513  5513 D WhizRepository:   - Server chat: id=9761, title='what are the trader joes near me ?', optimisticChatId=-1765217663344
03-08 19:24:18.252  5513  5513 D WhizRepository:   - Server chat: id=9758, title='what are the trader joes near me ?', optimisticChatId=-1765176727639
03-08 19:24:18.252  5513  5513 D WhizRepository:   - Server chat: id=9757, title='what are the trader joes near me ?', optimisticChatId=-1765173652119
03-08 19:24:18.252  5513  5513 D WhizRepository:   - Server chat: id=9755, title='what are the trader joes near me ?', optimisticChatId=-1765170068604
03-08 19:24:18.252  5513  5513 D WhizRepository:   - Server chat: id=9754, title='what are the trader joes near me ?', optimisticChatId=-1765169402856
03-08 19:24:18.252  5513  5513 D WhizRepository:   - Server chat: id=9751, title='what are the trader joes near me ?', optimisticChatId=-1765126820564
03-08 19:24:18.252  5513  5513 D WhizRepository:   - Server chat: id=9747, title='what are the trader joes near me ?', optimisticChatId=-1765088848615
03-08 19:24:18.252  5513  5513 D WhizRepository:   - Server chat: id=9744, title='what are the trader joes near me ?', optimisticChatId=-1765072741717
03-08 19:24:18.252  5513  5513 D WhizRepository:   - Server chat: id=9743, title='on the weekend they got you working hard', optimisticChatId=-1765072589869
03-08 19:24:18.252  5513  5513 D WhizRepository:   - Server chat: id=9742, title='Hello, can you please send a text message to +1(62...', optimisticChatId=-1765072391426
03-08 19:24:18.252  5513  5513 D WhizRepository:   - Server chat: id=9741, title='Hello, can you please send a text message to +1(62...', optimisticChatId=-1765072216544
03-08 19:24:18.252  5513  5513 D WhizRepository:   - Server chat: id=9740, title='Hello, can you please send a text message to +1(62...', optimisticChatId=-1765072019135
03-08 19:24:18.252  5513  5513 D WhizRepository:   - Server chat: id=9739, title='Hello, can you please send a text message to +1(62...', optimisticChatId=-1765069629932
03-08 19:24:18.252  5513  5513 D WhizRepository:   - Server chat: id=9738, title='Hello, can you please send a WhatsApp message to +...', optimisticChatId=-1765069475603
03-08 19:24:18.252  5513  5513 D WhizRepository:   - Server chat: id=9737, title='Hello, can you please send a WhatsApp message to +...', optimisticChatId=-1765067774352
03-08 19:24:18.252  5513  5513 D WhizRepository:   - Server chat: id=9736, title='Hello, can you please send a WhatsApp message to +...', optimisticChatId=-1765066763184
03-08 19:24:18.252  5513  5513 D WhizRepository:   - Server chat: id=9735, title='Hello, can you please send a WhatsApp message to +...', optimisticChatId=-1765066428723
03-08 19:24:18.252  5513  5513 D WhizRepository:   - Server chat: id=9734, title='Hello, can you please send a WhatsApp message to +...', optimisticChatId=-1765066233411
03-08 19:24:18.252  5513  5513 D WhizRepository:   - Server chat: id=9733, title='Hello, can you please send a WhatsApp message to +...', optimisticChatId=-1765064999625
03-08 19:24:18.252  5513  5513 D WhizRepository:   - Server chat: id=9732, title='direct me oh that's garbage that's the hot dog fro...', optimisticChatId=-1765064937555
03-08 19:24:18.252  5513  5513 D WhizRepository:   - Server chat: id=9731, title='Hello, can you please send a WhatsApp message to +...', optimisticChatId=-1765063575049
03-08 19:24:18.252  5513  5513 D WhizRepository:   - Server chat: id=9730, title='Hello, can you please send a WhatsApp message to +...', optimisticChatId=-1765063120363
03-08 19:24:18.252  5513  5513 D WhizRepository:   - Server chat: id=9729, title='Hello, can you please send a WhatsApp message to +...', optimisticChatId=-1765062912494
03-08 19:24:18.252  5513  5513 D WhizRepository:   - Server chat: id=9726, title='Hello, can you please send a WhatsApp message to +...', optimisticChatId=-1765045120677
03-08 19:24:18.252  5513  5513 D WhizRepository:   - Server chat: id=9711, title='Looking at your questions, I can see this appears ...', optimisticChatId=-1764872609403
03-08 19:24:18.252  5513  5513 D WhizRepository:   - Server chat: id=9704, title='Hello Claude', optimisticChatId=-1764872494932
03-08 19:24:18.252  5513  5513 D WhizRepository:   - Server chat: id=9693, title='Hello, can you please send a WhatsApp message to +...', optimisticChatId=-1764830270172
03-08 19:24:18.252  5513  5513 D WhizRepository:   - Server chat: id=9692, title='Hello, can you please send a WhatsApp message to +...', optimisticChatId=-1764829699352
03-08 19:24:18.252  5513  5513 D WhizRepository:   - Server chat: id=9684, title='The Clock app is now open! You'll see a bubble ove...', optimisticChatId=-1764829471262
03-08 19:24:18.253  5513  5513 D WhizRepository:   - Server chat: id=9681, title='Hello Claude', optimisticChatId=-1764829438157
03-08 19:24:18.253  5513  5513 D WhizRepository:   - Server chat: id=9672, title='of the other one', optimisticChatId=-1764829120196
03-08 19:24:18.253  5513  5513 D WhizRepository:   - Server chat: id=9671, title='Hey can you play Golden from Kpop Demon Hunters on...', optimisticChatId=-1764829053751
03-08 19:24:18.253  5513  5513 D WhizRepository:   - Server chat: id=9659, title='Hello Claude', optimisticChatId=-1764827914343
03-08 19:24:18.253  5513  5513 D WhizRepository:   - Server chat: id=9629, title='I see you're running a test with multiple question...', optimisticChatId=-1764818424642
03-08 19:24:18.253  5513  5513 D WhizRepository:   - Server chat: id=9577, title='Can you tell me about Mars in 30 words exactly? - ...', optimisticChatId=-1764789290779
03-08 19:24:18.253  5513  5513 D WhizRepository:   - Server chat: id=9477, title='Can you tell me about Mars in 30 words exactly? - ...', optimisticChatId=-1764717729348
03-08 19:24:18.253  5513  5513 D WhizRepository:   - Server chat: id=9315, title='Hello Claude', optimisticChatId=-1764655490213
03-08 19:24:18.253  5513  5513 D WhizRepository:   - Server chat: id=9266, title='we', optimisticChatId=-1764634104522
03-08 19:24:18.253  5513  5513 D WhizRepository:   - Server chat: id=9250, title='Hello, can you please send a message to +1(628)209...', optimisticChatId=-1764620740148
03-08 19:24:18.253  5513  5513 D WhizRepository:   - Server chat: id=9238, title='Hello Claude', optimisticChatId=-1764457227122
03-08 19:24:18.253  5513  5513 D WhizRepository:   - Server chat: id=9086, title='Rome 157 2.8 Pizza', optimisticChatId=-1764185883061
03-08 19:24:18.253  5513  5513 D WhizRepository:   - Server chat: id=9042, title='I see you're running a test with multiple question...', optimisticChatId=-1764177049106
03-08 19:24:18.253  5513  5513 D WhizRepository:   - Server chat: id=8960, title='I appreciate the question so we have updated our s...', optimisticChatId=-1764116966661
03-08 19:24:18.253  5513  5513 D WhizRepository:   - Server chat: id=8938, title='Rome 50-meters 3-million Pizza', optimisticChatId=-1764017406447
03-08 19:24:18.253  5513  5513 D WhizRepository:   - Server chat: id=8930, title='Can you tell me about Mars in 30 words exactly? - ...', optimisticChatId=-1764017314920
03-08 19:24:18.253  5513  5513 D WhizRepository:   - Server chat: id=8839, title='The Clock app is now open! You should see the cloc...', optimisticChatId=-1763926638582
03-08 19:24:18.253  5513  5513 D WhizRepository:   - Server chat: id=8818, title='Can you tell me about Mars in 30 words exactly? - ...', optimisticChatId=-1763924785617
03-08 19:24:18.253  5513  5513 D WhizRepository:   - Server chat: id=8784, title='Can you tell me about Mars in 30 words exactly? - ...', optimisticChatId=-1763921439738
03-08 19:24:18.253  5513  5513 D WhizRepository:   - Server chat: id=8752, title='Rome 48 2.8M Pizza', optimisticChatId=-1763919174561
03-08 19:24:18.253  5513  5513 D WhizRepository:   - Server chat: id=8746, title='how about yourself', optimisticChatId=-1763919034648
03-08 19:24:18.253  5513  5513 D WhizRepository:   - Server chat: id=8734, title='Rome 48 2.8 Pizza', optimisticChatId=-1763916258360
03-08 19:24:18.253  5513  5513 D WhizRepository:   - Server chat: id=8707, title='mindfulness has already returned', optimisticChatId=-1763752219005
03-08 19:24:18.253  5513  5513 D WhizRepository:   - Server chat: id=8703, title='Rome 157 2.8 Pizza', optimisticChatId=-1763752154658
03-08 19:24:18.253  5513  5513 D WhizRepository:   - Server chat: id=8697, title='like the same time but it is safe to both', optimisticChatId=-1763752029483
03-08 19:24:18.253  5513  5513 D WhizRepository:   - Server chat: id=8685, title='Rome 157 2.8 Pizza', optimisticChatId=-1763748717868
03-08 19:24:18.253  5513  5513 D WhizRepository:   - Server chat: id=8596, title='Rome 157 2.8 Pizza', optimisticChatId=-1763665482642
03-08 19:24:18.257  5513  5513 D WhizRepository: 🔍 getAllChatsFlow: Got 9 chats from local database
03-08 19:24:18.257  5513  5574 D WhizRepository: 🔍 getAllChatsFlow: Got 9 chats from local database
03-08 19:24:18.310  5513  5574 D WhizRepository: getAllChatsFlow: Registered 147 existing mappings, triggered 0 new migrations
03-08 19:24:18.310  5513  5513 D WhizRepository: getAllChatsFlow: Registered 229 existing mappings, triggered 0 new migrations
03-08 19:24:18.310  5513  5513 D WhizRepository: getAllChatsFlow: Returning 0 optimistic + 373 server = 373 total chats
03-08 19:24:18.310  5513  5574 D WhizRepository: getAllChatsFlow: Returning 0 optimistic + 373 server = 373 total chats
03-08 19:24:18.536  5513  5513 D WhizAccessibilityService: Accessibility service created - state: CREATED
03-08 19:24:18.541  5513  5513 D WhizAccessibilityService: Accessibility service connected - state: CONNECTED
03-08 19:24:18.542  5513  5513 D WhizAccessibilityService: UI dump broadcast receiver registered
03-08 19:24:21.477  5513  5513 D WhizAccessibilityService: Accessibility service destroyed - state: DISCONNECTED
03-08 19:24:22.493  5513  5513 D WhizAccessibilityService: Accessibility service created - state: CREATED
03-08 19:24:22.504  5513  5513 D WhizAccessibilityService: Accessibility service connected - state: CONNECTED
03-08 19:24:22.508  5513  5513 D WhizAccessibilityService: UI dump broadcast receiver registered
03-08 19:24:23.444  5513  5513 D WhizAccessibilityService: Accessibility service destroyed - state: DISCONNECTED
03-08 19:24:24.459  5513  5513 D WhizAccessibilityService: Accessibility service created - state: CREATED
03-08 19:24:24.464  5513  5513 D WhizAccessibilityService: Accessibility service connected - state: CONNECTED
03-08 19:24:24.470  5513  5513 D WhizAccessibilityService: UI dump broadcast receiver registered
03-08 19:24:25.379  5513  5513 D ChatViewModel: 🔥 messages flow: Chat ID changed to -1
03-08 19:24:25.379  5513  5513 D WhizRepository: 🔥 REPOSITORY_DEBUG: getMessagesForChat called for chatId=-1
03-08 19:24:25.380  5513  5513 D ChatViewModel: TTS initialized successfully
03-08 19:24:25.380  5513  5513 D ChatViewModel: Init: Using remote agent. WebSocket will connect when sending first message or loading existing chat.
03-08 19:24:25.380  5513  5513 D ChatViewModel: Updated active conversation in ConnectionStateManager: -1
03-08 19:24:25.380  5513  5513 D ChatViewModel: Applying custom voice settings: speechRate=1.25, pitch=0.7
03-08 19:24:25.380  5513  5513 D ChatViewModel: Setting up app foreground event collection
03-08 19:24:25.380  5513  5513 D ChatViewModel: Started collecting app foreground events
03-08 19:24:25.380  5513  5513 D ChatViewModel: App foreground event received
03-08 19:24:25.380  5513  5513 D ChatViewModel: [LOG] onAppForegrounded called. continuousListeningEnabled=false, micPermissionGranted=true, chatId=-1
03-08 19:24:25.381  5513  5513 D ChatViewModel: Setting up app background event collection
03-08 19:24:25.381  5513  5513 D ChatViewModel: Started collecting app background events
03-08 19:24:25.381  5513  5513 D ChatViewModel: Started collecting bubble transcriptions
03-08 19:24:25.382  5513  5513 D ChatViewModel: 🧵 THREAD DEBUG: WebSocket collector starting on thread: main
03-08 19:24:25.386  5513  5513 I ChatViewModel: [TOOL_COLLECTOR] Starting tool result collector
03-08 19:24:25.452  5513  5513 D ChatViewModel: 🔥 loadChatWithVoiceMode STARTED for chatId: -1, voiceMode: false
03-08 19:24:25.454  5513  5513 D ChatViewModel: 🔥 STACK TRACE for loadChatWithVoiceMode:
03-08 19:24:25.454  5513  5513 D ChatViewModel: java.lang.Exception: Stack trace
03-08 19:24:25.454  5513  5513 D ChatViewModel: 	at com.example.whiz.ui.viewmodels.ChatViewModel.loadChatWithVoiceMode(ChatViewModel.kt:1372)
03-08 19:24:25.454  5513  5513 D ChatViewModel: 	at com.example.whiz.ui.viewmodels.ChatViewModel.loadChat(ChatViewModel.kt:1367)
03-08 19:24:25.454  5513  5513 D ChatViewModel: 	at com.example.whiz.ui.screens.ChatScreenKt$ChatScreen$14$1.invokeSuspend(ChatScreen.kt:744)
03-08 19:24:25.454  5513  5513 D ChatViewModel: 	at kotlin.coroutines.jvm.internal.BaseContinuationImpl.resumeWith(ContinuationImpl.kt:33)
03-08 19:24:25.454  5513  5513 D ChatViewModel: 	at kotlinx.coroutines.DispatchedTask.run(DispatchedTask.kt:101)
03-08 19:24:25.454  5513  5513 D ChatViewModel: 	at androidx.compose.ui.platform.AndroidUiDispatcher.performTrampolineDispatch(AndroidUiDispatcher.android.kt:81)
03-08 19:24:25.454  5513  5513 D ChatViewModel: 	at androidx.compose.ui.platform.AndroidUiDispatcher.access$performTrampolineDispatch(AndroidUiDispatcher.android.kt:41)
03-08 19:24:25.454  5513  5513 D ChatViewModel: 	at androidx.compose.ui.platform.AndroidUiDispatcher$dispatchCallback$1.run(AndroidUiDispatcher.android.kt:57)
03-08 19:24:25.454  5513  5513 D ChatViewModel: 	at android.os.Handler.handleCallback(Handler.java:959)
03-08 19:24:25.454  5513  5513 D ChatViewModel: 	at android.os.Handler.dispatchMessage(Handler.java:100)
03-08 19:24:25.454  5513  5513 D ChatViewModel: 	at android.os.Looper.loopOnce(Looper.java:232)
03-08 19:24:25.454  5513  5513 D ChatViewModel: 	at android.os.Looper.loop(Looper.java:317)
03-08 19:24:25.454  5513  5513 D ChatViewModel: 	at android.app.ActivityThread.main(ActivityThread.java:8705)
03-08 19:24:25.454  5513  5513 D ChatViewModel: 	at java.lang.reflect.Method.invoke(Native Method)
03-08 19:24:25.454  5513  5513 D ChatViewModel: 	at com.android.internal.os.RuntimeInit$MethodAndArgsCaller.run(RuntimeInit.java:580)
03-08 19:24:25.454  5513  5513 D ChatViewModel: 	at com.android.internal.os.ZygoteInit.main(ZygoteInit.java:886)
03-08 19:24:25.454  5513  5513 D ChatViewModel: [RACE_DEBUG] loadChatWithVoiceMode: Current input text: ''
03-08 19:24:25.455  5513  5513 D ChatViewModel: Loading chat -1. Current chat: -1, Pending requests: 0
03-08 19:24:25.456  5513  5513 D ChatViewModel: 🔥 loadChat: Setup for new chat (ID: -1), responding state reset to false
03-08 19:24:25.456  5513  5513 D ChatViewModel: 🔥 loadChat: Priming WebSocket connection for new chat
03-08 19:24:25.558  5513  5513 D ChatViewModel: [LOG] ensureContinuousListeningEnabled called. micPermissionGranted=true, continuousListeningEnabled=true, isListening=true, isSpeaking=false, isResponding=false
03-08 19:24:25.558  5513  5513 D ChatViewModel: [LOG] STACK TRACE: Called from:
03-08 19:24:25.558  5513  5513 D ChatViewModel: [LOG]   com.example.whiz.ui.screens.ChatScreenKt$ChatScreen$21$1.invokeSuspend:861
03-08 19:24:25.558  5513  5513 D ChatViewModel: [LOG]   kotlin.coroutines.jvm.internal.BaseContinuationImpl.resumeWith:33
03-08 19:24:25.558  5513  5513 D ChatViewModel: [LOG]   kotlinx.coroutines.DispatchedTask.run:101
03-08 19:24:25.558  5513  5513 D ChatViewModel: [LOG]   androidx.compose.ui.platform.AndroidUiDispatcher.performTrampolineDispatch:81
03-08 19:24:25.558  5513  5513 D ChatViewModel: [LOG]   androidx.compose.ui.platform.AndroidUiDispatcher.access$performTrampolineDispatch:41
03-08 19:24:25.558  5513  5513 D ChatViewModel: [LOG]   androidx.compose.ui.platform.AndroidUiDispatcher$dispatchCallback$1.run:57
03-08 19:24:25.558  5513  5513 D ChatViewModel: [LOG] Continuous listening already enabled, ensuring it's active
03-08 19:24:25.574  5513  5574 D WhizRepository: 🔥 REPOSITORY_DEBUG: getMessagesForChat called for chatId=-1
03-08 19:24:25.590  5513  5513 D ChatViewModel: 🔍 DEDUP_DEBUG: Processing 0 messages for chat -1:
03-08 19:24:25.590  5513  5513 D ChatViewModel: 🔥 MESSAGES_FLOW_DEBUG: Emitting 0 messages to UI for chat -1
03-08 19:24:25.606  5513  5513 D WhizRepository: refreshConversations: cleared ongoing conversation request tracking
03-08 19:24:25.607  5513  5513 D WhizRepository: fetchConversationsWithDeduplication: Starting new incremental_sync API request (aggressive: false)
03-08 19:24:25.607  5513  5513 D ChatViewModel: loadChat: Triggered conversations refresh for home page
03-08 19:24:25.607  5513  5513 D ChatViewModel: [LOG] loadChat: Preserving input text. Current value: ''
03-08 19:24:25.607  5513  5513 D ChatViewModel: [LOG] loadChat: Voice responses already OFF
03-08 19:24:25.607  5513  5513 D ChatViewModel: loadChat: Keeping listening state as-is (continuous or not listening)
03-08 19:24:25.608  5513  5513 D ChatViewModel: loadChat: Stopping TTS (isSpeaking: false)
03-08 19:24:25.608  5513  5677 D WhizRepository: fetchConversationsWithDeduplication: Reusing ongoing incremental_sync request
03-08 19:24:25.611  5513  5513 D ChatViewModel: loadChat: Speech services handled successfully
03-08 19:24:25.611  5513  5513 D ChatViewModel: 🔌 Checking WebSocket reconnect: configUseRemoteAgent=true, _chatId.value=-1, isConnected=false, persistentDisconnectForTest=false
03-08 19:24:25.611  5513  5513 D ChatViewModel: [LOG] Chat load complete - continuous listening preserved if it was enabled
03-08 19:24:25.611  5513  5513 D ChatViewModel: 🔥 loadChatWithVoiceMode COMPLETED for chatId: -1, final _chatId.value: -1
03-08 19:24:25.611  5513  5513 D ChatViewModel: [RACE_DEBUG] loadChatWithVoiceMode COMPLETED: Final input text: ''
03-08 19:24:25.697  5513  5513 D ChatViewModel: 🧵 THREAD DEBUG: Processing WebSocket event on thread: main
03-08 19:24:25.697  5513  5513 D ChatViewModel: WebSocketEvent.Connected: Called. isReconnectingAfterDisconnect=false
03-08 19:24:25.697  5513  5513 D ChatViewModel: WebSocketEvent.Connected: Resetting isDisconnectingForAuthError to false.
03-08 19:24:25.697  5513  5513 D ChatViewModel: WebSocketEvent.Connected: New chat (chatId=-1), skipping sync
03-08 19:24:25.708  5513  5513 D WhizRepository: fetchConversationsWithDeduplication: Retrieved 373 conversations via incremental_sync
03-08 19:24:25.708  5513  5513 D WhizRepository: fetchConversationsWithDeduplication: Cleaned up incremental_sync request tracking
03-08 19:24:25.709  5513  5513 D WhizRepository: 🔍 getAllChats: Got 373 chats from fetchConversationsWithDeduplication
03-08 19:24:25.709  5513  5513 D WhizRepository: 🔍 getAllChatsFlow: Got 373 chats from server
03-08 19:24:25.709  5513  5513 D WhizRepository:   - Server chat: id=15255, title='Hello Claude', optimisticChatId=-1773019612401
03-08 19:24:25.709  5513  5535 D WhizRepository: 🔍 getAllChats: Got 373 chats from fetchConversationsWithDeduplication
03-08 19:24:25.709  5513  5535 D WhizRepository: 🔍 getAllChatsFlow: Got 373 chats from server
03-08 19:24:25.709  5513  5535 D WhizRepository:   - Server chat: id=15255, title='Hello Claude', optimisticChatId=-1773019612401
03-08 19:24:25.709  5513  5535 D WhizRepository:   - Server chat: id=15242, title='send a WhatsApp message to Ruth Grace Wong saying ...', optimisticChatId=-1773018173298
03-08 19:24:25.709  5513  5535 D WhizRepository:   - Server chat: id=15241, title='send a WhatsApp message to Ruth Grace Wong saying ...', optimisticChatId=-1773018005849
03-08 19:24:25.709  5513  5535 D WhizRepository:   - Server chat: id=15229, title='send a WhatsApp message to +1(628)227-4544 saying ...', optimisticChatId=-1773017783402
03-08 19:24:25.709  5513  5535 D WhizRepository:   - Server chat: id=15193, title='log 400 calories on Fitbit', optimisticChatId=-1773014102694
03-08 19:24:25.709  5513  5535 D WhizRepository:   - Server chat: id=15192, title='log 400 calories on Fitbit', optimisticChatId=-1773014015678
03-08 19:24:25.709  5513  5535 D WhizRepository:   - Server chat: id=15155, title='log 350 calories on Fitbit', optimisticChatId=-1772948757792
03-08 19:24:25.709  5513  5535 D WhizRepository:   - Server chat: id=15154, title='log 350 calories on Fitbit', optimisticChatId=-1772948572890
03-08 19:24:25.709  5513  5535 D WhizRepository:   - Server chat: id=15153, title='find City Hall on Google Maps', optimisticChatId=-1772948417134
03-08 19:24:25.709  5513  5513 D WhizRepository:   - Server chat: id=15242, title='send a WhatsApp message to Ruth Grace Wong saying ...', optimisticChatId=-1773018173298
03-08 19:24:25.710  5513  5535 D WhizRepository:   - Server chat: id=15123, title='find City Hall on Google Maps', optimisticChatId=-1772930276320
03-08 19:24:25.710  5513  5535 D WhizRepository:   - Server chat: id=15122, title='find City Hall on Google Maps', optimisticChatId=-1772930194479
03-08 19:24:25.710  5513  5535 D WhizRepository:   - Server chat: id=15121, title='find City Hall on Google Maps', optimisticChatId=-1772930088086
03-08 19:24:25.710  5513  5535 D WhizRepository:   - Server chat: id=15099, title='find City Hall on Google Maps', optimisticChatId=-1772928212789
03-08 19:24:25.710  5513  5535 D WhizRepository:   - Server chat: id=15094, title='find City Hall on Google Maps', optimisticChatId=-1772927708891
03-08 19:24:25.710  5513  5535 D WhizRepository:   - Server chat: id=15070, title='find City Hall on Google Maps', optimisticChatId=-1772927504009
03-08 19:24:25.710  5513  5535 D WhizRepository:   - Server chat: id=15063, title='Hello Claude', optimisticChatId=-1772927427864
03-08 19:24:25.710  5513  5535 D WhizRepository:   - Server chat: id=12374, title='Hey is this working', optimisticChatId=-1771030236822
03-08 19:24:25.710  5513  5535 D WhizRepository:   - Server chat: id=12083, title='Play Golden from Kpop Demon Hunters on YouTube Mus...', optimisticChatId=-1770257841843
03-08 19:24:25.710  5513  5535 D WhizRepository:   - Server chat: id=12082, title='Play Golden from Kpop Demon Hunters on YouTube Mus...', optimisticChatId=-1770257670757
03-08 19:24:25.710  5513  5535 D WhizRepository:   - Server chat: id=12075, title='Play Golden from Kpop Demon Hunters on YouTube Mus...', optimisticChatId=-1770257361259
03-08 19:24:25.710  5513  5535 D WhizRepository:   - Server chat: id=12061, title='Play Golden from Kpop Demon Hunters on YouTube Mus...', optimisticChatId=-1770256958566
03-08 19:24:25.710  5513  5535 D WhizRepository:   - Server chat: id=12002, title='Play Golden from Kpop Demon Hunters on YouTube Mus...', optimisticChatId=-1770227725393
03-08 19:24:25.710  5513  5535 D WhizRepository:   - Server chat: id=11998, title='what are the trader joes near me ?', optimisticChatId=-1770225067290
03-08 19:24:25.710  5513  5535 D WhizRepository:   - Server chat: id=11997, title='Play Golden from Kpop Demon Hunters on YouTube Mus...', optimisticChatId=-1770224934167
03-08 19:24:25.710  5513  5535 D WhizRepository:   - Server chat: id=11993, title='what are the trader joes near me ?', optimisticChatId=-1770178493138
03-08 19:24:25.710  5513  5535 D WhizRepository:   - Server chat: id=11992, title='Play Golden from Kpop Demon Hunters on YouTube Mus...', optimisticChatId=-1770178365895
03-08 19:24:25.710  5513  5535 D WhizRepository:   - Server chat: id=11991, title='Hello, can you please send a WhatsApp message to +...', optimisticChatId=-1770178253135
03-08 19:24:25.710  5513  5535 D WhizRepository:   - Server chat: id=11986, title='Hello, can you please send a text message to Whiz ...', optimisticChatId=-1770165035892
03-08 19:24:25.710  5513  5535 D WhizRepository:   - Server chat: id=11985, title='what are the trader joes near me ?', optimisticChatId=-1770164956879
03-08 19:24:25.710  5513  5535 D WhizRepository:   - Server chat: id=11984, title='Play Golden from Kpop Demon Hunters on YouTube Mus...', optimisticChatId=-1770164832161
03-08 19:24:25.710  5513  5535 D WhizRepository:   - Server chat: id=11983, title='Hello, can you please send a WhatsApp message to +...', optimisticChatId=-1770164718282
03-08 19:24:25.710  5513  5535 D WhizRepository:   - Server chat: id=11967, title='Hello, can you please send a text message to Ruth ...', optimisticChatId=-1770078940679
03-08 19:24:25.710  5513  5535 D WhizRepository:   - Server chat: id=11966, title='what are the trader joes near me ?', optimisticChatId=-1770078784038
03-08 19:24:25.710  5513  5535 D WhizRepository:   - Server chat: id=11965, title='Play Golden from Kpop Demon Hunters on YouTube Mus...', optimisticChatId=-1770078660116
03-08 19:24:25.710  5513  5535 D WhizRepository:   - Server chat: id=11964, title='Hello, can you please send a WhatsApp message to +...', optimisticChatId=-1770078553212
03-08 19:24:25.710  5513  5535 D WhizRepository:   - Server chat: id=11962, title='Hello, can you please send a text message to Ruth ...', optimisticChatId=-1770069318240
03-08 19:24:25.710  5513  5535 D WhizRepository:   - Server chat: id=11961, title='Hello, can you please send a text message to Ruth ...', optimisticChatId=-1770067832189
03-08 19:24:25.710  5513  5535 D WhizRepository:   - Server chat: id=11960, title='Hello, can you please send a text message to Ruth ...', optimisticChatId=-1770067412135
03-08 19:24:25.710  5513  5535 D WhizRepository:   - Server chat: id=11959, title='what are the trader joes near me ?', optimisticChatId=-1770067257667
03-08 19:24:25.710  5513  5535 D WhizRepository:   - Server chat: id=11958, title='Play Golden from Kpop Demon Hunters on YouTube Mus...', optimisticChatId=-1770067114841
03-08 19:24:25.710  5513  5535 D WhizRepository:   - Server chat: id=11957, title='Hello, can you please send a WhatsApp message to +...', optimisticChatId=-1770067008009
03-08 19:24:25.710  5513  5535 D WhizRepository:   - Server chat: id=11954, title='Hello, can you please send a text message to Ruth ...', optimisticChatId=-1770057824179
03-08 19:24:25.710  5513  5535 D WhizRepository:   - Server chat: id=11953, title='what are the trader joes near me ?', optimisticChatId=-1770057666749
03-08 19:24:25.710  5513  5535 D WhizRepository:   - Server chat: id=11952, title='Play Golden from Kpop Demon Hunters on YouTube Mus...', optimisticChatId=-1770057542329
03-08 19:24:25.710  5513  5535 D WhizRepository:   - Server chat: id=11951, title='Hello, can you please send a WhatsApp message to +...', optimisticChatId=-1770057432877
03-08 19:24:25.710  5513  5535 D WhizRepository:   - Server chat: id=11950, title='Hello, can you please send a text message to Ruth ...', optimisticChatId=-1770057264228
03-08 19:24:25.710  5513  5535 D WhizRepository:   - Server chat: id=11949, title='Hello, can you please send a text message to Ruth ...', optimisticChatId=-1770056388576
03-08 19:24:25.710  5513  5535 D WhizRepository:   - Server chat: id=11948, title='what are the trader joes near me ?', optimisticChatId=-1770056228274
03-08 19:24:25.710  5513  5535 D WhizRepository:   - Server chat: id=11947, title='Play Golden from Kpop Demon Hunters on YouTube Mus...', optimisticChatId=-1770056104241
03-08 19:24:25.710  5513  5535 D WhizRepository:   - Server chat: id=11946, title='Hello, can you please send a WhatsApp message to +...', optimisticChatId=-1770055995260
03-08 19:24:25.710  5513  5535 D WhizRepository:   - Server chat: id=11941, title='How to find out if', optimisticChatId=-1770016740591
03-08 19:24:25.710  5513  5535 D WhizRepository:   - Server chat: id=11940, title='Oh my God you're like you daily bye', optimisticChatId=-1770016711305
03-08 19:24:25.710  5513  5535 D WhizRepository:   - Server chat: id=11939, title='what are the trader joes near me ?', optimisticChatId=-1770014384507
03-08 19:24:25.710  5513  5535 D WhizRepository:   - Server chat: id=11938, title='Kind of movies Kind of Lewis', optimisticChatId=-1770014291732
03-08 19:24:25.710  5513  5535 D WhizRepository:   - Server chat: id=11937, title='what are the trader joes near me ?', optimisticChatId=-1770014138436
03-08 19:24:25.710  5513  5535 D WhizRepository:   - Server chat: id=11936, title='what are the trader joes near me ?', optimisticChatId=-1770013036441
03-08 19:24:25.710  5513  5535 D WhizRepository:   - Server chat: id=11935, title='Hello, can you please send a text message to Ruth ...', optimisticChatId=-1770012885725
03-08 19:24:25.710  5513  5535 D WhizRepository:   - Server chat: id=11934, title='With the smart thing It's like really popular to h...', optimisticChatId=-1770012745107
03-08 19:24:25.710  5513  5535 D WhizRepository:   - Server chat: id=11933, title='Play Golden from Kpop Demon Hunters on YouTube Mus...', optimisticChatId=-1770012626645
03-08 19:24:25.710  5513  5535 D WhizRepository:   - Server chat: id=11932, title='Hello, can you please send a WhatsApp message to +...', optimisticChatId=-1770012521069
03-08 19:24:25.710  5513  5535 D WhizRepository:   - Server chat: id=11921, title='Hello Claude', optimisticChatId=-1770012180383
03-08 19:24:25.710  5513  5535 D WhizRepository:   - Server chat: id=11894, title='Play Golden from Kpop Demon Hunters on YouTube Mus...', optimisticChatId=-1769999456902
03-08 19:24:25.710  5513  5535 D WhizRepository:   - Server chat: id=11893, title='Hello, can you please send a WhatsApp message to +...', optimisticChatId=-1769999373049
03-08 19:24:25.710  5513  5535 D WhizRepository:   - Server chat: id=11882, title='Hello Claude', optimisticChatId=-1769998996340
03-08 19:24:25.710  5513  5535 D WhizRepository:   - Server chat: id=11867, title='what are the trader joes near me ?', optimisticChatId=-1769985662430
03-08 19:24:25.710  5513  5535 D WhizRepository:   - Server chat: id=11873, title='How to catch my', optimisticChatId=-1769989517500
03-08 19:24:25.710  5513  5535 D WhizRepository:   - Server chat: id=11872, title='what are the trader joes near me ?', optimisticChatId=-1769986828173
03-08 19:24:25.710  5513  5535 D WhizRepository:   - Server chat: id=11870, title='what are the trader joes near me ?', optimisticChatId=-1769986224025
03-08 19:24:25.710  5513  5535 D WhizRepository:   - Server chat: id=11869, title='Play Golden from Kpop Demon Hunters on YouTube Mus...', optimisticChatId=-1769986076606
03-08 19:24:25.710  5513  5535 D WhizRepository:   - Server chat: id=11868, title='Hello, can you please send a WhatsApp message to +...', optimisticChatId=-1769985962663
03-08 19:24:25.710  5513  5535 D WhizRepository:   - Server chat: id=11866, title='what are the trader joes near me ?', optimisticChatId=-1769985449765
03-08 19:24:25.710  5513  5535 D WhizRepository:   - Server chat: id=11865, title='Hello, can you please send a text message to Ruth ...', optimisticChatId=-1769983934627
03-08 19:24:25.710  5513  5535 D WhizRepository:   - Server chat: id=11864, title='Play Golden from Kpop Demon Hunters on YouTube Mus...', optimisticChatId=-1769983649461
03-08 19:24:25.710  5513  5535 D WhizRepository:   - Server chat: id=11863, title='Hello, can you please send a WhatsApp message to +...', optimisticChatId=-1769983544400
03-08 19:24:25.710  5513  5535 D WhizRepository:   - Server chat: id=11862, title='Play Golden from Kpop Demon Hunters on YouTube Mus...', optimisticChatId=-1769983452421
03-08 19:24:25.710  5513  5535 D WhizRepository:   - Server chat: id=11861, title='Hello, can you please send a WhatsApp message to +...', optimisticChatId=-1769983347548
03-08 19:24:25.710  5513  5535 D WhizRepository:   - Server chat: id=11860, title='Hello, can you please send a WhatsApp message to +...', optimisticChatId=-1769983219282
03-08 19:24:25.710  5513  5535 D WhizRepository:   - Server chat: id=11859, title='what are the trader joes near me ?', optimisticChatId=-1769977085542
03-08 19:24:25.710  5513  5535 D WhizRepository:   - Server chat: id=11858, title='Play Golden from Kpop Demon Hunters on YouTube Mus...', optimisticChatId=-1769976927302
03-08 19:24:25.710  5513  5535 D WhizRepository:   - Server chat: id=11857, title='Hello, can you please send a WhatsApp message to +...', optimisticChatId=-1769976815877
03-08 19:24:25.710  5513  5535 D WhizRepository:   - Server chat: id=11856, title='Hello, can you please send a text message to Ruth ...', optimisticChatId=-1769976479998
03-08 19:24:25.710  5513  5535 D WhizRepository:   - Server chat: id=11855, title='These people with schizophrenia get online and the...', optimisticChatId=-1769976422469
03-08 19:24:25.710  5513  5535 D WhizRepository:   - Server chat: id=11854, title='I'm working on an Android app', optimisticChatId=-1769976357917
03-08 19:24:25.710  5513  5535 D WhizRepository:   - Server chat: id=11853, title='You match your surroundings the green umbrella and...', optimisticChatId=-1769976311106
03-08 19:24:25.710  5513  5535 D WhizRepository:   - Server chat: id=11852, title='Hello, can you please send a WhatsApp message to +...', optimisticChatId=-1769976165665
03-08 19:24:25.710  5513  5535 D WhizRepository:   - Server chat: id=11851, title='Hello, can you please send a text message to Ruth ...', optimisticChatId=-1769975903266
03-08 19:24:25.710  5513  5535 D WhizRepository:   - Server chat: id=11839, title='Hello, can you please send a text message to Whiz ...', optimisticChatId=-1769912820834
03-08 19:24:25.710  5513  5535 D WhizRepository:   - Server chat: id=11838, title='Hello, can you please send a text message to Whiz ...', optimisticChatId=-1769912441518
03-08 19:24:25.710  5513  5535 D WhizRepository:   - Server chat: id=11837, title='Hello, can you please send a text message to Whiz ...', optimisticChatId=-1769912113965
03-08 19:24:25.710  5513  5535 D WhizRepository:   - Server chat: id=11836, title='Hello, can you please send a text message to Whiz ...', optimisticChatId=-1769911838198
03-08 19:24:25.710  5513  5535 D WhizRepository:   - Server chat: id=11835, title='Hello, can you please send a text message to Whiz ...', optimisticChatId=-1769911578282
03-08 19:24:25.710  5513  5535 D WhizRepository:   - Server chat: id=11834, title='Hello, can you please send a text message to Whiz ...', optimisticChatId=-1769910889129
03-08 19:24:25.710  5513  5535 D WhizRepository:   - Server chat: id=11833, title='Hello, can you please send a text message to Whiz ...', optimisticChatId=-1769910131338
03-08 19:24:25.710  5513  5535 D WhizRepository:   - Server chat: id=11832, title='what are the trader joes near me ?', optimisticChatId=-1769909928176
